<!doctype html public "-//w3c//dtd html 4.0 transitional//en">
<html><head>
<title>Static Call Graph - [.\OUT\MONITOR.axf]</title></head>
<body><HR>
<H1>Static Call Graph for image .\OUT\MONITOR.axf</H1><HR>
<BR><P>#&#060CALLGRAPH&#062# ARM Linker, 5060422: Last Updated: Fri Dec 04 17:47:49 2020
<BR><P>
<H3>Maximum Stack Usage =       8788 bytes + Unknown(Functions without stacksize, Cycles, Untraceable Function Pointers)</H3><H3>
Call chain for Maximum Stack Depth:</H3>
main &rArr; RecordInit &rArr; ChargingRecordInit &rArr; InsertChargeRecord &rArr; f_open &rArr; follow_path &rArr; dir_find &rArr; dir_next &rArr; create_chain &rArr; put_fat &rArr; move_window &rArr; sync_window &rArr; disk_write &rArr; MS_BulkSend &rArr; Fill_MSCommand &rArr; WriteLE32U
<P>
<H3>
Functions with no stack information
</H3><UL>
 <LI><a href="#[45]">OS_ENTER_CRITICAL</a>
 <LI><a href="#[44]">OS_EXIT_CRITICAL</a>
 <LI><a href="#[1d6]">OSStartHighRdy</a>
 <LI><a href="#[1dc]">OSCtxSw</a>
 <LI><a href="#[1cb]">OSIntCtxSw</a>
 <LI><a href="#[e]">PendSV_Handler</a>
 <LI><a href="#[293]">intDisAll</a>
</UL>
</UL>
<P>
<H3>
Mutually Recursive functions
</H3> <LI><a href="#[7]">NMI_Handler</a>&nbsp;&nbsp;&nbsp;&rArr;&nbsp;&nbsp;&nbsp;<a href="#[7]">NMI_Handler</a><BR>
 <LI><a href="#[8]">HardFault_Handler</a>&nbsp;&nbsp;&nbsp;&rArr;&nbsp;&nbsp;&nbsp;<a href="#[8]">HardFault_Handler</a><BR>
 <LI><a href="#[9]">MemManage_Handler</a>&nbsp;&nbsp;&nbsp;&rArr;&nbsp;&nbsp;&nbsp;<a href="#[9]">MemManage_Handler</a><BR>
 <LI><a href="#[a]">BusFault_Handler</a>&nbsp;&nbsp;&nbsp;&rArr;&nbsp;&nbsp;&nbsp;<a href="#[a]">BusFault_Handler</a><BR>
 <LI><a href="#[b]">UsageFault_Handler</a>&nbsp;&nbsp;&nbsp;&rArr;&nbsp;&nbsp;&nbsp;<a href="#[b]">UsageFault_Handler</a><BR>
 <LI><a href="#[c]">SVC_Handler</a>&nbsp;&nbsp;&nbsp;&rArr;&nbsp;&nbsp;&nbsp;<a href="#[c]">SVC_Handler</a><BR>
 <LI><a href="#[d]">DebugMon_Handler</a>&nbsp;&nbsp;&nbsp;&rArr;&nbsp;&nbsp;&nbsp;<a href="#[d]">DebugMon_Handler</a><BR>
 <LI><a href="#[26]">ADC_IRQHandler</a>&nbsp;&nbsp;&nbsp;&rArr;&nbsp;&nbsp;&nbsp;<a href="#[26]">ADC_IRQHandler</a><BR>
</UL>
<P>
<H3>
Function Pointers
</H3><UL>
 <LI><a href="#[26]">ADC_IRQHandler</a> from startup_lpc177x_8x.o(.text) referenced from startup_lpc177x_8x.o(RESET)
 <LI><a href="#[27]">BOD_IRQHandler</a> from startup_lpc177x_8x.o(.text) referenced from startup_lpc177x_8x.o(RESET)
 <LI><a href="#[a]">BusFault_Handler</a> from startup_lpc177x_8x.o(.text) referenced from startup_lpc177x_8x.o(RESET)
 <LI><a href="#[32]">CANActivity_IRQHandler</a> from startup_lpc177x_8x.o(.text) referenced from startup_lpc177x_8x.o(RESET)
 <LI><a href="#[29]">CAN_IRQHandler</a> from can.o(i.CAN_IRQHandler) referenced from startup_lpc177x_8x.o(RESET)
 <LI><a href="#[4e]">CardTask</a> from cardtask.o(i.CardTask) referenced from app.o(i.main)
 <LI><a href="#[4a]">ChargeTask</a> from chginterface.o(i.ChargeTask) referenced from app.o(i.main)
 <LI><a href="#[2a]">DMA_IRQHandler</a> from startup_lpc177x_8x.o(.text) referenced from startup_lpc177x_8x.o(RESET)
 <LI><a href="#[d]">DebugMon_Handler</a> from startup_lpc177x_8x.o(.text) referenced from startup_lpc177x_8x.o(RESET)
 <LI><a href="#[22]">EINT0_IRQHandler</a> from startup_lpc177x_8x.o(.text) referenced from startup_lpc177x_8x.o(RESET)
 <LI><a href="#[23]">EINT1_IRQHandler</a> from startup_lpc177x_8x.o(.text) referenced from startup_lpc177x_8x.o(RESET)
 <LI><a href="#[24]">EINT2_IRQHandler</a> from startup_lpc177x_8x.o(.text) referenced from startup_lpc177x_8x.o(RESET)
 <LI><a href="#[25]">EINT3_IRQHandler</a> from startup_lpc177x_8x.o(.text) referenced from startup_lpc177x_8x.o(RESET)
 <LI><a href="#[2c]">ENET_IRQHandler</a> from startup_lpc177x_8x.o(.text) referenced from startup_lpc177x_8x.o(RESET)
 <LI><a href="#[4d]">ElmTask</a> from elmtask.o(i.ElmTask) referenced from app.o(i.main)
 <LI><a href="#[36]">GPIO_IRQHandler</a> from startup_lpc177x_8x.o(.text) referenced from startup_lpc177x_8x.o(RESET)
 <LI><a href="#[8]">HardFault_Handler</a> from startup_lpc177x_8x.o(.text) referenced from startup_lpc177x_8x.o(RESET)
 <LI><a href="#[1a]">I2C0_IRQHandler</a> from startup_lpc177x_8x.o(.text) referenced from startup_lpc177x_8x.o(RESET)
 <LI><a href="#[1b]">I2C1_IRQHandler</a> from startup_lpc177x_8x.o(.text) referenced from startup_lpc177x_8x.o(RESET)
 <LI><a href="#[1c]">I2C2_IRQHandler</a> from startup_lpc177x_8x.o(.text) referenced from startup_lpc177x_8x.o(RESET)
 <LI><a href="#[2b]">I2S_IRQHandler</a> from startup_lpc177x_8x.o(.text) referenced from startup_lpc177x_8x.o(RESET)
 <LI><a href="#[38]">KFLASH_IRQHandler</a> from startup_lpc177x_8x.o(.text) referenced from startup_lpc177x_8x.o(RESET)
 <LI><a href="#[35]">LCD_IRQHandler</a> from startup_lpc177x_8x.o(.text) referenced from startup_lpc177x_8x.o(RESET)
 <LI><a href="#[2d]">MCI_IRQHandler</a> from startup_lpc177x_8x.o(.text) referenced from startup_lpc177x_8x.o(RESET)
 <LI><a href="#[2e]">MCPWM_IRQHandler</a> from startup_lpc177x_8x.o(.text) referenced from startup_lpc177x_8x.o(RESET)
 <LI><a href="#[49]">MainTask</a> from maintask.o(i.MainTask) referenced from app.o(i.main)
 <LI><a href="#[9]">MemManage_Handler</a> from startup_lpc177x_8x.o(.text) referenced from startup_lpc177x_8x.o(RESET)
 <LI><a href="#[7]">NMI_Handler</a> from startup_lpc177x_8x.o(.text) referenced from startup_lpc177x_8x.o(RESET)
 <LI><a href="#[4c]">NetTask</a> from nettask.o(i.NetTask) referenced from app.o(i.main)
 <LI><a href="#[3f]">OSTaskSwHook</a> from os_cpu_c.o(i.OSTaskSwHook) referenced from os_cpu_a.o(UCOSII_ASM)
 <LI><a href="#[45]">OS_ENTER_CRITICAL</a> from os_cpu_a.o(UCOSII_ASM) referenced from ethernet.o(i.EthInit)
 <LI><a href="#[44]">OS_EXIT_CRITICAL</a> from os_cpu_a.o(UCOSII_ASM) referenced from ethernet.o(i.EthInit)
 <LI><a href="#[46]">OS_TaskIdle</a> from os_core.o(i.OS_TaskIdle) referenced from os_core.o(i.OS_InitTaskIdle)
 <LI><a href="#[47]">OS_TaskStat</a> from os_core.o(i.OS_TaskStat) referenced from os_core.o(i.OS_InitTaskStat)
 <LI><a href="#[20]">PLL0_IRQHandler</a> from startup_lpc177x_8x.o(.text) referenced from startup_lpc177x_8x.o(RESET)
 <LI><a href="#[30]">PLL1_IRQHandler</a> from startup_lpc177x_8x.o(.text) referenced from startup_lpc177x_8x.o(RESET)
 <LI><a href="#[37]">PWM0_IRQHandler</a> from startup_lpc177x_8x.o(.text) referenced from startup_lpc177x_8x.o(RESET)
 <LI><a href="#[19]">PWM1_IRQHandler</a> from startup_lpc177x_8x.o(.text) referenced from startup_lpc177x_8x.o(RESET)
 <LI><a href="#[e]">PendSV_Handler</a> from os_cpu_a.o(UCOSII_ASM) referenced from startup_lpc177x_8x.o(RESET)
 <LI><a href="#[2f]">QEI_IRQHandler</a> from startup_lpc177x_8x.o(.text) referenced from startup_lpc177x_8x.o(RESET)
 <LI><a href="#[21]">RTC_IRQHandler</a> from startup_lpc177x_8x.o(.text) referenced from startup_lpc177x_8x.o(RESET)
 <LI><a href="#[6]">Reset_Handler</a> from startup_lpc177x_8x.o(.text) referenced from startup_lpc177x_8x.o(RESET)
 <LI><a href="#[1d]">SPIFI_IRQHandler</a> from startup_lpc177x_8x.o(.text) referenced from startup_lpc177x_8x.o(RESET)
 <LI><a href="#[43]">SPI_RecvByte</a> from ethernet.o(i.SPI_RecvByte) referenced from ethernet.o(i.EthInit)
 <LI><a href="#[42]">SPI_SendByte</a> from ethernet.o(i.SPI_SendByte) referenced from ethernet.o(i.EthInit)
 <LI><a href="#[1e]">SSP0_IRQHandler</a> from startup_lpc177x_8x.o(.text) referenced from startup_lpc177x_8x.o(RESET)
 <LI><a href="#[1f]">SSP1_IRQHandler</a> from startup_lpc177x_8x.o(.text) referenced from startup_lpc177x_8x.o(RESET)
 <LI><a href="#[34]">SSP2_IRQHandler</a> from startup_lpc177x_8x.o(.text) referenced from startup_lpc177x_8x.o(RESET)
 <LI><a href="#[c]">SVC_Handler</a> from startup_lpc177x_8x.o(.text) referenced from startup_lpc177x_8x.o(RESET)
 <LI><a href="#[f]">SysTick_Handler</a> from os_cpu_c.o(i.SysTick_Handler) referenced from startup_lpc177x_8x.o(RESET)
 <LI><a href="#[11]">TIMER0_IRQHandler</a> from timer.o(i.TIMER0_IRQHandler) referenced from startup_lpc177x_8x.o(RESET)
 <LI><a href="#[12]">TIMER1_IRQHandler</a> from startup_lpc177x_8x.o(.text) referenced from startup_lpc177x_8x.o(RESET)
 <LI><a href="#[13]">TIMER2_IRQHandler</a> from startup_lpc177x_8x.o(.text) referenced from startup_lpc177x_8x.o(RESET)
 <LI><a href="#[14]">TIMER3_IRQHandler</a> from startup_lpc177x_8x.o(.text) referenced from startup_lpc177x_8x.o(RESET)
 <LI><a href="#[4b]">TaskProtocolHandle</a> from protocol.o(i.TaskProtocolHandle) referenced from app.o(i.main)
 <LI><a href="#[15]">UART0_IRQHandler</a> from uart.o(i.UART0_IRQHandler) referenced from startup_lpc177x_8x.o(RESET)
 <LI><a href="#[16]">UART1_IRQHandler</a> from uart.o(i.UART1_IRQHandler) referenced from startup_lpc177x_8x.o(RESET)
 <LI><a href="#[17]">UART2_IRQHandler</a> from uart.o(i.UART2_IRQHandler) referenced from startup_lpc177x_8x.o(RESET)
 <LI><a href="#[18]">UART3_IRQHandler</a> from uart.o(i.UART3_IRQHandler) referenced from startup_lpc177x_8x.o(RESET)
 <LI><a href="#[33]">UART4_IRQHandler</a> from uart.o(i.UART4_IRQHandler) referenced from startup_lpc177x_8x.o(RESET)
 <LI><a href="#[31]">USBActivity_IRQHandler</a> from startup_lpc177x_8x.o(.text) referenced from startup_lpc177x_8x.o(RESET)
 <LI><a href="#[28]">USB_IRQHandler</a> from lpc177x_8x_usbhost.o(i.USB_IRQHandler) referenced from startup_lpc177x_8x.o(RESET)
 <LI><a href="#[b]">UsageFault_Handler</a> from startup_lpc177x_8x.o(.text) referenced from startup_lpc177x_8x.o(RESET)
 <LI><a href="#[40]">W5500_CS_Deselect</a> from ethernet.o(i.W5500_CS_Deselect) referenced from ethernet.o(i.EthInit)
 <LI><a href="#[41]">W5500_CS_Select</a> from ethernet.o(i.W5500_CS_Select) referenced from ethernet.o(i.EthInit)
 <LI><a href="#[10]">WDT_IRQHandler</a> from startup_lpc177x_8x.o(.text) referenced from startup_lpc177x_8x.o(RESET)
 <LI><a href="#[3a]">__main</a> from entry.o(.ARM.Collect$$$$00000000) referenced from startup_lpc177x_8x.o(.text)
 <LI><a href="#[3c]">_sbackspace</a> from _sgetc.o(.text) referenced from __0sscanf.o(.text)
 <LI><a href="#[3d]">_scanf_char_input</a> from scanf_char.o(.text) referenced from scanf_char.o(.text)
 <LI><a href="#[3b]">_sgetc</a> from _sgetc.o(.text) referenced from __0sscanf.o(.text)
 <LI><a href="#[48]">_sputc</a> from printf8.o(i._sputc) referenced from printf8.o(i.__0sprintf$8)
 <LI><a href="#[3e]">isspace</a> from isspace_o.o(.text) referenced from scanf_char.o(.text)
 <LI><a href="#[39]">main</a> from app.o(i.main) referenced from entry9a.o(.ARM.Collect$$$$0000000B)
 <LI><a href="#[4]">wizchip_bus_readdata</a> from wizchip_conf.o(i.wizchip_bus_readdata) referenced 2 times from wizchip_conf.o(.data)
 <LI><a href="#[5]">wizchip_bus_writedata</a> from wizchip_conf.o(i.wizchip_bus_writedata) referenced 2 times from wizchip_conf.o(.data)
 <LI><a href="#[0]">wizchip_cris_enter</a> from wizchip_conf.o(i.wizchip_cris_enter) referenced 2 times from wizchip_conf.o(.data)
 <LI><a href="#[0]">wizchip_cris_enter</a> from wizchip_conf.o(i.wizchip_cris_enter) referenced from wizchip_conf.o(i.reg_wizchip_cris_cbfunc)
 <LI><a href="#[1]">wizchip_cris_exit</a> from wizchip_conf.o(i.wizchip_cris_exit) referenced 2 times from wizchip_conf.o(.data)
 <LI><a href="#[1]">wizchip_cris_exit</a> from wizchip_conf.o(i.wizchip_cris_exit) referenced from wizchip_conf.o(i.reg_wizchip_cris_cbfunc)
 <LI><a href="#[3]">wizchip_cs_deselect</a> from wizchip_conf.o(i.wizchip_cs_deselect) referenced 2 times from wizchip_conf.o(.data)
 <LI><a href="#[3]">wizchip_cs_deselect</a> from wizchip_conf.o(i.wizchip_cs_deselect) referenced from wizchip_conf.o(i.reg_wizchip_cs_cbfunc)
 <LI><a href="#[2]">wizchip_cs_select</a> from wizchip_conf.o(i.wizchip_cs_select) referenced 2 times from wizchip_conf.o(.data)
 <LI><a href="#[2]">wizchip_cs_select</a> from wizchip_conf.o(i.wizchip_cs_select) referenced from wizchip_conf.o(i.reg_wizchip_cs_cbfunc)
 <LI><a href="#[4f]">wizchip_spi_readbyte</a> from wizchip_conf.o(i.wizchip_spi_readbyte) referenced from wizchip_conf.o(i.reg_wizchip_spi_cbfunc)
 <LI><a href="#[50]">wizchip_spi_writebyte</a> from wizchip_conf.o(i.wizchip_spi_writebyte) referenced from wizchip_conf.o(i.reg_wizchip_spi_cbfunc)
</UL>
<P>
<H3>
Global Symbols
</H3>
<P><STRONG><a name="[3a]"></a>__main</STRONG> (Thumb, 0 bytes, Stack size unknown bytes, entry.o(.ARM.Collect$$$$00000000))
<BR>[Address Reference Count : 1]<UL><LI> startup_lpc177x_8x.o(.text)
</UL>
<P><STRONG><a name="[284]"></a>_main_stk</STRONG> (Thumb, 0 bytes, Stack size unknown bytes, entry2.o(.ARM.Collect$$$$00000001))

<P><STRONG><a name="[51]"></a>_main_scatterload</STRONG> (Thumb, 0 bytes, Stack size unknown bytes, entry5.o(.ARM.Collect$$$$00000004))
<BR><BR>[Calls]<UL><LI><a href="#[52]">&gt;&gt;</a>&nbsp;&nbsp;&nbsp;__scatterload
</UL>

<P><STRONG><a name="[64]"></a>__main_after_scatterload</STRONG> (Thumb, 0 bytes, Stack size unknown bytes, entry5.o(.ARM.Collect$$$$00000004))
<BR><BR>[Called By]<UL><LI><a href="#[52]">&gt;&gt;</a>&nbsp;&nbsp;&nbsp;__scatterload
</UL>

<P><STRONG><a name="[285]"></a>_main_clock</STRONG> (Thumb, 0 bytes, Stack size unknown bytes, entry7b.o(.ARM.Collect$$$$00000008))

<P><STRONG><a name="[286]"></a>_main_cpp_init</STRONG> (Thumb, 0 bytes, Stack size unknown bytes, entry8b.o(.ARM.Collect$$$$0000000A))

<P><STRONG><a name="[287]"></a>_main_init</STRONG> (Thumb, 0 bytes, Stack size unknown bytes, entry9a.o(.ARM.Collect$$$$0000000B))

<P><STRONG><a name="[288]"></a>__rt_final_cpp</STRONG> (Thumb, 0 bytes, Stack size unknown bytes, entry10a.o(.ARM.Collect$$$$0000000D))

<P><STRONG><a name="[289]"></a>__rt_final_exit</STRONG> (Thumb, 0 bytes, Stack size unknown bytes, entry11a.o(.ARM.Collect$$$$0000000F))

<P><STRONG><a name="[6]"></a>Reset_Handler</STRONG> (Thumb, 4 bytes, Stack size 0 bytes, startup_lpc177x_8x.o(.text))
<BR>[Address Reference Count : 1]<UL><LI> startup_lpc177x_8x.o(RESET)
</UL>
<P><STRONG><a name="[7]"></a>NMI_Handler</STRONG> (Thumb, 2 bytes, Stack size 0 bytes, startup_lpc177x_8x.o(.text))
<BR><BR>[Calls]<UL><LI><a href="#[7]">&gt;&gt;</a>&nbsp;&nbsp;&nbsp;NMI_Handler
</UL>
<BR>[Called By]<UL><LI><a href="#[7]">&gt;&gt;</a>&nbsp;&nbsp;&nbsp;NMI_Handler
</UL>
<BR>[Address Reference Count : 1]<UL><LI> startup_lpc177x_8x.o(RESET)
</UL>
<P><STRONG><a name="[8]"></a>HardFault_Handler</STRONG> (Thumb, 2 bytes, Stack size 0 bytes, startup_lpc177x_8x.o(.text))
<BR><BR>[Calls]<UL><LI><a href="#[8]">&gt;&gt;</a>&nbsp;&nbsp;&nbsp;HardFault_Handler
</UL>
<BR>[Called By]<UL><LI><a href="#[8]">&gt;&gt;</a>&nbsp;&nbsp;&nbsp;HardFault_Handler
</UL>
<BR>[Address Reference Count : 1]<UL><LI> startup_lpc177x_8x.o(RESET)
</UL>
<P><STRONG><a name="[9]"></a>MemManage_Handler</STRONG> (Thumb, 2 bytes, Stack size 0 bytes, startup_lpc177x_8x.o(.text))
<BR><BR>[Calls]<UL><LI><a href="#[9]">&gt;&gt;</a>&nbsp;&nbsp;&nbsp;MemManage_Handler
</UL>
<BR>[Called By]<UL><LI><a href="#[9]">&gt;&gt;</a>&nbsp;&nbsp;&nbsp;MemManage_Handler
</UL>
<BR>[Address Reference Count : 1]<UL><LI> startup_lpc177x_8x.o(RESET)
</UL>
<P><STRONG><a name="[a]"></a>BusFault_Handler</STRONG> (Thumb, 2 bytes, Stack size 0 bytes, startup_lpc177x_8x.o(.text))
<BR><BR>[Calls]<UL><LI><a href="#[a]">&gt;&gt;</a>&nbsp;&nbsp;&nbsp;BusFault_Handler
</UL>
<BR>[Called By]<UL><LI><a href="#[a]">&gt;&gt;</a>&nbsp;&nbsp;&nbsp;BusFault_Handler
</UL>
<BR>[Address Reference Count : 1]<UL><LI> startup_lpc177x_8x.o(RESET)
</UL>
<P><STRONG><a name="[b]"></a>UsageFault_Handler</STRONG> (Thumb, 2 bytes, Stack size 0 bytes, startup_lpc177x_8x.o(.text))
<BR><BR>[Calls]<UL><LI><a href="#[b]">&gt;&gt;</a>&nbsp;&nbsp;&nbsp;UsageFault_Handler
</UL>
<BR>[Called By]<UL><LI><a href="#[b]">&gt;&gt;</a>&nbsp;&nbsp;&nbsp;UsageFault_Handler
</UL>
<BR>[Address Reference Count : 1]<UL><LI> startup_lpc177x_8x.o(RESET)
</UL>
<P><STRONG><a name="[c]"></a>SVC_Handler</STRONG> (Thumb, 2 bytes, Stack size 0 bytes, startup_lpc177x_8x.o(.text))
<BR><BR>[Calls]<UL><LI><a href="#[c]">&gt;&gt;</a>&nbsp;&nbsp;&nbsp;SVC_Handler
</UL>
<BR>[Called By]<UL><LI><a href="#[c]">&gt;&gt;</a>&nbsp;&nbsp;&nbsp;SVC_Handler
</UL>
<BR>[Address Reference Count : 1]<UL><LI> startup_lpc177x_8x.o(RESET)
</UL>
<P><STRONG><a name="[d]"></a>DebugMon_Handler</STRONG> (Thumb, 2 bytes, Stack size 0 bytes, startup_lpc177x_8x.o(.text))
<BR><BR>[Calls]<UL><LI><a href="#[d]">&gt;&gt;</a>&nbsp;&nbsp;&nbsp;DebugMon_Handler
</UL>
<BR>[Called By]<UL><LI><a href="#[d]">&gt;&gt;</a>&nbsp;&nbsp;&nbsp;DebugMon_Handler
</UL>
<BR>[Address Reference Count : 1]<UL><LI> startup_lpc177x_8x.o(RESET)
</UL>
<P><STRONG><a name="[26]"></a>ADC_IRQHandler</STRONG> (Thumb, 0 bytes, Stack size 0 bytes, startup_lpc177x_8x.o(.text))
<BR><BR>[Calls]<UL><LI><a href="#[26]">&gt;&gt;</a>&nbsp;&nbsp;&nbsp;ADC_IRQHandler
</UL>
<BR>[Called By]<UL><LI><a href="#[26]">&gt;&gt;</a>&nbsp;&nbsp;&nbsp;ADC_IRQHandler
</UL>
<BR>[Address Reference Count : 1]<UL><LI> startup_lpc177x_8x.o(RESET)
</UL>
<P><STRONG><a name="[27]"></a>BOD_IRQHandler</STRONG> (Thumb, 0 bytes, Stack size 0 bytes, startup_lpc177x_8x.o(.text))
<BR>[Address Reference Count : 1]<UL><LI> startup_lpc177x_8x.o(RESET)
</UL>
<P><STRONG><a name="[32]"></a>CANActivity_IRQHandler</STRONG> (Thumb, 0 bytes, Stack size 0 bytes, startup_lpc177x_8x.o(.text))
<BR>[Address Reference Count : 1]<UL><LI> startup_lpc177x_8x.o(RESET)
</UL>
<P><STRONG><a name="[2a]"></a>DMA_IRQHandler</STRONG> (Thumb, 0 bytes, Stack size 0 bytes, startup_lpc177x_8x.o(.text))
<BR>[Address Reference Count : 1]<UL><LI> startup_lpc177x_8x.o(RESET)
</UL>
<P><STRONG><a name="[22]"></a>EINT0_IRQHandler</STRONG> (Thumb, 0 bytes, Stack size 0 bytes, startup_lpc177x_8x.o(.text))
<BR>[Address Reference Count : 1]<UL><LI> startup_lpc177x_8x.o(RESET)
</UL>
<P><STRONG><a name="[23]"></a>EINT1_IRQHandler</STRONG> (Thumb, 0 bytes, Stack size 0 bytes, startup_lpc177x_8x.o(.text))
<BR>[Address Reference Count : 1]<UL><LI> startup_lpc177x_8x.o(RESET)
</UL>
<P><STRONG><a name="[24]"></a>EINT2_IRQHandler</STRONG> (Thumb, 0 bytes, Stack size 0 bytes, startup_lpc177x_8x.o(.text))
<BR>[Address Reference Count : 1]<UL><LI> startup_lpc177x_8x.o(RESET)
</UL>
<P><STRONG><a name="[25]"></a>EINT3_IRQHandler</STRONG> (Thumb, 0 bytes, Stack size 0 bytes, startup_lpc177x_8x.o(.text))
<BR>[Address Reference Count : 1]<UL><LI> startup_lpc177x_8x.o(RESET)
</UL>
<P><STRONG><a name="[2c]"></a>ENET_IRQHandler</STRONG> (Thumb, 0 bytes, Stack size 0 bytes, startup_lpc177x_8x.o(.text))
<BR>[Address Reference Count : 1]<UL><LI> startup_lpc177x_8x.o(RESET)
</UL>
<P><STRONG><a name="[36]"></a>GPIO_IRQHandler</STRONG> (Thumb, 0 bytes, Stack size 0 bytes, startup_lpc177x_8x.o(.text))
<BR>[Address Reference Count : 1]<UL><LI> startup_lpc177x_8x.o(RESET)
</UL>
<P><STRONG><a name="[1a]"></a>I2C0_IRQHandler</STRONG> (Thumb, 0 bytes, Stack size 0 bytes, startup_lpc177x_8x.o(.text))
<BR>[Address Reference Count : 1]<UL><LI> startup_lpc177x_8x.o(RESET)
</UL>
<P><STRONG><a name="[1b]"></a>I2C1_IRQHandler</STRONG> (Thumb, 0 bytes, Stack size 0 bytes, startup_lpc177x_8x.o(.text))
<BR>[Address Reference Count : 1]<UL><LI> startup_lpc177x_8x.o(RESET)
</UL>
<P><STRONG><a name="[1c]"></a>I2C2_IRQHandler</STRONG> (Thumb, 0 bytes, Stack size 0 bytes, startup_lpc177x_8x.o(.text))
<BR>[Address Reference Count : 1]<UL><LI> startup_lpc177x_8x.o(RESET)
</UL>
<P><STRONG><a name="[2b]"></a>I2S_IRQHandler</STRONG> (Thumb, 0 bytes, Stack size 0 bytes, startup_lpc177x_8x.o(.text))
<BR>[Address Reference Count : 1]<UL><LI> startup_lpc177x_8x.o(RESET)
</UL>
<P><STRONG><a name="[38]"></a>KFLASH_IRQHandler</STRONG> (Thumb, 0 bytes, Stack size 0 bytes, startup_lpc177x_8x.o(.text))
<BR>[Address Reference Count : 1]<UL><LI> startup_lpc177x_8x.o(RESET)
</UL>
<P><STRONG><a name="[35]"></a>LCD_IRQHandler</STRONG> (Thumb, 0 bytes, Stack size 0 bytes, startup_lpc177x_8x.o(.text))
<BR>[Address Reference Count : 1]<UL><LI> startup_lpc177x_8x.o(RESET)
</UL>
<P><STRONG><a name="[2d]"></a>MCI_IRQHandler</STRONG> (Thumb, 0 bytes, Stack size 0 bytes, startup_lpc177x_8x.o(.text))
<BR>[Address Reference Count : 1]<UL><LI> startup_lpc177x_8x.o(RESET)
</UL>
<P><STRONG><a name="[2e]"></a>MCPWM_IRQHandler</STRONG> (Thumb, 0 bytes, Stack size 0 bytes, startup_lpc177x_8x.o(.text))
<BR>[Address Reference Count : 1]<UL><LI> startup_lpc177x_8x.o(RESET)
</UL>
<P><STRONG><a name="[20]"></a>PLL0_IRQHandler</STRONG> (Thumb, 0 bytes, Stack size 0 bytes, startup_lpc177x_8x.o(.text))
<BR>[Address Reference Count : 1]<UL><LI> startup_lpc177x_8x.o(RESET)
</UL>
<P><STRONG><a name="[30]"></a>PLL1_IRQHandler</STRONG> (Thumb, 0 bytes, Stack size 0 bytes, startup_lpc177x_8x.o(.text))
<BR>[Address Reference Count : 1]<UL><LI> startup_lpc177x_8x.o(RESET)
</UL>
<P><STRONG><a name="[37]"></a>PWM0_IRQHandler</STRONG> (Thumb, 0 bytes, Stack size 0 bytes, startup_lpc177x_8x.o(.text))
<BR>[Address Reference Count : 1]<UL><LI> startup_lpc177x_8x.o(RESET)
</UL>
<P><STRONG><a name="[19]"></a>PWM1_IRQHandler</STRONG> (Thumb, 0 bytes, Stack size 0 bytes, startup_lpc177x_8x.o(.text))
<BR>[Address Reference Count : 1]<UL><LI> startup_lpc177x_8x.o(RESET)
</UL>
<P><STRONG><a name="[2f]"></a>QEI_IRQHandler</STRONG> (Thumb, 0 bytes, Stack size 0 bytes, startup_lpc177x_8x.o(.text))
<BR>[Address Reference Count : 1]<UL><LI> startup_lpc177x_8x.o(RESET)
</UL>
<P><STRONG><a name="[21]"></a>RTC_IRQHandler</STRONG> (Thumb, 0 bytes, Stack size 0 bytes, startup_lpc177x_8x.o(.text))
<BR>[Address Reference Count : 1]<UL><LI> startup_lpc177x_8x.o(RESET)
</UL>
<P><STRONG><a name="[1d]"></a>SPIFI_IRQHandler</STRONG> (Thumb, 0 bytes, Stack size 0 bytes, startup_lpc177x_8x.o(.text))
<BR>[Address Reference Count : 1]<UL><LI> startup_lpc177x_8x.o(RESET)
</UL>
<P><STRONG><a name="[1e]"></a>SSP0_IRQHandler</STRONG> (Thumb, 0 bytes, Stack size 0 bytes, startup_lpc177x_8x.o(.text))
<BR>[Address Reference Count : 1]<UL><LI> startup_lpc177x_8x.o(RESET)
</UL>
<P><STRONG><a name="[1f]"></a>SSP1_IRQHandler</STRONG> (Thumb, 0 bytes, Stack size 0 bytes, startup_lpc177x_8x.o(.text))
<BR>[Address Reference Count : 1]<UL><LI> startup_lpc177x_8x.o(RESET)
</UL>
<P><STRONG><a name="[34]"></a>SSP2_IRQHandler</STRONG> (Thumb, 0 bytes, Stack size 0 bytes, startup_lpc177x_8x.o(.text))
<BR>[Address Reference Count : 1]<UL><LI> startup_lpc177x_8x.o(RESET)
</UL>
<P><STRONG><a name="[12]"></a>TIMER1_IRQHandler</STRONG> (Thumb, 0 bytes, Stack size 0 bytes, startup_lpc177x_8x.o(.text))
<BR>[Address Reference Count : 1]<UL><LI> startup_lpc177x_8x.o(RESET)
</UL>
<P><STRONG><a name="[13]"></a>TIMER2_IRQHandler</STRONG> (Thumb, 0 bytes, Stack size 0 bytes, startup_lpc177x_8x.o(.text))
<BR>[Address Reference Count : 1]<UL><LI> startup_lpc177x_8x.o(RESET)
</UL>
<P><STRONG><a name="[14]"></a>TIMER3_IRQHandler</STRONG> (Thumb, 0 bytes, Stack size 0 bytes, startup_lpc177x_8x.o(.text))
<BR>[Address Reference Count : 1]<UL><LI> startup_lpc177x_8x.o(RESET)
</UL>
<P><STRONG><a name="[31]"></a>USBActivity_IRQHandler</STRONG> (Thumb, 0 bytes, Stack size 0 bytes, startup_lpc177x_8x.o(.text))
<BR>[Address Reference Count : 1]<UL><LI> startup_lpc177x_8x.o(RESET)
</UL>
<P><STRONG><a name="[10]"></a>WDT_IRQHandler</STRONG> (Thumb, 0 bytes, Stack size 0 bytes, startup_lpc177x_8x.o(.text))
<BR>[Address Reference Count : 1]<UL><LI> startup_lpc177x_8x.o(RESET)
</UL>
<P><STRONG><a name="[53]"></a>__aeabi_ldivmod</STRONG> (Thumb, 98 bytes, Stack size 24 bytes, ldiv.o(.text))
<BR><BR>[Stack]<UL><LI>Max Depth = 64<LI>Call Chain = __aeabi_ldivmod &rArr; __aeabi_uldivmod
</UL>
<BR>[Calls]<UL><LI><a href="#[54]">&gt;&gt;</a>&nbsp;&nbsp;&nbsp;__aeabi_uldivmod
</UL>
<BR>[Called By]<UL><LI><a href="#[12b]">&gt;&gt;</a>&nbsp;&nbsp;&nbsp;u32tobcdnomstr1
</UL>

<P><STRONG><a name="[67]"></a>__aeabi_memcpy</STRONG> (Thumb, 36 bytes, Stack size 0 bytes, memcpya.o(.text))
<BR><BR>[Called By]<UL><LI><a href="#[d2]">&gt;&gt;</a>&nbsp;&nbsp;&nbsp;ParaGetQRCode
<LI><a href="#[cb]">&gt;&gt;</a>&nbsp;&nbsp;&nbsp;ParaGetPileNo
<LI><a href="#[185]">&gt;&gt;</a>&nbsp;&nbsp;&nbsp;InsertChargingRecord
<LI><a href="#[16f]">&gt;&gt;</a>&nbsp;&nbsp;&nbsp;GetTouchInfo
<LI><a href="#[1fb]">&gt;&gt;</a>&nbsp;&nbsp;&nbsp;SetMainCharge
<LI><a href="#[168]">&gt;&gt;</a>&nbsp;&nbsp;&nbsp;GetChargeRecord
<LI><a href="#[1e9]">&gt;&gt;</a>&nbsp;&nbsp;&nbsp;UpdateChargeData
<LI><a href="#[1b5]">&gt;&gt;</a>&nbsp;&nbsp;&nbsp;TwoGunHandle
<LI><a href="#[181]">&gt;&gt;</a>&nbsp;&nbsp;&nbsp;InitStartChgDate
<LI><a href="#[219]">&gt;&gt;</a>&nbsp;&nbsp;&nbsp;RecvCMD7
<LI><a href="#[213]">&gt;&gt;</a>&nbsp;&nbsp;&nbsp;RecvCMD5
<LI><a href="#[210]">&gt;&gt;</a>&nbsp;&nbsp;&nbsp;RecvCMD3
<LI><a href="#[206]">&gt;&gt;</a>&nbsp;&nbsp;&nbsp;RecvCMD1003
<LI><a href="#[200]">&gt;&gt;</a>&nbsp;&nbsp;&nbsp;RecvCMD1
<LI><a href="#[140]">&gt;&gt;</a>&nbsp;&nbsp;&nbsp;ElmSenddRv
<LI><a href="#[f4]">&gt;&gt;</a>&nbsp;&nbsp;&nbsp;ParaSetQRCode
<LI><a href="#[ea]">&gt;&gt;</a>&nbsp;&nbsp;&nbsp;ParaSetPileNo
<LI><a href="#[102]">&gt;&gt;</a>&nbsp;&nbsp;&nbsp;ParaSetManufactureBase
<LI><a href="#[eb]">&gt;&gt;</a>&nbsp;&nbsp;&nbsp;ParaSetHardVersion
<LI><a href="#[105]">&gt;&gt;</a>&nbsp;&nbsp;&nbsp;ParaSetActCode
<LI><a href="#[fd]">&gt;&gt;</a>&nbsp;&nbsp;&nbsp;ParaSetAPNUser
<LI><a href="#[fe]">&gt;&gt;</a>&nbsp;&nbsp;&nbsp;ParaSetAPNPasswd
<LI><a href="#[fc]">&gt;&gt;</a>&nbsp;&nbsp;&nbsp;ParaSetAPN
<LI><a href="#[de]">&gt;&gt;</a>&nbsp;&nbsp;&nbsp;ParaGetManufactureBase
<LI><a href="#[cc]">&gt;&gt;</a>&nbsp;&nbsp;&nbsp;ParaGetHardVersion
<LI><a href="#[e1]">&gt;&gt;</a>&nbsp;&nbsp;&nbsp;ParaGetActCode
<LI><a href="#[db]">&gt;&gt;</a>&nbsp;&nbsp;&nbsp;ParaGetAPNUser
<LI><a href="#[dc]">&gt;&gt;</a>&nbsp;&nbsp;&nbsp;ParaGetAPNPasswd
<LI><a href="#[da]">&gt;&gt;</a>&nbsp;&nbsp;&nbsp;ParaGetAPN
<LI><a href="#[7a]">&gt;&gt;</a>&nbsp;&nbsp;&nbsp;DebugPlatformWriteDataAnalyse
<LI><a href="#[79]">&gt;&gt;</a>&nbsp;&nbsp;&nbsp;DebugPlatformReadDataAnalyse
<LI><a href="#[169]">&gt;&gt;</a>&nbsp;&nbsp;&nbsp;GetEXT_CCBInfo
<LI><a href="#[209]">&gt;&gt;</a>&nbsp;&nbsp;&nbsp;process_update
<LI><a href="#[1fc]">&gt;&gt;</a>&nbsp;&nbsp;&nbsp;SendCMD8
<LI><a href="#[6e]">&gt;&gt;</a>&nbsp;&nbsp;&nbsp;SendCMD204
<LI><a href="#[21b]">&gt;&gt;</a>&nbsp;&nbsp;&nbsp;SendCMD202
<LI><a href="#[1f5]">&gt;&gt;</a>&nbsp;&nbsp;&nbsp;SendCMD106
<LI><a href="#[1f9]">&gt;&gt;</a>&nbsp;&nbsp;&nbsp;SendCMD104
<LI><a href="#[1f7]">&gt;&gt;</a>&nbsp;&nbsp;&nbsp;SendCMD102
<LI><a href="#[1b0]">&gt;&gt;</a>&nbsp;&nbsp;&nbsp;MTSenddRv
<LI><a href="#[1af]">&gt;&gt;</a>&nbsp;&nbsp;&nbsp;MTMakeMsg
<LI><a href="#[1ad]">&gt;&gt;</a>&nbsp;&nbsp;&nbsp;MTCheckMsg
<LI><a href="#[17b]">&gt;&gt;</a>&nbsp;&nbsp;&nbsp;GprsSend
<LI><a href="#[153]">&gt;&gt;</a>&nbsp;&nbsp;&nbsp;EthSend
<LI><a href="#[a4]">&gt;&gt;</a>&nbsp;&nbsp;&nbsp;MD5Update
<LI><a href="#[6a]">&gt;&gt;</a>&nbsp;&nbsp;&nbsp;AES_ECB_encrypt
<LI><a href="#[66]">&gt;&gt;</a>&nbsp;&nbsp;&nbsp;AES_ECB_decrypt
<LI><a href="#[6f]">&gt;&gt;</a>&nbsp;&nbsp;&nbsp;AnalyseMsgFromCCB
<LI><a href="#[1b7]">&gt;&gt;</a>&nbsp;&nbsp;&nbsp;MultiFramePackAndSend
<LI><a href="#[1a5]">&gt;&gt;</a>&nbsp;&nbsp;&nbsp;MS_BulkSend
<LI><a href="#[1a4]">&gt;&gt;</a>&nbsp;&nbsp;&nbsp;MS_BulkRecv
</UL>

<P><STRONG><a name="[b4]"></a>__aeabi_memcpy4</STRONG> (Thumb, 0 bytes, Stack size 0 bytes, memcpya.o(.text))
<BR><BR>[Called By]<UL><LI><a href="#[1b5]">&gt;&gt;</a>&nbsp;&nbsp;&nbsp;TwoGunHandle
<LI><a href="#[1b4]">&gt;&gt;</a>&nbsp;&nbsp;&nbsp;OneGunHandle
<LI><a href="#[210]">&gt;&gt;</a>&nbsp;&nbsp;&nbsp;RecvCMD3
<LI><a href="#[b2]">&gt;&gt;</a>&nbsp;&nbsp;&nbsp;ChangeStatus
<LI><a href="#[1f9]">&gt;&gt;</a>&nbsp;&nbsp;&nbsp;SendCMD104
</UL>

<P><STRONG><a name="[28a]"></a>__aeabi_memcpy8</STRONG> (Thumb, 0 bytes, Stack size 0 bytes, memcpya.o(.text), UNUSED)

<P><STRONG><a name="[56]"></a>__aeabi_memset</STRONG> (Thumb, 14 bytes, Stack size 0 bytes, memseta.o(.text))
<BR><BR>[Called By]<UL><LI><a href="#[13d]">&gt;&gt;</a>&nbsp;&nbsp;&nbsp;ElmProc
<LI><a href="#[78]">&gt;&gt;</a>&nbsp;&nbsp;&nbsp;ConfigProtocolFrameCheck
<LI><a href="#[209]">&gt;&gt;</a>&nbsp;&nbsp;&nbsp;process_update
<LI><a href="#[20b]">&gt;&gt;</a>&nbsp;&nbsp;&nbsp;end_update
<LI><a href="#[57]">&gt;&gt;</a>&nbsp;&nbsp;&nbsp;_memset$wrapper
<LI><a href="#[55]">&gt;&gt;</a>&nbsp;&nbsp;&nbsp;__aeabi_memclr
</UL>

<P><STRONG><a name="[28b]"></a>__aeabi_memset4</STRONG> (Thumb, 0 bytes, Stack size 0 bytes, memseta.o(.text), UNUSED)

<P><STRONG><a name="[28c]"></a>__aeabi_memset8</STRONG> (Thumb, 0 bytes, Stack size 0 bytes, memseta.o(.text), UNUSED)

<P><STRONG><a name="[55]"></a>__aeabi_memclr</STRONG> (Thumb, 4 bytes, Stack size 0 bytes, memseta.o(.text))
<BR><BR>[Calls]<UL><LI><a href="#[56]">&gt;&gt;</a>&nbsp;&nbsp;&nbsp;__aeabi_memset
</UL>
<BR>[Called By]<UL><LI><a href="#[1eb]">&gt;&gt;</a>&nbsp;&nbsp;&nbsp;ParaDefault
<LI><a href="#[185]">&gt;&gt;</a>&nbsp;&nbsp;&nbsp;InsertChargingRecord
<LI><a href="#[10f]">&gt;&gt;</a>&nbsp;&nbsp;&nbsp;DeleteChargingRecord
<LI><a href="#[7f]">&gt;&gt;</a>&nbsp;&nbsp;&nbsp;AnalyseMsgFromUdpPlatform
<LI><a href="#[181]">&gt;&gt;</a>&nbsp;&nbsp;&nbsp;InitStartChgDate
<LI><a href="#[210]">&gt;&gt;</a>&nbsp;&nbsp;&nbsp;RecvCMD3
<LI><a href="#[1fd]">&gt;&gt;</a>&nbsp;&nbsp;&nbsp;ProtocolInit
<LI><a href="#[1f4]">&gt;&gt;</a>&nbsp;&nbsp;&nbsp;ProtocolHandle
<LI><a href="#[ba]">&gt;&gt;</a>&nbsp;&nbsp;&nbsp;ChargingRecordInit
<LI><a href="#[b5]">&gt;&gt;</a>&nbsp;&nbsp;&nbsp;ChargeRecordInit
<LI><a href="#[f3]">&gt;&gt;</a>&nbsp;&nbsp;&nbsp;DeleteAllRecord
<LI><a href="#[8c]">&gt;&gt;</a>&nbsp;&nbsp;&nbsp;UartInit
<LI><a href="#[6e]">&gt;&gt;</a>&nbsp;&nbsp;&nbsp;SendCMD204
<LI><a href="#[21b]">&gt;&gt;</a>&nbsp;&nbsp;&nbsp;SendCMD202
<LI><a href="#[1f5]">&gt;&gt;</a>&nbsp;&nbsp;&nbsp;SendCMD106
<LI><a href="#[1f9]">&gt;&gt;</a>&nbsp;&nbsp;&nbsp;SendCMD104
<LI><a href="#[167]">&gt;&gt;</a>&nbsp;&nbsp;&nbsp;GprsReadSocket
<LI><a href="#[149]">&gt;&gt;</a>&nbsp;&nbsp;&nbsp;EthHandle
</UL>

<P><STRONG><a name="[77]"></a>__aeabi_memclr4</STRONG> (Thumb, 0 bytes, Stack size 0 bytes, memseta.o(.text))
<BR><BR>[Called By]<UL><LI><a href="#[1eb]">&gt;&gt;</a>&nbsp;&nbsp;&nbsp;ParaDefault
<LI><a href="#[109]">&gt;&gt;</a>&nbsp;&nbsp;&nbsp;Decryption
<LI><a href="#[112]">&gt;&gt;</a>&nbsp;&nbsp;&nbsp;XRD_Write_Addr
<LI><a href="#[176]">&gt;&gt;</a>&nbsp;&nbsp;&nbsp;XRDClearInput
<LI><a href="#[137]">&gt;&gt;</a>&nbsp;&nbsp;&nbsp;DispVerifySuccesInfo
<LI><a href="#[135]">&gt;&gt;</a>&nbsp;&nbsp;&nbsp;DispUpdataInfo
<LI><a href="#[134]">&gt;&gt;</a>&nbsp;&nbsp;&nbsp;DispUnLockFailureInfo
<LI><a href="#[130]">&gt;&gt;</a>&nbsp;&nbsp;&nbsp;DispStartDeviceInfo
<LI><a href="#[12f]">&gt;&gt;</a>&nbsp;&nbsp;&nbsp;DispStartChgInfo
<LI><a href="#[12e]">&gt;&gt;</a>&nbsp;&nbsp;&nbsp;DispRemainMoneyInfo
<LI><a href="#[12c]">&gt;&gt;</a>&nbsp;&nbsp;&nbsp;DispRecordMoreInfo
<LI><a href="#[12a]">&gt;&gt;</a>&nbsp;&nbsp;&nbsp;DispRecordInfo
<LI><a href="#[120]">&gt;&gt;</a>&nbsp;&nbsp;&nbsp;DispAccount
<LI><a href="#[11f]">&gt;&gt;</a>&nbsp;&nbsp;&nbsp;DispAStopInfo
<LI><a href="#[11e]">&gt;&gt;</a>&nbsp;&nbsp;&nbsp;DispAStopBStopInfo
<LI><a href="#[11d]">&gt;&gt;</a>&nbsp;&nbsp;&nbsp;DispAStopBIdleInfo
<LI><a href="#[11c]">&gt;&gt;</a>&nbsp;&nbsp;&nbsp;DispAStopBChgInfo
<LI><a href="#[11a]">&gt;&gt;</a>&nbsp;&nbsp;&nbsp;DispAIdleBStopInfo
<LI><a href="#[118]">&gt;&gt;</a>&nbsp;&nbsp;&nbsp;DispAIdleBChgInfo
<LI><a href="#[117]">&gt;&gt;</a>&nbsp;&nbsp;&nbsp;DispAChgBStopInfo
<LI><a href="#[115]">&gt;&gt;</a>&nbsp;&nbsp;&nbsp;DispAChgBIdleInfo
<LI><a href="#[114]">&gt;&gt;</a>&nbsp;&nbsp;&nbsp;DispAChgBChgInfo
<LI><a href="#[111]">&gt;&gt;</a>&nbsp;&nbsp;&nbsp;DispAChargeInfo
<LI><a href="#[75]">&gt;&gt;</a>&nbsp;&nbsp;&nbsp;AnalyseMsgFromDebugPlatform
<LI><a href="#[1e7]">&gt;&gt;</a>&nbsp;&nbsp;&nbsp;ShowRec
<LI><a href="#[1e5]">&gt;&gt;</a>&nbsp;&nbsp;&nbsp;ShowMenu
<LI><a href="#[1b4]">&gt;&gt;</a>&nbsp;&nbsp;&nbsp;OneGunHandle
<LI><a href="#[19c]">&gt;&gt;</a>&nbsp;&nbsp;&nbsp;LockedCardHandle
<LI><a href="#[19a]">&gt;&gt;</a>&nbsp;&nbsp;&nbsp;LockCardPro
<LI><a href="#[18c]">&gt;&gt;</a>&nbsp;&nbsp;&nbsp;JudgeErrInfo
<LI><a href="#[1d7]">&gt;&gt;</a>&nbsp;&nbsp;&nbsp;OSTaskCreateExt
<LI><a href="#[210]">&gt;&gt;</a>&nbsp;&nbsp;&nbsp;RecvCMD3
<LI><a href="#[200]">&gt;&gt;</a>&nbsp;&nbsp;&nbsp;RecvCMD1
<LI><a href="#[19b]">&gt;&gt;</a>&nbsp;&nbsp;&nbsp;LockCardRecordInit
<LI><a href="#[13f]">&gt;&gt;</a>&nbsp;&nbsp;&nbsp;ElmRead
<LI><a href="#[140]">&gt;&gt;</a>&nbsp;&nbsp;&nbsp;ElmSenddRv
<LI><a href="#[a0]">&gt;&gt;</a>&nbsp;&nbsp;&nbsp;CalcKey
<LI><a href="#[f3]">&gt;&gt;</a>&nbsp;&nbsp;&nbsp;DeleteAllRecord
<LI><a href="#[1ef]">&gt;&gt;</a>&nbsp;&nbsp;&nbsp;SaveInfoDefault
<LI><a href="#[105]">&gt;&gt;</a>&nbsp;&nbsp;&nbsp;ParaSetActCode
<LI><a href="#[7a]">&gt;&gt;</a>&nbsp;&nbsp;&nbsp;DebugPlatformWriteDataAnalyse
<LI><a href="#[79]">&gt;&gt;</a>&nbsp;&nbsp;&nbsp;DebugPlatformReadDataAnalyse
<LI><a href="#[78]">&gt;&gt;</a>&nbsp;&nbsp;&nbsp;ConfigProtocolFrameCheck
<LI><a href="#[116]">&gt;&gt;</a>&nbsp;&nbsp;&nbsp;XRD_Draw_Ioc
<LI><a href="#[6e]">&gt;&gt;</a>&nbsp;&nbsp;&nbsp;SendCMD204
<LI><a href="#[21b]">&gt;&gt;</a>&nbsp;&nbsp;&nbsp;SendCMD202
<LI><a href="#[1f9]">&gt;&gt;</a>&nbsp;&nbsp;&nbsp;SendCMD104
<LI><a href="#[1b0]">&gt;&gt;</a>&nbsp;&nbsp;&nbsp;MTSenddRv
<LI><a href="#[178]">&gt;&gt;</a>&nbsp;&nbsp;&nbsp;GprsProc
<LI><a href="#[167]">&gt;&gt;</a>&nbsp;&nbsp;&nbsp;GprsReadSocket
<LI><a href="#[177]">&gt;&gt;</a>&nbsp;&nbsp;&nbsp;GprsCon_
</UL>

<P><STRONG><a name="[28d]"></a>__aeabi_memclr8</STRONG> (Thumb, 0 bytes, Stack size 0 bytes, memseta.o(.text), UNUSED)

<P><STRONG><a name="[57]"></a>_memset$wrapper</STRONG> (Thumb, 18 bytes, Stack size 8 bytes, memseta.o(.text), UNUSED)
<BR><BR>[Calls]<UL><LI><a href="#[56]">&gt;&gt;</a>&nbsp;&nbsp;&nbsp;__aeabi_memset
</UL>

<P><STRONG><a name="[1b3]"></a>strcat</STRONG> (Thumb, 24 bytes, Stack size 0 bytes, strcat.o(.text))
<BR><BR>[Called By]<UL><LI><a href="#[1b4]">&gt;&gt;</a>&nbsp;&nbsp;&nbsp;OneGunHandle
<LI><a href="#[49]">&gt;&gt;</a>&nbsp;&nbsp;&nbsp;MainTask
</UL>

<P><STRONG><a name="[202]"></a>strchr</STRONG> (Thumb, 20 bytes, Stack size 0 bytes, strchr.o(.text))
<BR><BR>[Called By]<UL><LI><a href="#[213]">&gt;&gt;</a>&nbsp;&nbsp;&nbsp;RecvCMD5
<LI><a href="#[210]">&gt;&gt;</a>&nbsp;&nbsp;&nbsp;RecvCMD3
<LI><a href="#[200]">&gt;&gt;</a>&nbsp;&nbsp;&nbsp;RecvCMD1
<LI><a href="#[1fc]">&gt;&gt;</a>&nbsp;&nbsp;&nbsp;SendCMD8
<LI><a href="#[6e]">&gt;&gt;</a>&nbsp;&nbsp;&nbsp;SendCMD204
<LI><a href="#[1f5]">&gt;&gt;</a>&nbsp;&nbsp;&nbsp;SendCMD106
<LI><a href="#[1f9]">&gt;&gt;</a>&nbsp;&nbsp;&nbsp;SendCMD104
<LI><a href="#[1f7]">&gt;&gt;</a>&nbsp;&nbsp;&nbsp;SendCMD102
</UL>

<P><STRONG><a name="[a3]"></a>strlen</STRONG> (Thumb, 14 bytes, Stack size 0 bytes, strlen.o(.text))
<BR><BR>[Called By]<UL><LI><a href="#[112]">&gt;&gt;</a>&nbsp;&nbsp;&nbsp;XRD_Write_Addr
<LI><a href="#[19c]">&gt;&gt;</a>&nbsp;&nbsp;&nbsp;LockedCardHandle
<LI><a href="#[19a]">&gt;&gt;</a>&nbsp;&nbsp;&nbsp;LockCardPro
<LI><a href="#[ae]">&gt;&gt;</a>&nbsp;&nbsp;&nbsp;print
<LI><a href="#[a0]">&gt;&gt;</a>&nbsp;&nbsp;&nbsp;CalcKey
<LI><a href="#[105]">&gt;&gt;</a>&nbsp;&nbsp;&nbsp;ParaSetActCode
<LI><a href="#[178]">&gt;&gt;</a>&nbsp;&nbsp;&nbsp;GprsProc
<LI><a href="#[167]">&gt;&gt;</a>&nbsp;&nbsp;&nbsp;GprsReadSocket
<LI><a href="#[177]">&gt;&gt;</a>&nbsp;&nbsp;&nbsp;GprsCon_
</UL>

<P><STRONG><a name="[ca]"></a>memcmp</STRONG> (Thumb, 26 bytes, Stack size 12 bytes, memcmp.o(.text))
<BR><BR>[Stack]<UL><LI>Max Depth = 12<LI>Call Chain = memcmp
</UL>
<BR>[Called By]<UL><LI><a href="#[168]">&gt;&gt;</a>&nbsp;&nbsp;&nbsp;GetChargeRecord
<LI><a href="#[1e7]">&gt;&gt;</a>&nbsp;&nbsp;&nbsp;ShowRec
<LI><a href="#[19c]">&gt;&gt;</a>&nbsp;&nbsp;&nbsp;LockedCardHandle
<LI><a href="#[105]">&gt;&gt;</a>&nbsp;&nbsp;&nbsp;ParaSetActCode
<LI><a href="#[78]">&gt;&gt;</a>&nbsp;&nbsp;&nbsp;ConfigProtocolFrameCheck
<LI><a href="#[165]">&gt;&gt;</a>&nbsp;&nbsp;&nbsp;GPRS_SendCmd
</UL>

<P><STRONG><a name="[58]"></a>__0sscanf</STRONG> (Thumb, 48 bytes, Stack size 72 bytes, __0sscanf.o(.text))
<BR><BR>[Stack]<UL><LI>Max Depth = 216<LI>Call Chain = __0sscanf &rArr; __vfscanf_char &rArr; __vfscanf &rArr; _scanf_int
</UL>
<BR>[Calls]<UL><LI><a href="#[59]">&gt;&gt;</a>&nbsp;&nbsp;&nbsp;__vfscanf_char
</UL>
<BR>[Called By]<UL><LI><a href="#[175]">&gt;&gt;</a>&nbsp;&nbsp;&nbsp;GetUserInputChargeTypeAndAssistPowerType
</UL>

<P><STRONG><a name="[5a]"></a>_scanf_int</STRONG> (Thumb, 332 bytes, Stack size 56 bytes, _scanf_int.o(.text))
<BR><BR>[Stack]<UL><LI>Max Depth = 56<LI>Call Chain = _scanf_int
</UL>
<BR>[Calls]<UL><LI><a href="#[5b]">&gt;&gt;</a>&nbsp;&nbsp;&nbsp;_chval
</UL>
<BR>[Called By]<UL><LI><a href="#[61]">&gt;&gt;</a>&nbsp;&nbsp;&nbsp;__vfscanf
</UL>

<P><STRONG><a name="[5c]"></a>atoi</STRONG> (Thumb, 26 bytes, Stack size 16 bytes, atoi.o(.text))
<BR><BR>[Stack]<UL><LI>Max Depth = 88<LI>Call Chain = atoi &rArr; strtol &rArr; _strtoul
</UL>
<BR>[Calls]<UL><LI><a href="#[5e]">&gt;&gt;</a>&nbsp;&nbsp;&nbsp;strtol
<LI><a href="#[5d]">&gt;&gt;</a>&nbsp;&nbsp;&nbsp;__aeabi_errno_addr
</UL>
<BR>[Called By]<UL><LI><a href="#[105]">&gt;&gt;</a>&nbsp;&nbsp;&nbsp;ParaSetActCode
<LI><a href="#[167]">&gt;&gt;</a>&nbsp;&nbsp;&nbsp;GprsReadSocket
<LI><a href="#[165]">&gt;&gt;</a>&nbsp;&nbsp;&nbsp;GPRS_SendCmd
</UL>

<P><STRONG><a name="[54]"></a>__aeabi_uldivmod</STRONG> (Thumb, 98 bytes, Stack size 40 bytes, uldiv.o(.text))
<BR><BR>[Stack]<UL><LI>Max Depth = 40<LI>Call Chain = __aeabi_uldivmod
</UL>
<BR>[Calls]<UL><LI><a href="#[5f]">&gt;&gt;</a>&nbsp;&nbsp;&nbsp;__aeabi_llsr
<LI><a href="#[60]">&gt;&gt;</a>&nbsp;&nbsp;&nbsp;__aeabi_llsl
</UL>
<BR>[Called By]<UL><LI><a href="#[53]">&gt;&gt;</a>&nbsp;&nbsp;&nbsp;__aeabi_ldivmod
<LI><a href="#[244]">&gt;&gt;</a>&nbsp;&nbsp;&nbsp;_printf_core
</UL>

<P><STRONG><a name="[5b]"></a>_chval</STRONG> (Thumb, 28 bytes, Stack size 0 bytes, _chval.o(.text))
<BR><BR>[Called By]<UL><LI><a href="#[63]">&gt;&gt;</a>&nbsp;&nbsp;&nbsp;_strtoul
<LI><a href="#[5a]">&gt;&gt;</a>&nbsp;&nbsp;&nbsp;_scanf_int
</UL>

<P><STRONG><a name="[59]"></a>__vfscanf_char</STRONG> (Thumb, 20 bytes, Stack size 0 bytes, scanf_char.o(.text))
<BR><BR>[Stack]<UL><LI>Max Depth = 144<LI>Call Chain = __vfscanf_char &rArr; __vfscanf &rArr; _scanf_int
</UL>
<BR>[Calls]<UL><LI><a href="#[61]">&gt;&gt;</a>&nbsp;&nbsp;&nbsp;__vfscanf
</UL>
<BR>[Called By]<UL><LI><a href="#[58]">&gt;&gt;</a>&nbsp;&nbsp;&nbsp;__0sscanf
</UL>

<P><STRONG><a name="[3b]"></a>_sgetc</STRONG> (Thumb, 30 bytes, Stack size 0 bytes, _sgetc.o(.text))
<BR>[Address Reference Count : 1]<UL><LI> __0sscanf.o(.text)
</UL>
<P><STRONG><a name="[3c]"></a>_sbackspace</STRONG> (Thumb, 34 bytes, Stack size 0 bytes, _sgetc.o(.text))
<BR>[Address Reference Count : 1]<UL><LI> __0sscanf.o(.text)
</UL>
<P><STRONG><a name="[5e]"></a>strtol</STRONG> (Thumb, 112 bytes, Stack size 32 bytes, strtol.o(.text))
<BR><BR>[Stack]<UL><LI>Max Depth = 72<LI>Call Chain = strtol &rArr; _strtoul
</UL>
<BR>[Calls]<UL><LI><a href="#[63]">&gt;&gt;</a>&nbsp;&nbsp;&nbsp;_strtoul
<LI><a href="#[62]">&gt;&gt;</a>&nbsp;&nbsp;&nbsp;__rt_ctype_table
<LI><a href="#[5d]">&gt;&gt;</a>&nbsp;&nbsp;&nbsp;__aeabi_errno_addr
</UL>
<BR>[Called By]<UL><LI><a href="#[5c]">&gt;&gt;</a>&nbsp;&nbsp;&nbsp;atoi
</UL>

<P><STRONG><a name="[52]"></a>__scatterload</STRONG> (Thumb, 28 bytes, Stack size 0 bytes, init.o(.text))
<BR><BR>[Calls]<UL><LI><a href="#[64]">&gt;&gt;</a>&nbsp;&nbsp;&nbsp;__main_after_scatterload
</UL>
<BR>[Called By]<UL><LI><a href="#[51]">&gt;&gt;</a>&nbsp;&nbsp;&nbsp;_main_scatterload
</UL>

<P><STRONG><a name="[28e]"></a>__scatterload_rt2</STRONG> (Thumb, 0 bytes, Stack size 0 bytes, init.o(.text), UNUSED)

<P><STRONG><a name="[60]"></a>__aeabi_llsl</STRONG> (Thumb, 30 bytes, Stack size 0 bytes, llshl.o(.text))
<BR><BR>[Called By]<UL><LI><a href="#[54]">&gt;&gt;</a>&nbsp;&nbsp;&nbsp;__aeabi_uldivmod
</UL>

<P><STRONG><a name="[28f]"></a>_ll_shift_l</STRONG> (Thumb, 0 bytes, Stack size 0 bytes, llshl.o(.text), UNUSED)

<P><STRONG><a name="[5f]"></a>__aeabi_llsr</STRONG> (Thumb, 32 bytes, Stack size 0 bytes, llushr.o(.text))
<BR><BR>[Called By]<UL><LI><a href="#[54]">&gt;&gt;</a>&nbsp;&nbsp;&nbsp;__aeabi_uldivmod
</UL>

<P><STRONG><a name="[290]"></a>_ll_ushift_r</STRONG> (Thumb, 0 bytes, Stack size 0 bytes, llushr.o(.text), UNUSED)

<P><STRONG><a name="[62]"></a>__rt_ctype_table</STRONG> (Thumb, 4 bytes, Stack size 0 bytes, ctype_o.o(.text))
<BR><BR>[Called By]<UL><LI><a href="#[3e]">&gt;&gt;</a>&nbsp;&nbsp;&nbsp;isspace
<LI><a href="#[5e]">&gt;&gt;</a>&nbsp;&nbsp;&nbsp;strtol
</UL>

<P><STRONG><a name="[3e]"></a>isspace</STRONG> (Thumb, 18 bytes, Stack size 8 bytes, isspace_o.o(.text))
<BR><BR>[Stack]<UL><LI>Max Depth = 8<LI>Call Chain = isspace
</UL>
<BR>[Calls]<UL><LI><a href="#[62]">&gt;&gt;</a>&nbsp;&nbsp;&nbsp;__rt_ctype_table
</UL>
<BR>[Address Reference Count : 1]<UL><LI> scanf_char.o(.text)
</UL>
<P><STRONG><a name="[61]"></a>__vfscanf</STRONG> (Thumb, 808 bytes, Stack size 88 bytes, _scanf.o(.text))
<BR><BR>[Stack]<UL><LI>Max Depth = 144<LI>Call Chain = __vfscanf &rArr; _scanf_int
</UL>
<BR>[Calls]<UL><LI><a href="#[5a]">&gt;&gt;</a>&nbsp;&nbsp;&nbsp;_scanf_int
</UL>
<BR>[Called By]<UL><LI><a href="#[59]">&gt;&gt;</a>&nbsp;&nbsp;&nbsp;__vfscanf_char
</UL>

<P><STRONG><a name="[63]"></a>_strtoul</STRONG> (Thumb, 158 bytes, Stack size 40 bytes, _strtoul.o(.text))
<BR><BR>[Stack]<UL><LI>Max Depth = 40<LI>Call Chain = _strtoul
</UL>
<BR>[Calls]<UL><LI><a href="#[5b]">&gt;&gt;</a>&nbsp;&nbsp;&nbsp;_chval
<LI><a href="#[5d]">&gt;&gt;</a>&nbsp;&nbsp;&nbsp;__aeabi_errno_addr
</UL>
<BR>[Called By]<UL><LI><a href="#[5e]">&gt;&gt;</a>&nbsp;&nbsp;&nbsp;strtol
</UL>

<P><STRONG><a name="[291]"></a>__decompress</STRONG> (Thumb, 0 bytes, Stack size unknown bytes, __dczerorl2.o(.text), UNUSED)

<P><STRONG><a name="[292]"></a>__decompress1</STRONG> (Thumb, 86 bytes, Stack size unknown bytes, __dczerorl2.o(.text), UNUSED)

<P><STRONG><a name="[45]"></a>OS_ENTER_CRITICAL</STRONG> (Thumb, 0 bytes, Stack size unknown bytes, os_cpu_a.o(UCOSII_ASM))
<BR><BR>[Called By]<UL><LI><a href="#[1d7]">&gt;&gt;</a>&nbsp;&nbsp;&nbsp;OSTaskCreateExt
<LI><a href="#[1d2]">&gt;&gt;</a>&nbsp;&nbsp;&nbsp;OSSemCreate
<LI><a href="#[1cc]">&gt;&gt;</a>&nbsp;&nbsp;&nbsp;OSMutexCreate
<LI><a href="#[b8]">&gt;&gt;</a>&nbsp;&nbsp;&nbsp;OSMutexPost
<LI><a href="#[b6]">&gt;&gt;</a>&nbsp;&nbsp;&nbsp;OSMutexPend
<LI><a href="#[10c]">&gt;&gt;</a>&nbsp;&nbsp;&nbsp;OSTimeDly
<LI><a href="#[209]">&gt;&gt;</a>&nbsp;&nbsp;&nbsp;process_update
<LI><a href="#[20b]">&gt;&gt;</a>&nbsp;&nbsp;&nbsp;end_update
<LI><a href="#[205]">&gt;&gt;</a>&nbsp;&nbsp;&nbsp;begin_update
<LI><a href="#[1da]">&gt;&gt;</a>&nbsp;&nbsp;&nbsp;OSTimeTick
<LI><a href="#[1ca]">&gt;&gt;</a>&nbsp;&nbsp;&nbsp;OSIntExit
<LI><a href="#[f]">&gt;&gt;</a>&nbsp;&nbsp;&nbsp;SysTick_Handler
<LI><a href="#[1d4]">&gt;&gt;</a>&nbsp;&nbsp;&nbsp;OSSemPost
<LI><a href="#[1d3]">&gt;&gt;</a>&nbsp;&nbsp;&nbsp;OSSemPend
<LI><a href="#[47]">&gt;&gt;</a>&nbsp;&nbsp;&nbsp;OS_TaskStat
<LI><a href="#[46]">&gt;&gt;</a>&nbsp;&nbsp;&nbsp;OS_TaskIdle
<LI><a href="#[1d9]">&gt;&gt;</a>&nbsp;&nbsp;&nbsp;OS_TCBInit
<LI><a href="#[1cf]">&gt;&gt;</a>&nbsp;&nbsp;&nbsp;OS_Sched
</UL>
<BR>[Address Reference Count : 1]<UL><LI> ethernet.o(i.EthInit)
</UL>
<P><STRONG><a name="[44]"></a>OS_EXIT_CRITICAL</STRONG> (Thumb, 0 bytes, Stack size unknown bytes, os_cpu_a.o(UCOSII_ASM))
<BR><BR>[Called By]<UL><LI><a href="#[1d7]">&gt;&gt;</a>&nbsp;&nbsp;&nbsp;OSTaskCreateExt
<LI><a href="#[1d2]">&gt;&gt;</a>&nbsp;&nbsp;&nbsp;OSSemCreate
<LI><a href="#[1cc]">&gt;&gt;</a>&nbsp;&nbsp;&nbsp;OSMutexCreate
<LI><a href="#[b8]">&gt;&gt;</a>&nbsp;&nbsp;&nbsp;OSMutexPost
<LI><a href="#[b6]">&gt;&gt;</a>&nbsp;&nbsp;&nbsp;OSMutexPend
<LI><a href="#[10c]">&gt;&gt;</a>&nbsp;&nbsp;&nbsp;OSTimeDly
<LI><a href="#[209]">&gt;&gt;</a>&nbsp;&nbsp;&nbsp;process_update
<LI><a href="#[20b]">&gt;&gt;</a>&nbsp;&nbsp;&nbsp;end_update
<LI><a href="#[205]">&gt;&gt;</a>&nbsp;&nbsp;&nbsp;begin_update
<LI><a href="#[1da]">&gt;&gt;</a>&nbsp;&nbsp;&nbsp;OSTimeTick
<LI><a href="#[1ca]">&gt;&gt;</a>&nbsp;&nbsp;&nbsp;OSIntExit
<LI><a href="#[f]">&gt;&gt;</a>&nbsp;&nbsp;&nbsp;SysTick_Handler
<LI><a href="#[1d4]">&gt;&gt;</a>&nbsp;&nbsp;&nbsp;OSSemPost
<LI><a href="#[1d3]">&gt;&gt;</a>&nbsp;&nbsp;&nbsp;OSSemPend
<LI><a href="#[47]">&gt;&gt;</a>&nbsp;&nbsp;&nbsp;OS_TaskStat
<LI><a href="#[46]">&gt;&gt;</a>&nbsp;&nbsp;&nbsp;OS_TaskIdle
<LI><a href="#[1d9]">&gt;&gt;</a>&nbsp;&nbsp;&nbsp;OS_TCBInit
<LI><a href="#[1cf]">&gt;&gt;</a>&nbsp;&nbsp;&nbsp;OS_Sched
</UL>
<BR>[Address Reference Count : 1]<UL><LI> ethernet.o(i.EthInit)
</UL>
<P><STRONG><a name="[1d6]"></a>OSStartHighRdy</STRONG> (Thumb, 0 bytes, Stack size unknown bytes, os_cpu_a.o(UCOSII_ASM))
<BR><BR>[Called By]<UL><LI><a href="#[1d5]">&gt;&gt;</a>&nbsp;&nbsp;&nbsp;OSStart
</UL>

<P><STRONG><a name="[1dc]"></a>OSCtxSw</STRONG> (Thumb, 0 bytes, Stack size unknown bytes, os_cpu_a.o(UCOSII_ASM))
<BR><BR>[Called By]<UL><LI><a href="#[1cf]">&gt;&gt;</a>&nbsp;&nbsp;&nbsp;OS_Sched
</UL>

<P><STRONG><a name="[1cb]"></a>OSIntCtxSw</STRONG> (Thumb, 0 bytes, Stack size unknown bytes, os_cpu_a.o(UCOSII_ASM))
<BR><BR>[Called By]<UL><LI><a href="#[1ca]">&gt;&gt;</a>&nbsp;&nbsp;&nbsp;OSIntExit
</UL>

<P><STRONG><a name="[e]"></a>PendSV_Handler</STRONG> (Thumb, 0 bytes, Stack size unknown bytes, os_cpu_a.o(UCOSII_ASM))
<BR><BR>[Stack]<UL><LI>Max Depth = 12 + Unknown Stack Size
<LI>Call Chain = PendSV_Handler &rArr; sysTickInit
</UL>
<BR>[Calls]<UL><LI><a href="#[65]">&gt;&gt;</a>&nbsp;&nbsp;&nbsp;sysTickInit
</UL>
<BR>[Address Reference Count : 1]<UL><LI> startup_lpc177x_8x.o(RESET)
</UL>
<P><STRONG><a name="[293]"></a>intDisAll</STRONG> (Thumb, 0 bytes, Stack size unknown bytes, os_cpu_a.o(UCOSII_ASM), UNUSED)

<P><STRONG><a name="[66]"></a>AES_ECB_decrypt</STRONG> (Thumb, 42 bytes, Stack size 24 bytes, libaes.o(i.AES_ECB_decrypt))
<BR><BR>[Stack]<UL><LI>Max Depth = 80<LI>Call Chain = AES_ECB_decrypt &rArr; InvCipher &rArr; InvMixColumns
</UL>
<BR>[Calls]<UL><LI><a href="#[67]">&gt;&gt;</a>&nbsp;&nbsp;&nbsp;__aeabi_memcpy
<LI><a href="#[68]">&gt;&gt;</a>&nbsp;&nbsp;&nbsp;KeyExpansion
<LI><a href="#[69]">&gt;&gt;</a>&nbsp;&nbsp;&nbsp;InvCipher
</UL>
<BR>[Called By]<UL><LI><a href="#[108]">&gt;&gt;</a>&nbsp;&nbsp;&nbsp;Decrypt
</UL>

<P><STRONG><a name="[6a]"></a>AES_ECB_encrypt</STRONG> (Thumb, 42 bytes, Stack size 24 bytes, libaes.o(i.AES_ECB_encrypt))
<BR><BR>[Stack]<UL><LI>Max Depth = 56<LI>Call Chain = AES_ECB_encrypt &rArr; Cipher &rArr; MixColumns
</UL>
<BR>[Calls]<UL><LI><a href="#[67]">&gt;&gt;</a>&nbsp;&nbsp;&nbsp;__aeabi_memcpy
<LI><a href="#[68]">&gt;&gt;</a>&nbsp;&nbsp;&nbsp;KeyExpansion
<LI><a href="#[6b]">&gt;&gt;</a>&nbsp;&nbsp;&nbsp;Cipher
</UL>
<BR>[Called By]<UL><LI><a href="#[147]">&gt;&gt;</a>&nbsp;&nbsp;&nbsp;Encrypt
</UL>

<P><STRONG><a name="[6f]"></a>AnalyseMsgFromCCB</STRONG> (Thumb, 1272 bytes, Stack size 32 bytes, ext_chgtask.o(i.AnalyseMsgFromCCB))
<BR><BR>[Stack]<UL><LI>Max Depth = 120 + Unknown Stack Size
<LI>Call Chain = AnalyseMsgFromCCB &rArr; SendPF33 &rArr; SendDataToCCB &rArr; OSTimeDlyHMSM &rArr; OSTimeDly &rArr; OS_Sched
</UL>
<BR>[Calls]<UL><LI><a href="#[70]">&gt;&gt;</a>&nbsp;&nbsp;&nbsp;ParaGetChgGunNumber
<LI><a href="#[74]">&gt;&gt;</a>&nbsp;&nbsp;&nbsp;SetParaResult
<LI><a href="#[71]">&gt;&gt;</a>&nbsp;&nbsp;&nbsp;CANRead
<LI><a href="#[73]">&gt;&gt;</a>&nbsp;&nbsp;&nbsp;SendPF33
<LI><a href="#[72]">&gt;&gt;</a>&nbsp;&nbsp;&nbsp;SendPF31
<LI><a href="#[67]">&gt;&gt;</a>&nbsp;&nbsp;&nbsp;__aeabi_memcpy
</UL>
<BR>[Called By]<UL><LI><a href="#[b9]">&gt;&gt;</a>&nbsp;&nbsp;&nbsp;ChgHandle
</UL>

<P><STRONG><a name="[75]"></a>AnalyseMsgFromDebugPlatform</STRONG> (Thumb, 168 bytes, Stack size 16 bytes, para.o(i.AnalyseMsgFromDebugPlatform))
<BR><BR>[Stack]<UL><LI>Max Depth = 764 + Unknown Stack Size
<LI>Call Chain = AnalyseMsgFromDebugPlatform &rArr; DebugPlatformWriteDataAnalyse &rArr; ParaSetServerIp &rArr; DeleteAllRecord &rArr; f_mkfs &rArr; disk_initialize &rArr; MS_Init &rArr; MS_GetMaxLUN &rArr; Host_CtrlRecv &rArr; Host_FillSetup &rArr; WriteLE16U
</UL>
<BR>[Calls]<UL><LI><a href="#[76]">&gt;&gt;</a>&nbsp;&nbsp;&nbsp;UartRead
<LI><a href="#[7a]">&gt;&gt;</a>&nbsp;&nbsp;&nbsp;DebugPlatformWriteDataAnalyse
<LI><a href="#[79]">&gt;&gt;</a>&nbsp;&nbsp;&nbsp;DebugPlatformReadDataAnalyse
<LI><a href="#[78]">&gt;&gt;</a>&nbsp;&nbsp;&nbsp;ConfigProtocolFrameCheck
<LI><a href="#[77]">&gt;&gt;</a>&nbsp;&nbsp;&nbsp;__aeabi_memclr4
</UL>
<BR>[Called By]<UL><LI><a href="#[49]">&gt;&gt;</a>&nbsp;&nbsp;&nbsp;MainTask
</UL>

<P><STRONG><a name="[7f]"></a>AnalyseMsgFromUdpPlatform</STRONG> (Thumb, 272 bytes, Stack size 32 bytes, ethernet.o(i.AnalyseMsgFromUdpPlatform))
<BR><BR>[Stack]<UL><LI>Max Depth = 780 + Unknown Stack Size
<LI>Call Chain = AnalyseMsgFromUdpPlatform &rArr; DebugPlatformWriteDataAnalyse &rArr; ParaSetServerIp &rArr; DeleteAllRecord &rArr; f_mkfs &rArr; disk_initialize &rArr; MS_Init &rArr; MS_GetMaxLUN &rArr; Host_CtrlRecv &rArr; Host_FillSetup &rArr; WriteLE16U
</UL>
<BR>[Calls]<UL><LI><a href="#[7a]">&gt;&gt;</a>&nbsp;&nbsp;&nbsp;DebugPlatformWriteDataAnalyse
<LI><a href="#[79]">&gt;&gt;</a>&nbsp;&nbsp;&nbsp;DebugPlatformReadDataAnalyse
<LI><a href="#[78]">&gt;&gt;</a>&nbsp;&nbsp;&nbsp;ConfigProtocolFrameCheck
<LI><a href="#[85]">&gt;&gt;</a>&nbsp;&nbsp;&nbsp;socket
<LI><a href="#[84]">&gt;&gt;</a>&nbsp;&nbsp;&nbsp;recvfrom
<LI><a href="#[83]">&gt;&gt;</a>&nbsp;&nbsp;&nbsp;getSn_RX_RSR
<LI><a href="#[80]">&gt;&gt;</a>&nbsp;&nbsp;&nbsp;ctlwizchip
<LI><a href="#[82]">&gt;&gt;</a>&nbsp;&nbsp;&nbsp;WIZCHIP_WRITE
<LI><a href="#[81]">&gt;&gt;</a>&nbsp;&nbsp;&nbsp;WIZCHIP_READ
<LI><a href="#[55]">&gt;&gt;</a>&nbsp;&nbsp;&nbsp;__aeabi_memclr
</UL>
<BR>[Called By]<UL><LI><a href="#[49]">&gt;&gt;</a>&nbsp;&nbsp;&nbsp;MainTask
</UL>

<P><STRONG><a name="[212]"></a>Bcd32ToHex32</STRONG> (Thumb, 108 bytes, Stack size 0 bytes, myalglib.o(i.Bcd32ToHex32))
<BR><BR>[Called By]<UL><LI><a href="#[210]">&gt;&gt;</a>&nbsp;&nbsp;&nbsp;RecvCMD3
</UL>

<P><STRONG><a name="[236]"></a>BoardGetMaxCurrent</STRONG> (Thumb, 6 bytes, Stack size 0 bytes, para.o(i.BoardGetMaxCurrent))
<BR><BR>[Called By]<UL><LI><a href="#[be]">&gt;&gt;</a>&nbsp;&nbsp;&nbsp;SendPara
</UL>

<P><STRONG><a name="[234]"></a>BoardGetModuleType</STRONG> (Thumb, 6 bytes, Stack size 0 bytes, para.o(i.BoardGetModuleType))
<BR><BR>[Called By]<UL><LI><a href="#[be]">&gt;&gt;</a>&nbsp;&nbsp;&nbsp;SendPara
</UL>

<P><STRONG><a name="[235]"></a>BoardGetMoudleNum</STRONG> (Thumb, 6 bytes, Stack size 0 bytes, para.o(i.BoardGetMoudleNum))
<BR><BR>[Called By]<UL><LI><a href="#[be]">&gt;&gt;</a>&nbsp;&nbsp;&nbsp;SendPara
</UL>

<P><STRONG><a name="[237]"></a>BoardGetPowerMode</STRONG> (Thumb, 6 bytes, Stack size 0 bytes, para.o(i.BoardGetPowerMode))
<BR><BR>[Called By]<UL><LI><a href="#[be]">&gt;&gt;</a>&nbsp;&nbsp;&nbsp;SendPara
</UL>

<P><STRONG><a name="[8a]"></a>BoardInit</STRONG> (Thumb, 76 bytes, Stack size 8 bytes, board.o(i.BoardInit))
<BR><BR>[Stack]<UL><LI>Max Depth = 48<LI>Call Chain = BoardInit &rArr; CANInit
</UL>
<BR>[Calls]<UL><LI><a href="#[8c]">&gt;&gt;</a>&nbsp;&nbsp;&nbsp;UartInit
<LI><a href="#[8d]">&gt;&gt;</a>&nbsp;&nbsp;&nbsp;TimerInit
<LI><a href="#[8b]">&gt;&gt;</a>&nbsp;&nbsp;&nbsp;SystemInit
<LI><a href="#[97]">&gt;&gt;</a>&nbsp;&nbsp;&nbsp;SpiInit
<LI><a href="#[92]">&gt;&gt;</a>&nbsp;&nbsp;&nbsp;RtcInit
<LI><a href="#[90]">&gt;&gt;</a>&nbsp;&nbsp;&nbsp;RelayInit
<LI><a href="#[8f]">&gt;&gt;</a>&nbsp;&nbsp;&nbsp;LedInit
<LI><a href="#[96]">&gt;&gt;</a>&nbsp;&nbsp;&nbsp;GpioSetDir
<LI><a href="#[91]">&gt;&gt;</a>&nbsp;&nbsp;&nbsp;FramInit
<LI><a href="#[95]">&gt;&gt;</a>&nbsp;&nbsp;&nbsp;EepromInit
<LI><a href="#[94]">&gt;&gt;</a>&nbsp;&nbsp;&nbsp;DwinInit
<LI><a href="#[8e]">&gt;&gt;</a>&nbsp;&nbsp;&nbsp;CANInit
<LI><a href="#[93]">&gt;&gt;</a>&nbsp;&nbsp;&nbsp;BuzzerInit
</UL>
<BR>[Called By]<UL><LI><a href="#[39]">&gt;&gt;</a>&nbsp;&nbsp;&nbsp;main
</UL>

<P><STRONG><a name="[98]"></a>BoardRunLedControl</STRONG> (Thumb, 112 bytes, Stack size 8 bytes, maintask.o(i.BoardRunLedControl))
<BR><BR>[Stack]<UL><LI>Max Depth = 56 + Unknown Stack Size
<LI>Call Chain = BoardRunLedControl &rArr; OSTimeDlyHMSM &rArr; OSTimeDly &rArr; OS_Sched
</UL>
<BR>[Calls]<UL><LI><a href="#[6d]">&gt;&gt;</a>&nbsp;&nbsp;&nbsp;TimerRead
<LI><a href="#[88]">&gt;&gt;</a>&nbsp;&nbsp;&nbsp;OSTimeDlyHMSM
<LI><a href="#[99]">&gt;&gt;</a>&nbsp;&nbsp;&nbsp;LedRunOn
<LI><a href="#[9a]">&gt;&gt;</a>&nbsp;&nbsp;&nbsp;LedRunOff
</UL>
<BR>[Called By]<UL><LI><a href="#[49]">&gt;&gt;</a>&nbsp;&nbsp;&nbsp;MainTask
</UL>

<P><STRONG><a name="[93]"></a>BuzzerInit</STRONG> (Thumb, 20 bytes, Stack size 8 bytes, buzzer.o(i.BuzzerInit))
<BR><BR>[Stack]<UL><LI>Max Depth = 20<LI>Call Chain = BuzzerInit &rArr; GpioSetLev
</UL>
<BR>[Calls]<UL><LI><a href="#[9b]">&gt;&gt;</a>&nbsp;&nbsp;&nbsp;GpioSetLev
<LI><a href="#[96]">&gt;&gt;</a>&nbsp;&nbsp;&nbsp;GpioSetDir
</UL>
<BR>[Called By]<UL><LI><a href="#[8a]">&gt;&gt;</a>&nbsp;&nbsp;&nbsp;BoardInit
</UL>

<P><STRONG><a name="[89]"></a>BuzzerOff</STRONG> (Thumb, 12 bytes, Stack size 8 bytes, buzzer.o(i.BuzzerOff))
<BR><BR>[Stack]<UL><LI>Max Depth = 20<LI>Call Chain = BuzzerOff &rArr; GpioSetLev
</UL>
<BR>[Calls]<UL><LI><a href="#[9b]">&gt;&gt;</a>&nbsp;&nbsp;&nbsp;GpioSetLev
</UL>
<BR>[Called By]<UL><LI><a href="#[86]">&gt;&gt;</a>&nbsp;&nbsp;&nbsp;Beep
</UL>

<P><STRONG><a name="[87]"></a>BuzzerOn</STRONG> (Thumb, 12 bytes, Stack size 8 bytes, buzzer.o(i.BuzzerOn))
<BR><BR>[Stack]<UL><LI>Max Depth = 20<LI>Call Chain = BuzzerOn &rArr; GpioSetLev
</UL>
<BR>[Calls]<UL><LI><a href="#[9b]">&gt;&gt;</a>&nbsp;&nbsp;&nbsp;GpioSetLev
</UL>
<BR>[Called By]<UL><LI><a href="#[86]">&gt;&gt;</a>&nbsp;&nbsp;&nbsp;Beep
</UL>

<P><STRONG><a name="[8e]"></a>CANInit</STRONG> (Thumb, 534 bytes, Stack size 40 bytes, can.o(i.CANInit))
<BR><BR>[Stack]<UL><LI>Max Depth = 40<LI>Call Chain = CANInit
</UL>
<BR>[Calls]<UL><LI><a href="#[9c]">&gt;&gt;</a>&nbsp;&nbsp;&nbsp;NVIC_EnableIRQ
</UL>
<BR>[Called By]<UL><LI><a href="#[8a]">&gt;&gt;</a>&nbsp;&nbsp;&nbsp;BoardInit
</UL>

<P><STRONG><a name="[71]"></a>CANRead</STRONG> (Thumb, 132 bytes, Stack size 36 bytes, can.o(i.CANRead))
<BR><BR>[Stack]<UL><LI>Max Depth = 36<LI>Call Chain = CANRead
</UL>
<BR>[Called By]<UL><LI><a href="#[6f]">&gt;&gt;</a>&nbsp;&nbsp;&nbsp;AnalyseMsgFromCCB
</UL>

<P><STRONG><a name="[231]"></a>CANWrite</STRONG> (Thumb, 560 bytes, Stack size 40 bytes, can.o(i.CANWrite))
<BR><BR>[Stack]<UL><LI>Max Depth = 40<LI>Call Chain = CANWrite
</UL>
<BR>[Called By]<UL><LI><a href="#[1b8]">&gt;&gt;</a>&nbsp;&nbsp;&nbsp;SendDataToCCB
</UL>

<P><STRONG><a name="[29]"></a>CAN_IRQHandler</STRONG> (Thumb, 174 bytes, Stack size 32 bytes, can.o(i.CAN_IRQHandler))
<BR><BR>[Stack]<UL><LI>Max Depth = 32<LI>Call Chain = CAN_IRQHandler
</UL>
<BR>[Address Reference Count : 1]<UL><LI> startup_lpc177x_8x.o(RESET)
</UL>
<P><STRONG><a name="[a0]"></a>CalcKey</STRONG> (Thumb, 148 bytes, Stack size 184 bytes, encrypt.o(i.CalcKey))
<BR><BR>[Stack]<UL><LI>Max Depth = 548<LI>Call Chain = CalcKey &rArr; MD5Final &rArr; MD5Update &rArr; MD5Transform &rArr; MD5Decode
</UL>
<BR>[Calls]<UL><LI><a href="#[a4]">&gt;&gt;</a>&nbsp;&nbsp;&nbsp;MD5Update
<LI><a href="#[a2]">&gt;&gt;</a>&nbsp;&nbsp;&nbsp;MD5Init
<LI><a href="#[a5]">&gt;&gt;</a>&nbsp;&nbsp;&nbsp;MD5Final
<LI><a href="#[a3]">&gt;&gt;</a>&nbsp;&nbsp;&nbsp;strlen
<LI><a href="#[77]">&gt;&gt;</a>&nbsp;&nbsp;&nbsp;__aeabi_memclr4
<LI><a href="#[a1]">&gt;&gt;</a>&nbsp;&nbsp;&nbsp;__2sprintf
</UL>
<BR>[Called By]<UL><LI><a href="#[a6]">&gt;&gt;</a>&nbsp;&nbsp;&nbsp;CardProc
</UL>

<P><STRONG><a name="[ac]"></a>CardGetId</STRONG> (Thumb, 6 bytes, Stack size 0 bytes, cardtask.o(i.CardGetId))
<BR><BR>[Called By]<UL><LI><a href="#[ad]">&gt;&gt;</a>&nbsp;&nbsp;&nbsp;CardSetPileNumberAndLock
<LI><a href="#[ab]">&gt;&gt;</a>&nbsp;&nbsp;&nbsp;CardSetMoneyAndUnlock
<LI><a href="#[1b5]">&gt;&gt;</a>&nbsp;&nbsp;&nbsp;TwoGunHandle
<LI><a href="#[1b4]">&gt;&gt;</a>&nbsp;&nbsp;&nbsp;OneGunHandle
</UL>

<P><STRONG><a name="[1e3]"></a>CardGetLockState</STRONG> (Thumb, 8 bytes, Stack size 0 bytes, cardtask.o(i.CardGetLockState))
<BR><BR>[Called By]<UL><LI><a href="#[1b5]">&gt;&gt;</a>&nbsp;&nbsp;&nbsp;TwoGunHandle
<LI><a href="#[1b4]">&gt;&gt;</a>&nbsp;&nbsp;&nbsp;OneGunHandle
</UL>

<P><STRONG><a name="[1e2]"></a>CardGetMoney</STRONG> (Thumb, 6 bytes, Stack size 0 bytes, cardtask.o(i.CardGetMoney))
<BR><BR>[Called By]<UL><LI><a href="#[1b5]">&gt;&gt;</a>&nbsp;&nbsp;&nbsp;TwoGunHandle
<LI><a href="#[1b4]">&gt;&gt;</a>&nbsp;&nbsp;&nbsp;OneGunHandle
</UL>

<P><STRONG><a name="[19d]"></a>CardGetPileNumber</STRONG> (Thumb, 12 bytes, Stack size 0 bytes, cardtask.o(i.CardGetPileNumber))
<BR><BR>[Called By]<UL><LI><a href="#[19c]">&gt;&gt;</a>&nbsp;&nbsp;&nbsp;LockedCardHandle
</UL>

<P><STRONG><a name="[1e1]"></a>CardGetState</STRONG> (Thumb, 14 bytes, Stack size 0 bytes, cardtask.o(i.CardGetState))
<BR><BR>[Called By]<UL><LI><a href="#[1b5]">&gt;&gt;</a>&nbsp;&nbsp;&nbsp;TwoGunHandle
<LI><a href="#[1b4]">&gt;&gt;</a>&nbsp;&nbsp;&nbsp;OneGunHandle
</UL>

<P><STRONG><a name="[1e4]"></a>CardGetType</STRONG> (Thumb, 8 bytes, Stack size 0 bytes, cardtask.o(i.CardGetType))
<BR><BR>[Called By]<UL><LI><a href="#[1b5]">&gt;&gt;</a>&nbsp;&nbsp;&nbsp;TwoGunHandle
<LI><a href="#[1b4]">&gt;&gt;</a>&nbsp;&nbsp;&nbsp;OneGunHandle
</UL>

<P><STRONG><a name="[ab]"></a>CardSetMoneyAndUnlock</STRONG> (Thumb, 68 bytes, Stack size 16 bytes, cardtask.o(i.CardSetMoneyAndUnlock))
<BR><BR>[Stack]<UL><LI>Max Depth = 64 + Unknown Stack Size
<LI>Call Chain = CardSetMoneyAndUnlock &rArr; OSTimeDlyHMSM &rArr; OSTimeDly &rArr; OS_Sched
</UL>
<BR>[Calls]<UL><LI><a href="#[88]">&gt;&gt;</a>&nbsp;&nbsp;&nbsp;OSTimeDlyHMSM
<LI><a href="#[ac]">&gt;&gt;</a>&nbsp;&nbsp;&nbsp;CardGetId
</UL>
<BR>[Called By]<UL><LI><a href="#[1a0]">&gt;&gt;</a>&nbsp;&nbsp;&nbsp;UnLockCardPro
</UL>

<P><STRONG><a name="[ad]"></a>CardSetPileNumberAndLock</STRONG> (Thumb, 70 bytes, Stack size 16 bytes, cardtask.o(i.CardSetPileNumberAndLock))
<BR><BR>[Stack]<UL><LI>Max Depth = 64 + Unknown Stack Size
<LI>Call Chain = CardSetPileNumberAndLock &rArr; OSTimeDlyHMSM &rArr; OSTimeDly &rArr; OS_Sched
</UL>
<BR>[Calls]<UL><LI><a href="#[88]">&gt;&gt;</a>&nbsp;&nbsp;&nbsp;OSTimeDlyHMSM
<LI><a href="#[ac]">&gt;&gt;</a>&nbsp;&nbsp;&nbsp;CardGetId
</UL>
<BR>[Called By]<UL><LI><a href="#[19a]">&gt;&gt;</a>&nbsp;&nbsp;&nbsp;LockCardPro
</UL>

<P><STRONG><a name="[4e]"></a>CardTask</STRONG> (Thumb, 30 bytes, Stack size 0 bytes, cardtask.o(i.CardTask))
<BR><BR>[Stack]<UL><LI>Max Depth = 660 + Unknown Stack Size
<LI>Call Chain = CardTask &rArr; CardProc &rArr; MTWrite &rArr; MTSenddRv &rArr; UartWrite &rArr; OSSemPost &rArr; OS_EventTaskRdy
</UL>
<BR>[Calls]<UL><LI><a href="#[88]">&gt;&gt;</a>&nbsp;&nbsp;&nbsp;OSTimeDlyHMSM
<LI><a href="#[ae]">&gt;&gt;</a>&nbsp;&nbsp;&nbsp;print
<LI><a href="#[af]">&gt;&gt;</a>&nbsp;&nbsp;&nbsp;MTInit
<LI><a href="#[a6]">&gt;&gt;</a>&nbsp;&nbsp;&nbsp;CardProc
</UL>
<BR>[Address Reference Count : 1]<UL><LI> app.o(i.main)
</UL>
<P><STRONG><a name="[b5]"></a>ChargeRecordInit</STRONG> (Thumb, 96 bytes, Stack size 16 bytes, record.o(i.ChargeRecordInit))
<BR><BR>[Stack]<UL><LI>Max Depth = 60 + Unknown Stack Size
<LI>Call Chain = ChargeRecordInit &rArr; OSMutexPost &rArr; OS_EventTaskRdy
</UL>
<BR>[Calls]<UL><LI><a href="#[b8]">&gt;&gt;</a>&nbsp;&nbsp;&nbsp;OSMutexPost
<LI><a href="#[b6]">&gt;&gt;</a>&nbsp;&nbsp;&nbsp;OSMutexPend
<LI><a href="#[b7]">&gt;&gt;</a>&nbsp;&nbsp;&nbsp;FramRead
<LI><a href="#[55]">&gt;&gt;</a>&nbsp;&nbsp;&nbsp;__aeabi_memclr
</UL>
<BR>[Called By]<UL><LI><a href="#[1ff]">&gt;&gt;</a>&nbsp;&nbsp;&nbsp;RecordInit
</UL>

<P><STRONG><a name="[4a]"></a>ChargeTask</STRONG> (Thumb, 40 bytes, Stack size 0 bytes, chginterface.o(i.ChargeTask))
<BR><BR>[Stack]<UL><LI>Max Depth = 152 + Unknown Stack Size
<LI>Call Chain = ChargeTask &rArr; ChgHandle &rArr; SendPF35 &rArr; MultiFramePackAndSend &rArr; SendDataToCCB &rArr; OSTimeDlyHMSM &rArr; OSTimeDly &rArr; OS_Sched
</UL>
<BR>[Calls]<UL><LI><a href="#[70]">&gt;&gt;</a>&nbsp;&nbsp;&nbsp;ParaGetChgGunNumber
<LI><a href="#[88]">&gt;&gt;</a>&nbsp;&nbsp;&nbsp;OSTimeDlyHMSM
<LI><a href="#[b9]">&gt;&gt;</a>&nbsp;&nbsp;&nbsp;ChgHandle
</UL>
<BR>[Address Reference Count : 1]<UL><LI> app.o(i.main)
</UL>
<P><STRONG><a name="[ba]"></a>ChargingRecordInit</STRONG> (Thumb, 330 bytes, Stack size 32 bytes, record.o(i.ChargingRecordInit))
<BR><BR>[Stack]<UL><LI>Max Depth = 4588 + Unknown Stack Size
<LI>Call Chain = ChargingRecordInit &rArr; InsertChargeRecord &rArr; f_open &rArr; follow_path &rArr; dir_find &rArr; dir_next &rArr; create_chain &rArr; put_fat &rArr; move_window &rArr; sync_window &rArr; disk_write &rArr; MS_BulkSend &rArr; Fill_MSCommand &rArr; WriteLE32U
</UL>
<BR>[Calls]<UL><LI><a href="#[bb]">&gt;&gt;</a>&nbsp;&nbsp;&nbsp;InsertChargeRecord
<LI><a href="#[b8]">&gt;&gt;</a>&nbsp;&nbsp;&nbsp;OSMutexPost
<LI><a href="#[b6]">&gt;&gt;</a>&nbsp;&nbsp;&nbsp;OSMutexPend
<LI><a href="#[bc]">&gt;&gt;</a>&nbsp;&nbsp;&nbsp;FramWrite
<LI><a href="#[b7]">&gt;&gt;</a>&nbsp;&nbsp;&nbsp;FramRead
<LI><a href="#[55]">&gt;&gt;</a>&nbsp;&nbsp;&nbsp;__aeabi_memclr
</UL>
<BR>[Called By]<UL><LI><a href="#[1ff]">&gt;&gt;</a>&nbsp;&nbsp;&nbsp;RecordInit
</UL>

<P><STRONG><a name="[b9]"></a>ChgHandle</STRONG> (Thumb, 968 bytes, Stack size 8 bytes, ext_chgtask.o(i.ChgHandle))
<BR><BR>[Stack]<UL><LI>Max Depth = 152 + Unknown Stack Size
<LI>Call Chain = ChgHandle &rArr; SendPF35 &rArr; MultiFramePackAndSend &rArr; SendDataToCCB &rArr; OSTimeDlyHMSM &rArr; OSTimeDly &rArr; OS_Sched
</UL>
<BR>[Calls]<UL><LI><a href="#[6d]">&gt;&gt;</a>&nbsp;&nbsp;&nbsp;TimerRead
<LI><a href="#[bd]">&gt;&gt;</a>&nbsp;&nbsp;&nbsp;SetParaCmd
<LI><a href="#[bf]">&gt;&gt;</a>&nbsp;&nbsp;&nbsp;GetParaCmd
<LI><a href="#[c2]">&gt;&gt;</a>&nbsp;&nbsp;&nbsp;SendPF35
<LI><a href="#[c0]">&gt;&gt;</a>&nbsp;&nbsp;&nbsp;SendPF32
<LI><a href="#[c1]">&gt;&gt;</a>&nbsp;&nbsp;&nbsp;SendPF30
<LI><a href="#[6f]">&gt;&gt;</a>&nbsp;&nbsp;&nbsp;AnalyseMsgFromCCB
<LI><a href="#[be]">&gt;&gt;</a>&nbsp;&nbsp;&nbsp;SendPara
</UL>
<BR>[Called By]<UL><LI><a href="#[4a]">&gt;&gt;</a>&nbsp;&nbsp;&nbsp;ChargeTask
</UL>

<P><STRONG><a name="[238]"></a>ClearParaCmd</STRONG> (Thumb, 12 bytes, Stack size 0 bytes, para.o(i.ClearParaCmd))
<BR><BR>[Called By]<UL><LI><a href="#[be]">&gt;&gt;</a>&nbsp;&nbsp;&nbsp;SendPara
</UL>

<P><STRONG><a name="[78]"></a>ConfigProtocolFrameCheck</STRONG> (Thumb, 256 bytes, Stack size 56 bytes, para.o(i.ConfigProtocolFrameCheck))
<BR><BR>[Stack]<UL><LI>Max Depth = 72<LI>Call Chain = ConfigProtocolFrameCheck &rArr; ParaGetPileNo
</UL>
<BR>[Calls]<UL><LI><a href="#[cb]">&gt;&gt;</a>&nbsp;&nbsp;&nbsp;ParaGetPileNo
<LI><a href="#[ca]">&gt;&gt;</a>&nbsp;&nbsp;&nbsp;memcmp
<LI><a href="#[77]">&gt;&gt;</a>&nbsp;&nbsp;&nbsp;__aeabi_memclr4
<LI><a href="#[56]">&gt;&gt;</a>&nbsp;&nbsp;&nbsp;__aeabi_memset
</UL>
<BR>[Called By]<UL><LI><a href="#[7f]">&gt;&gt;</a>&nbsp;&nbsp;&nbsp;AnalyseMsgFromUdpPlatform
<LI><a href="#[75]">&gt;&gt;</a>&nbsp;&nbsp;&nbsp;AnalyseMsgFromDebugPlatform
</UL>

<P><STRONG><a name="[79]"></a>DebugPlatformReadDataAnalyse</STRONG> (Thumb, 2246 bytes, Stack size 600 bytes, para.o(i.DebugPlatformReadDataAnalyse))
<BR><BR>[Stack]<UL><LI>Max Depth = 720 + Unknown Stack Size
<LI>Call Chain = DebugPlatformReadDataAnalyse &rArr; UDPSend &rArr; sendto &rArr; wiz_send_data &rArr; WIZCHIP_WRITE_BUF
</UL>
<BR>[Calls]<UL><LI><a href="#[6d]">&gt;&gt;</a>&nbsp;&nbsp;&nbsp;TimerRead
<LI><a href="#[cd]">&gt;&gt;</a>&nbsp;&nbsp;&nbsp;RtcRead
<LI><a href="#[d2]">&gt;&gt;</a>&nbsp;&nbsp;&nbsp;ParaGetQRCode
<LI><a href="#[cb]">&gt;&gt;</a>&nbsp;&nbsp;&nbsp;ParaGetPileNo
<LI><a href="#[9e]">&gt;&gt;</a>&nbsp;&nbsp;&nbsp;ParaGetFeilvTime
<LI><a href="#[9f]">&gt;&gt;</a>&nbsp;&nbsp;&nbsp;ParaGetFeilvMoney
<LI><a href="#[70]">&gt;&gt;</a>&nbsp;&nbsp;&nbsp;ParaGetChgGunNumber
<LI><a href="#[88]">&gt;&gt;</a>&nbsp;&nbsp;&nbsp;OSTimeDlyHMSM
<LI><a href="#[e3]">&gt;&gt;</a>&nbsp;&nbsp;&nbsp;GetTrickleSoc
<LI><a href="#[e2]">&gt;&gt;</a>&nbsp;&nbsp;&nbsp;GetTrickleCur
<LI><a href="#[e8]">&gt;&gt;</a>&nbsp;&nbsp;&nbsp;UartWrite
<LI><a href="#[e9]">&gt;&gt;</a>&nbsp;&nbsp;&nbsp;UDPSend
<LI><a href="#[e7]">&gt;&gt;</a>&nbsp;&nbsp;&nbsp;ReadPowerMod
<LI><a href="#[e5]">&gt;&gt;</a>&nbsp;&nbsp;&nbsp;ReadMoudlenum
<LI><a href="#[e4]">&gt;&gt;</a>&nbsp;&nbsp;&nbsp;ReadModuletype
<LI><a href="#[e6]">&gt;&gt;</a>&nbsp;&nbsp;&nbsp;ReadMaxcurrent
<LI><a href="#[d3]">&gt;&gt;</a>&nbsp;&nbsp;&nbsp;ParaGetUpChannel
<LI><a href="#[df]">&gt;&gt;</a>&nbsp;&nbsp;&nbsp;ParaGetTestWorker
<LI><a href="#[d7]">&gt;&gt;</a>&nbsp;&nbsp;&nbsp;ParaGetSubMask
<LI><a href="#[d5]">&gt;&gt;</a>&nbsp;&nbsp;&nbsp;ParaGetServerPort
<LI><a href="#[d4]">&gt;&gt;</a>&nbsp;&nbsp;&nbsp;ParaGetServerIp
<LI><a href="#[cf]">&gt;&gt;</a>&nbsp;&nbsp;&nbsp;ParaGetScreenTime
<LI><a href="#[d9]">&gt;&gt;</a>&nbsp;&nbsp;&nbsp;ParaGetPhyMac
<LI><a href="#[ce]">&gt;&gt;</a>&nbsp;&nbsp;&nbsp;ParaGetNetHeartTime
<LI><a href="#[dd]">&gt;&gt;</a>&nbsp;&nbsp;&nbsp;ParaGetManufactureDate
<LI><a href="#[de]">&gt;&gt;</a>&nbsp;&nbsp;&nbsp;ParaGetManufactureBase
<LI><a href="#[d6]">&gt;&gt;</a>&nbsp;&nbsp;&nbsp;ParaGetLocalIp
<LI><a href="#[e0]">&gt;&gt;</a>&nbsp;&nbsp;&nbsp;ParaGetLifeTime
<LI><a href="#[cc]">&gt;&gt;</a>&nbsp;&nbsp;&nbsp;ParaGetHardVersion
<LI><a href="#[d8]">&gt;&gt;</a>&nbsp;&nbsp;&nbsp;ParaGetGateWay
<LI><a href="#[d1]">&gt;&gt;</a>&nbsp;&nbsp;&nbsp;ParaGetDCMeterAddr
<LI><a href="#[a8]">&gt;&gt;</a>&nbsp;&nbsp;&nbsp;ParaGetCustomerNumber
<LI><a href="#[e1]">&gt;&gt;</a>&nbsp;&nbsp;&nbsp;ParaGetActCode
<LI><a href="#[db]">&gt;&gt;</a>&nbsp;&nbsp;&nbsp;ParaGetAPNUser
<LI><a href="#[dc]">&gt;&gt;</a>&nbsp;&nbsp;&nbsp;ParaGetAPNPasswd
<LI><a href="#[da]">&gt;&gt;</a>&nbsp;&nbsp;&nbsp;ParaGetAPN
<LI><a href="#[d0]">&gt;&gt;</a>&nbsp;&nbsp;&nbsp;ParaGetACMeterAddr
<LI><a href="#[77]">&gt;&gt;</a>&nbsp;&nbsp;&nbsp;__aeabi_memclr4
<LI><a href="#[67]">&gt;&gt;</a>&nbsp;&nbsp;&nbsp;__aeabi_memcpy
</UL>
<BR>[Called By]<UL><LI><a href="#[7f]">&gt;&gt;</a>&nbsp;&nbsp;&nbsp;AnalyseMsgFromUdpPlatform
<LI><a href="#[75]">&gt;&gt;</a>&nbsp;&nbsp;&nbsp;AnalyseMsgFromDebugPlatform
</UL>

<P><STRONG><a name="[7a]"></a>DebugPlatformWriteDataAnalyse</STRONG> (Thumb, 1664 bytes, Stack size 488 bytes, para.o(i.DebugPlatformWriteDataAnalyse))
<BR><BR>[Stack]<UL><LI>Max Depth = 748 + Unknown Stack Size
<LI>Call Chain = DebugPlatformWriteDataAnalyse &rArr; ParaSetServerIp &rArr; DeleteAllRecord &rArr; f_mkfs &rArr; disk_initialize &rArr; MS_Init &rArr; MS_GetMaxLUN &rArr; Host_CtrlRecv &rArr; Host_FillSetup &rArr; WriteLE16U
</UL>
<BR>[Calls]<UL><LI><a href="#[6d]">&gt;&gt;</a>&nbsp;&nbsp;&nbsp;TimerRead
<LI><a href="#[cb]">&gt;&gt;</a>&nbsp;&nbsp;&nbsp;ParaGetPileNo
<LI><a href="#[88]">&gt;&gt;</a>&nbsp;&nbsp;&nbsp;OSTimeDlyHMSM
<LI><a href="#[e8]">&gt;&gt;</a>&nbsp;&nbsp;&nbsp;UartWrite
<LI><a href="#[e9]">&gt;&gt;</a>&nbsp;&nbsp;&nbsp;UDPSend
<LI><a href="#[ed]">&gt;&gt;</a>&nbsp;&nbsp;&nbsp;RtcWrite
<LI><a href="#[f3]">&gt;&gt;</a>&nbsp;&nbsp;&nbsp;DeleteAllRecord
<LI><a href="#[107]">&gt;&gt;</a>&nbsp;&nbsp;&nbsp;SetTrickleSoc
<LI><a href="#[106]">&gt;&gt;</a>&nbsp;&nbsp;&nbsp;SetTrickleCur
<LI><a href="#[f5]">&gt;&gt;</a>&nbsp;&nbsp;&nbsp;ParaSetUpChannel
<LI><a href="#[103]">&gt;&gt;</a>&nbsp;&nbsp;&nbsp;ParaSetTestWorker
<LI><a href="#[f9]">&gt;&gt;</a>&nbsp;&nbsp;&nbsp;ParaSetSubMask
<LI><a href="#[f7]">&gt;&gt;</a>&nbsp;&nbsp;&nbsp;ParaSetServerPort
<LI><a href="#[f6]">&gt;&gt;</a>&nbsp;&nbsp;&nbsp;ParaSetServerIp
<LI><a href="#[ef]">&gt;&gt;</a>&nbsp;&nbsp;&nbsp;ParaSetScreenTime
<LI><a href="#[f4]">&gt;&gt;</a>&nbsp;&nbsp;&nbsp;ParaSetQRCode
<LI><a href="#[ea]">&gt;&gt;</a>&nbsp;&nbsp;&nbsp;ParaSetPileNo
<LI><a href="#[fb]">&gt;&gt;</a>&nbsp;&nbsp;&nbsp;ParaSetPhyMac
<LI><a href="#[ee]">&gt;&gt;</a>&nbsp;&nbsp;&nbsp;ParaSetNetHeartTime
<LI><a href="#[101]">&gt;&gt;</a>&nbsp;&nbsp;&nbsp;ParaSetManufactureDate
<LI><a href="#[102]">&gt;&gt;</a>&nbsp;&nbsp;&nbsp;ParaSetManufactureBase
<LI><a href="#[f8]">&gt;&gt;</a>&nbsp;&nbsp;&nbsp;ParaSetLocalIp
<LI><a href="#[104]">&gt;&gt;</a>&nbsp;&nbsp;&nbsp;ParaSetLifeTime
<LI><a href="#[eb]">&gt;&gt;</a>&nbsp;&nbsp;&nbsp;ParaSetHardVersion
<LI><a href="#[fa]">&gt;&gt;</a>&nbsp;&nbsp;&nbsp;ParaSetGateWay
<LI><a href="#[ff]">&gt;&gt;</a>&nbsp;&nbsp;&nbsp;ParaSetFeilvTime
<LI><a href="#[100]">&gt;&gt;</a>&nbsp;&nbsp;&nbsp;ParaSetFeilvMoney
<LI><a href="#[f1]">&gt;&gt;</a>&nbsp;&nbsp;&nbsp;ParaSetDCMeterAddr
<LI><a href="#[f2]">&gt;&gt;</a>&nbsp;&nbsp;&nbsp;ParaSetCustomerNumber
<LI><a href="#[ec]">&gt;&gt;</a>&nbsp;&nbsp;&nbsp;ParaSetChgGunNumber
<LI><a href="#[105]">&gt;&gt;</a>&nbsp;&nbsp;&nbsp;ParaSetActCode
<LI><a href="#[fd]">&gt;&gt;</a>&nbsp;&nbsp;&nbsp;ParaSetAPNUser
<LI><a href="#[fe]">&gt;&gt;</a>&nbsp;&nbsp;&nbsp;ParaSetAPNPasswd
<LI><a href="#[fc]">&gt;&gt;</a>&nbsp;&nbsp;&nbsp;ParaSetAPN
<LI><a href="#[f0]">&gt;&gt;</a>&nbsp;&nbsp;&nbsp;ParaSetACMeterAddr
<LI><a href="#[cf]">&gt;&gt;</a>&nbsp;&nbsp;&nbsp;ParaGetScreenTime
<LI><a href="#[77]">&gt;&gt;</a>&nbsp;&nbsp;&nbsp;__aeabi_memclr4
<LI><a href="#[67]">&gt;&gt;</a>&nbsp;&nbsp;&nbsp;__aeabi_memcpy
</UL>
<BR>[Called By]<UL><LI><a href="#[7f]">&gt;&gt;</a>&nbsp;&nbsp;&nbsp;AnalyseMsgFromUdpPlatform
<LI><a href="#[75]">&gt;&gt;</a>&nbsp;&nbsp;&nbsp;AnalyseMsgFromDebugPlatform
</UL>

<P><STRONG><a name="[108]"></a>Decrypt</STRONG> (Thumb, 28 bytes, Stack size 24 bytes, encrypt.o(i.Decrypt))
<BR><BR>[Stack]<UL><LI>Max Depth = 104<LI>Call Chain = Decrypt &rArr; AES_ECB_decrypt &rArr; InvCipher &rArr; InvMixColumns
</UL>
<BR>[Calls]<UL><LI><a href="#[66]">&gt;&gt;</a>&nbsp;&nbsp;&nbsp;AES_ECB_decrypt
</UL>
<BR>[Called By]<UL><LI><a href="#[a9]">&gt;&gt;</a>&nbsp;&nbsp;&nbsp;MTRead
</UL>

<P><STRONG><a name="[109]"></a>Decryption</STRONG> (Thumb, 130 bytes, Stack size 88 bytes, myalglib.o(i.Decryption))
<BR><BR>[Stack]<UL><LI>Max Depth = 124<LI>Call Chain = Decryption &rArr; HexstrToDec
</UL>
<BR>[Calls]<UL><LI><a href="#[10a]">&gt;&gt;</a>&nbsp;&nbsp;&nbsp;HexstrToDec
<LI><a href="#[77]">&gt;&gt;</a>&nbsp;&nbsp;&nbsp;__aeabi_memclr4
</UL>
<BR>[Called By]<UL><LI><a href="#[105]">&gt;&gt;</a>&nbsp;&nbsp;&nbsp;ParaSetActCode
</UL>

<P><STRONG><a name="[10b]"></a>DelayMs</STRONG> (Thumb, 12 bytes, Stack size 8 bytes, board.o(i.DelayMs))
<BR><BR>[Stack]<UL><LI>Max Depth = 24 + Unknown Stack Size
<LI>Call Chain = DelayMs &rArr; OSTimeDly &rArr; OS_Sched
</UL>
<BR>[Calls]<UL><LI><a href="#[10c]">&gt;&gt;</a>&nbsp;&nbsp;&nbsp;OSTimeDly
</UL>
<BR>[Called By]<UL><LI><a href="#[144]">&gt;&gt;</a>&nbsp;&nbsp;&nbsp;RS485Write
<LI><a href="#[140]">&gt;&gt;</a>&nbsp;&nbsp;&nbsp;ElmSenddRv
<LI><a href="#[1b0]">&gt;&gt;</a>&nbsp;&nbsp;&nbsp;MTSenddRv
</UL>

<P><STRONG><a name="[f3]"></a>DeleteAllRecord</STRONG> (Thumb, 174 bytes, Stack size 8 bytes, record.o(i.DeleteAllRecord))
<BR><BR>[Stack]<UL><LI>Max Depth = 244 + Unknown Stack Size
<LI>Call Chain = DeleteAllRecord &rArr; f_mkfs &rArr; disk_initialize &rArr; MS_Init &rArr; MS_GetMaxLUN &rArr; Host_CtrlRecv &rArr; Host_FillSetup &rArr; WriteLE16U
</UL>
<BR>[Calls]<UL><LI><a href="#[10d]">&gt;&gt;</a>&nbsp;&nbsp;&nbsp;f_mount
<LI><a href="#[10e]">&gt;&gt;</a>&nbsp;&nbsp;&nbsp;f_mkfs
<LI><a href="#[b8]">&gt;&gt;</a>&nbsp;&nbsp;&nbsp;OSMutexPost
<LI><a href="#[b6]">&gt;&gt;</a>&nbsp;&nbsp;&nbsp;OSMutexPend
<LI><a href="#[bc]">&gt;&gt;</a>&nbsp;&nbsp;&nbsp;FramWrite
<LI><a href="#[77]">&gt;&gt;</a>&nbsp;&nbsp;&nbsp;__aeabi_memclr4
<LI><a href="#[55]">&gt;&gt;</a>&nbsp;&nbsp;&nbsp;__aeabi_memclr
</UL>
<BR>[Called By]<UL><LI><a href="#[f6]">&gt;&gt;</a>&nbsp;&nbsp;&nbsp;ParaSetServerIp
<LI><a href="#[7a]">&gt;&gt;</a>&nbsp;&nbsp;&nbsp;DebugPlatformWriteDataAnalyse
</UL>

<P><STRONG><a name="[10f]"></a>DeleteChargingRecord</STRONG> (Thumb, 80 bytes, Stack size 16 bytes, record.o(i.DeleteChargingRecord))
<BR><BR>[Stack]<UL><LI>Max Depth = 60 + Unknown Stack Size
<LI>Call Chain = DeleteChargingRecord &rArr; OSMutexPost &rArr; OS_EventTaskRdy
</UL>
<BR>[Calls]<UL><LI><a href="#[b8]">&gt;&gt;</a>&nbsp;&nbsp;&nbsp;OSMutexPost
<LI><a href="#[b6]">&gt;&gt;</a>&nbsp;&nbsp;&nbsp;OSMutexPend
<LI><a href="#[bc]">&gt;&gt;</a>&nbsp;&nbsp;&nbsp;FramWrite
<LI><a href="#[55]">&gt;&gt;</a>&nbsp;&nbsp;&nbsp;__aeabi_memclr
</UL>
<BR>[Called By]<UL><LI><a href="#[1b5]">&gt;&gt;</a>&nbsp;&nbsp;&nbsp;TwoGunHandle
<LI><a href="#[1b4]">&gt;&gt;</a>&nbsp;&nbsp;&nbsp;OneGunHandle
</UL>

<P><STRONG><a name="[110]"></a>DeleteLockCardRecord</STRONG> (Thumb, 78 bytes, Stack size 16 bytes, record.o(i.DeleteLockCardRecord))
<BR><BR>[Stack]<UL><LI>Max Depth = 60 + Unknown Stack Size
<LI>Call Chain = DeleteLockCardRecord &rArr; OSMutexPost &rArr; OS_EventTaskRdy
</UL>
<BR>[Calls]<UL><LI><a href="#[b8]">&gt;&gt;</a>&nbsp;&nbsp;&nbsp;OSMutexPost
<LI><a href="#[b6]">&gt;&gt;</a>&nbsp;&nbsp;&nbsp;OSMutexPend
<LI><a href="#[bc]">&gt;&gt;</a>&nbsp;&nbsp;&nbsp;FramWrite
</UL>
<BR>[Called By]<UL><LI><a href="#[1b5]">&gt;&gt;</a>&nbsp;&nbsp;&nbsp;TwoGunHandle
<LI><a href="#[1b4]">&gt;&gt;</a>&nbsp;&nbsp;&nbsp;OneGunHandle
<LI><a href="#[19c]">&gt;&gt;</a>&nbsp;&nbsp;&nbsp;LockedCardHandle
</UL>

<P><STRONG><a name="[111]"></a>DispAChargeInfo</STRONG> (Thumb, 298 bytes, Stack size 96 bytes, display.o(i.DispAChargeInfo))
<BR><BR>[Stack]<UL><LI>Max Depth = 452 + Unknown Stack Size
<LI>Call Chain = DispAChargeInfo &rArr; XRD_Write_Addr &rArr; UartWrite &rArr; OSSemPost &rArr; OS_EventTaskRdy
</UL>
<BR>[Calls]<UL><LI><a href="#[112]">&gt;&gt;</a>&nbsp;&nbsp;&nbsp;XRD_Write_Addr
<LI><a href="#[113]">&gt;&gt;</a>&nbsp;&nbsp;&nbsp;XRD_Load_Page
<LI><a href="#[77]">&gt;&gt;</a>&nbsp;&nbsp;&nbsp;__aeabi_memclr4
<LI><a href="#[a1]">&gt;&gt;</a>&nbsp;&nbsp;&nbsp;__2sprintf
</UL>
<BR>[Called By]<UL><LI><a href="#[1b4]">&gt;&gt;</a>&nbsp;&nbsp;&nbsp;OneGunHandle
</UL>

<P><STRONG><a name="[114]"></a>DispAChgBChgInfo</STRONG> (Thumb, 630 bytes, Stack size 112 bytes, display.o(i.DispAChgBChgInfo))
<BR><BR>[Stack]<UL><LI>Max Depth = 468 + Unknown Stack Size
<LI>Call Chain = DispAChgBChgInfo &rArr; XRD_Write_Addr &rArr; UartWrite &rArr; OSSemPost &rArr; OS_EventTaskRdy
</UL>
<BR>[Calls]<UL><LI><a href="#[112]">&gt;&gt;</a>&nbsp;&nbsp;&nbsp;XRD_Write_Addr
<LI><a href="#[113]">&gt;&gt;</a>&nbsp;&nbsp;&nbsp;XRD_Load_Page
<LI><a href="#[77]">&gt;&gt;</a>&nbsp;&nbsp;&nbsp;__aeabi_memclr4
<LI><a href="#[a1]">&gt;&gt;</a>&nbsp;&nbsp;&nbsp;__2sprintf
</UL>
<BR>[Called By]<UL><LI><a href="#[1b5]">&gt;&gt;</a>&nbsp;&nbsp;&nbsp;TwoGunHandle
</UL>

<P><STRONG><a name="[115]"></a>DispAChgBIdleInfo</STRONG> (Thumb, 330 bytes, Stack size 96 bytes, display.o(i.DispAChgBIdleInfo))
<BR><BR>[Stack]<UL><LI>Max Depth = 452 + Unknown Stack Size
<LI>Call Chain = DispAChgBIdleInfo &rArr; XRD_Write_Addr &rArr; UartWrite &rArr; OSSemPost &rArr; OS_EventTaskRdy
</UL>
<BR>[Calls]<UL><LI><a href="#[112]">&gt;&gt;</a>&nbsp;&nbsp;&nbsp;XRD_Write_Addr
<LI><a href="#[113]">&gt;&gt;</a>&nbsp;&nbsp;&nbsp;XRD_Load_Page
<LI><a href="#[116]">&gt;&gt;</a>&nbsp;&nbsp;&nbsp;XRD_Draw_Ioc
<LI><a href="#[77]">&gt;&gt;</a>&nbsp;&nbsp;&nbsp;__aeabi_memclr4
<LI><a href="#[a1]">&gt;&gt;</a>&nbsp;&nbsp;&nbsp;__2sprintf
</UL>
<BR>[Called By]<UL><LI><a href="#[1b5]">&gt;&gt;</a>&nbsp;&nbsp;&nbsp;TwoGunHandle
</UL>

<P><STRONG><a name="[117]"></a>DispAChgBStopInfo</STRONG> (Thumb, 416 bytes, Stack size 104 bytes, display.o(i.DispAChgBStopInfo))
<BR><BR>[Stack]<UL><LI>Max Depth = 460 + Unknown Stack Size
<LI>Call Chain = DispAChgBStopInfo &rArr; XRD_Write_Addr &rArr; UartWrite &rArr; OSSemPost &rArr; OS_EventTaskRdy
</UL>
<BR>[Calls]<UL><LI><a href="#[112]">&gt;&gt;</a>&nbsp;&nbsp;&nbsp;XRD_Write_Addr
<LI><a href="#[113]">&gt;&gt;</a>&nbsp;&nbsp;&nbsp;XRD_Load_Page
<LI><a href="#[77]">&gt;&gt;</a>&nbsp;&nbsp;&nbsp;__aeabi_memclr4
<LI><a href="#[a1]">&gt;&gt;</a>&nbsp;&nbsp;&nbsp;__2sprintf
</UL>
<BR>[Called By]<UL><LI><a href="#[1b5]">&gt;&gt;</a>&nbsp;&nbsp;&nbsp;TwoGunHandle
</UL>

<P><STRONG><a name="[118]"></a>DispAIdleBChgInfo</STRONG> (Thumb, 346 bytes, Stack size 120 bytes, display.o(i.DispAIdleBChgInfo))
<BR><BR>[Stack]<UL><LI>Max Depth = 476 + Unknown Stack Size
<LI>Call Chain = DispAIdleBChgInfo &rArr; XRD_Write_Addr &rArr; UartWrite &rArr; OSSemPost &rArr; OS_EventTaskRdy
</UL>
<BR>[Calls]<UL><LI><a href="#[112]">&gt;&gt;</a>&nbsp;&nbsp;&nbsp;XRD_Write_Addr
<LI><a href="#[113]">&gt;&gt;</a>&nbsp;&nbsp;&nbsp;XRD_Load_Page
<LI><a href="#[116]">&gt;&gt;</a>&nbsp;&nbsp;&nbsp;XRD_Draw_Ioc
<LI><a href="#[77]">&gt;&gt;</a>&nbsp;&nbsp;&nbsp;__aeabi_memclr4
<LI><a href="#[a1]">&gt;&gt;</a>&nbsp;&nbsp;&nbsp;__2sprintf
</UL>
<BR>[Called By]<UL><LI><a href="#[1b5]">&gt;&gt;</a>&nbsp;&nbsp;&nbsp;TwoGunHandle
</UL>

<P><STRONG><a name="[119]"></a>DispAIdleBIdleInfo</STRONG> (Thumb, 90 bytes, Stack size 32 bytes, display.o(i.DispAIdleBIdleInfo))
<BR><BR>[Stack]<UL><LI>Max Depth = 388 + Unknown Stack Size
<LI>Call Chain = DispAIdleBIdleInfo &rArr; XRD_Write_Addr &rArr; UartWrite &rArr; OSSemPost &rArr; OS_EventTaskRdy
</UL>
<BR>[Calls]<UL><LI><a href="#[112]">&gt;&gt;</a>&nbsp;&nbsp;&nbsp;XRD_Write_Addr
<LI><a href="#[113]">&gt;&gt;</a>&nbsp;&nbsp;&nbsp;XRD_Load_Page
<LI><a href="#[116]">&gt;&gt;</a>&nbsp;&nbsp;&nbsp;XRD_Draw_Ioc
</UL>
<BR>[Called By]<UL><LI><a href="#[1b5]">&gt;&gt;</a>&nbsp;&nbsp;&nbsp;TwoGunHandle
</UL>

<P><STRONG><a name="[11a]"></a>DispAIdleBStopInfo</STRONG> (Thumb, 170 bytes, Stack size 96 bytes, display.o(i.DispAIdleBStopInfo))
<BR><BR>[Stack]<UL><LI>Max Depth = 452 + Unknown Stack Size
<LI>Call Chain = DispAIdleBStopInfo &rArr; XRD_Write_Addr &rArr; UartWrite &rArr; OSSemPost &rArr; OS_EventTaskRdy
</UL>
<BR>[Calls]<UL><LI><a href="#[112]">&gt;&gt;</a>&nbsp;&nbsp;&nbsp;XRD_Write_Addr
<LI><a href="#[113]">&gt;&gt;</a>&nbsp;&nbsp;&nbsp;XRD_Load_Page
<LI><a href="#[116]">&gt;&gt;</a>&nbsp;&nbsp;&nbsp;XRD_Draw_Ioc
<LI><a href="#[77]">&gt;&gt;</a>&nbsp;&nbsp;&nbsp;__aeabi_memclr4
<LI><a href="#[a1]">&gt;&gt;</a>&nbsp;&nbsp;&nbsp;__2sprintf
</UL>
<BR>[Called By]<UL><LI><a href="#[1b5]">&gt;&gt;</a>&nbsp;&nbsp;&nbsp;TwoGunHandle
</UL>

<P><STRONG><a name="[11b]"></a>DispAIdleInfo</STRONG> (Thumb, 48 bytes, Stack size 16 bytes, display.o(i.DispAIdleInfo))
<BR><BR>[Stack]<UL><LI>Max Depth = 372 + Unknown Stack Size
<LI>Call Chain = DispAIdleInfo &rArr; XRD_Write_Addr &rArr; UartWrite &rArr; OSSemPost &rArr; OS_EventTaskRdy
</UL>
<BR>[Calls]<UL><LI><a href="#[112]">&gt;&gt;</a>&nbsp;&nbsp;&nbsp;XRD_Write_Addr
<LI><a href="#[113]">&gt;&gt;</a>&nbsp;&nbsp;&nbsp;XRD_Load_Page
<LI><a href="#[116]">&gt;&gt;</a>&nbsp;&nbsp;&nbsp;XRD_Draw_Ioc
</UL>
<BR>[Called By]<UL><LI><a href="#[1b4]">&gt;&gt;</a>&nbsp;&nbsp;&nbsp;OneGunHandle
</UL>

<P><STRONG><a name="[11c]"></a>DispAStopBChgInfo</STRONG> (Thumb, 444 bytes, Stack size 128 bytes, display.o(i.DispAStopBChgInfo))
<BR><BR>[Stack]<UL><LI>Max Depth = 484 + Unknown Stack Size
<LI>Call Chain = DispAStopBChgInfo &rArr; XRD_Write_Addr &rArr; UartWrite &rArr; OSSemPost &rArr; OS_EventTaskRdy
</UL>
<BR>[Calls]<UL><LI><a href="#[112]">&gt;&gt;</a>&nbsp;&nbsp;&nbsp;XRD_Write_Addr
<LI><a href="#[113]">&gt;&gt;</a>&nbsp;&nbsp;&nbsp;XRD_Load_Page
<LI><a href="#[77]">&gt;&gt;</a>&nbsp;&nbsp;&nbsp;__aeabi_memclr4
<LI><a href="#[a1]">&gt;&gt;</a>&nbsp;&nbsp;&nbsp;__2sprintf
</UL>
<BR>[Called By]<UL><LI><a href="#[1b5]">&gt;&gt;</a>&nbsp;&nbsp;&nbsp;TwoGunHandle
</UL>

<P><STRONG><a name="[11d]"></a>DispAStopBIdleInfo</STRONG> (Thumb, 170 bytes, Stack size 96 bytes, display.o(i.DispAStopBIdleInfo))
<BR><BR>[Stack]<UL><LI>Max Depth = 452 + Unknown Stack Size
<LI>Call Chain = DispAStopBIdleInfo &rArr; XRD_Write_Addr &rArr; UartWrite &rArr; OSSemPost &rArr; OS_EventTaskRdy
</UL>
<BR>[Calls]<UL><LI><a href="#[112]">&gt;&gt;</a>&nbsp;&nbsp;&nbsp;XRD_Write_Addr
<LI><a href="#[113]">&gt;&gt;</a>&nbsp;&nbsp;&nbsp;XRD_Load_Page
<LI><a href="#[116]">&gt;&gt;</a>&nbsp;&nbsp;&nbsp;XRD_Draw_Ioc
<LI><a href="#[77]">&gt;&gt;</a>&nbsp;&nbsp;&nbsp;__aeabi_memclr4
<LI><a href="#[a1]">&gt;&gt;</a>&nbsp;&nbsp;&nbsp;__2sprintf
</UL>
<BR>[Called By]<UL><LI><a href="#[1b5]">&gt;&gt;</a>&nbsp;&nbsp;&nbsp;TwoGunHandle
</UL>

<P><STRONG><a name="[11e]"></a>DispAStopBStopInfo</STRONG> (Thumb, 238 bytes, Stack size 96 bytes, display.o(i.DispAStopBStopInfo))
[...]
</UL>

<P><STRONG><a name="[166]"></a>mystrstr</STRONG> (Thumb, 104 bytes, Stack size 24 bytes, gprs.o(i.mystrstr))
<BR><BR>[Stack]<UL><LI>Max Depth = 24<LI>Call Chain = mystrstr
</UL>
<BR>[Called By]<UL><LI><a href="#[167]">&gt;&gt;</a>&nbsp;&nbsp;&nbsp;GprsReadSocket
<LI><a href="#[165]">&gt;&gt;</a>&nbsp;&nbsp;&nbsp;GPRS_SendCmd
</UL>

<P><STRONG><a name="[1b7]"></a>MultiFramePackAndSend</STRONG> (Thumb, 154 bytes, Stack size 40 bytes, ext_chgtask.o(i.MultiFramePackAndSend))
<BR><BR>[Stack]<UL><LI>Max Depth = 104 + Unknown Stack Size
<LI>Call Chain = MultiFramePackAndSend &rArr; SendDataToCCB &rArr; OSTimeDlyHMSM &rArr; OSTimeDly &rArr; OS_Sched
</UL>
<BR>[Calls]<UL><LI><a href="#[1b8]">&gt;&gt;</a>&nbsp;&nbsp;&nbsp;SendDataToCCB
<LI><a href="#[67]">&gt;&gt;</a>&nbsp;&nbsp;&nbsp;__aeabi_memcpy
</UL>
<BR>[Called By]<UL><LI><a href="#[c2]">&gt;&gt;</a>&nbsp;&nbsp;&nbsp;SendPF35
<LI><a href="#[be]">&gt;&gt;</a>&nbsp;&nbsp;&nbsp;SendPara
</UL>

<P><STRONG><a name="[1b8]"></a>SendDataToCCB</STRONG> (Thumb, 60 bytes, Stack size 16 bytes, ext_chgtask.o(i.SendDataToCCB))
<BR><BR>[Stack]<UL><LI>Max Depth = 64 + Unknown Stack Size
<LI>Call Chain = SendDataToCCB &rArr; OSTimeDlyHMSM &rArr; OSTimeDly &rArr; OS_Sched
</UL>
<BR>[Calls]<UL><LI><a href="#[88]">&gt;&gt;</a>&nbsp;&nbsp;&nbsp;OSTimeDlyHMSM
<LI><a href="#[231]">&gt;&gt;</a>&nbsp;&nbsp;&nbsp;CANWrite
</UL>
<BR>[Called By]<UL><LI><a href="#[73]">&gt;&gt;</a>&nbsp;&nbsp;&nbsp;SendPF33
<LI><a href="#[c0]">&gt;&gt;</a>&nbsp;&nbsp;&nbsp;SendPF32
<LI><a href="#[72]">&gt;&gt;</a>&nbsp;&nbsp;&nbsp;SendPF31
<LI><a href="#[c1]">&gt;&gt;</a>&nbsp;&nbsp;&nbsp;SendPF30
<LI><a href="#[1b7]">&gt;&gt;</a>&nbsp;&nbsp;&nbsp;MultiFramePackAndSend
</UL>

<P><STRONG><a name="[be]"></a>SendPara</STRONG> (Thumb, 168 bytes, Stack size 24 bytes, ext_chgtask.o(i.SendPara))
<BR><BR>[Stack]<UL><LI>Max Depth = 128 + Unknown Stack Size
<LI>Call Chain = SendPara &rArr; MultiFramePackAndSend &rArr; SendDataToCCB &rArr; OSTimeDlyHMSM &rArr; OSTimeDly &rArr; OS_Sched
</UL>
<BR>[Calls]<UL><LI><a href="#[bd]">&gt;&gt;</a>&nbsp;&nbsp;&nbsp;SetParaCmd
<LI><a href="#[bf]">&gt;&gt;</a>&nbsp;&nbsp;&nbsp;GetParaCmd
<LI><a href="#[238]">&gt;&gt;</a>&nbsp;&nbsp;&nbsp;ClearParaCmd
<LI><a href="#[237]">&gt;&gt;</a>&nbsp;&nbsp;&nbsp;BoardGetPowerMode
<LI><a href="#[235]">&gt;&gt;</a>&nbsp;&nbsp;&nbsp;BoardGetMoudleNum
<LI><a href="#[234]">&gt;&gt;</a>&nbsp;&nbsp;&nbsp;BoardGetModuleType
<LI><a href="#[236]">&gt;&gt;</a>&nbsp;&nbsp;&nbsp;BoardGetMaxCurrent
<LI><a href="#[1b7]">&gt;&gt;</a>&nbsp;&nbsp;&nbsp;MultiFramePackAndSend
</UL>
<BR>[Called By]<UL><LI><a href="#[b9]">&gt;&gt;</a>&nbsp;&nbsp;&nbsp;ChgHandle
</UL>

<P><STRONG><a name="[249]"></a>check_fs</STRONG> (Thumb, 138 bytes, Stack size 16 bytes, ff.o(i.check_fs))
<BR><BR>[Stack]<UL><LI>Max Depth = 140<LI>Call Chain = check_fs &rArr; disk_read &rArr; MS_BulkRecv &rArr; Fill_MSCommand &rArr; WriteLE32U
</UL>
<BR>[Calls]<UL><LI><a href="#[24a]">&gt;&gt;</a>&nbsp;&nbsp;&nbsp;disk_read
</UL>
<BR>[Called By]<UL><LI><a href="#[24b]">&gt;&gt;</a>&nbsp;&nbsp;&nbsp;chk_mounted
</UL>

<P><STRONG><a name="[255]"></a>chk_chr</STRONG> (Thumb, 20 bytes, Stack size 0 bytes, ff.o(i.chk_chr))
<BR><BR>[Called By]<UL><LI><a href="#[253]">&gt;&gt;</a>&nbsp;&nbsp;&nbsp;create_name
</UL>

<P><STRONG><a name="[24b]"></a>chk_mounted</STRONG> (Thumb, 964 bytes, Stack size 80 bytes, ff.o(i.chk_mounted))
<BR><BR>[Stack]<UL><LI>Max Depth = 220<LI>Call Chain = chk_mounted &rArr; check_fs &rArr; disk_read &rArr; MS_BulkRecv &rArr; Fill_MSCommand &rArr; WriteLE32U
</UL>
<BR>[Calls]<UL><LI><a href="#[24c]">&gt;&gt;</a>&nbsp;&nbsp;&nbsp;disk_status
<LI><a href="#[24a]">&gt;&gt;</a>&nbsp;&nbsp;&nbsp;disk_read
<LI><a href="#[24e]">&gt;&gt;</a>&nbsp;&nbsp;&nbsp;disk_ioctl
<LI><a href="#[24d]">&gt;&gt;</a>&nbsp;&nbsp;&nbsp;disk_initialize
<LI><a href="#[249]">&gt;&gt;</a>&nbsp;&nbsp;&nbsp;check_fs
</UL>
<BR>[Called By]<UL><LI><a href="#[159]">&gt;&gt;</a>&nbsp;&nbsp;&nbsp;f_open
</UL>

<P><STRONG><a name="[250]"></a>create_chain</STRONG> (Thumb, 202 bytes, Stack size 32 bytes, ff.o(i.create_chain))
<BR><BR>[Stack]<UL><LI>Max Depth = 220<LI>Call Chain = create_chain &rArr; put_fat &rArr; move_window &rArr; sync_window &rArr; disk_write &rArr; MS_BulkSend &rArr; Fill_MSCommand &rArr; WriteLE32U
</UL>
<BR>[Calls]<UL><LI><a href="#[252]">&gt;&gt;</a>&nbsp;&nbsp;&nbsp;put_fat
<LI><a href="#[251]">&gt;&gt;</a>&nbsp;&nbsp;&nbsp;get_fat
</UL>
<BR>[Called By]<UL><LI><a href="#[184]">&gt;&gt;</a>&nbsp;&nbsp;&nbsp;f_write
<LI><a href="#[26b]">&gt;&gt;</a>&nbsp;&nbsp;&nbsp;dir_next
</UL>

<P><STRONG><a name="[253]"></a>create_name</STRONG> (Thumb, 410 bytes, Stack size 48 bytes, ff.o(i.create_name))
<BR><BR>[Stack]<UL><LI>Max Depth = 60<LI>Call Chain = create_name &rArr; mem_set
</UL>
<BR>[Calls]<UL><LI><a href="#[254]">&gt;&gt;</a>&nbsp;&nbsp;&nbsp;mem_set
<LI><a href="#[255]">&gt;&gt;</a>&nbsp;&nbsp;&nbsp;chk_chr
</UL>
<BR>[Called By]<UL><LI><a href="#[278]">&gt;&gt;</a>&nbsp;&nbsp;&nbsp;follow_path
</UL>

<P><STRONG><a name="[268]"></a>dir_alloc</STRONG> (Thumb, 86 bytes, Stack size 24 bytes, ff.o(i.dir_alloc))
<BR><BR>[Stack]<UL><LI>Max Depth = 268<LI>Call Chain = dir_alloc &rArr; dir_next &rArr; create_chain &rArr; put_fat &rArr; move_window &rArr; sync_window &rArr; disk_write &rArr; MS_BulkSend &rArr; Fill_MSCommand &rArr; WriteLE32U
</UL>
<BR>[Calls]<UL><LI><a href="#[26a]">&gt;&gt;</a>&nbsp;&nbsp;&nbsp;move_window
<LI><a href="#[269]">&gt;&gt;</a>&nbsp;&nbsp;&nbsp;dir_sdi
<LI><a href="#[26b]">&gt;&gt;</a>&nbsp;&nbsp;&nbsp;dir_next
</UL>
<BR>[Called By]<UL><LI><a href="#[270]">&gt;&gt;</a>&nbsp;&nbsp;&nbsp;dir_register
</UL>

<P><STRONG><a name="[26c]"></a>dir_find</STRONG> (Thumb, 92 bytes, Stack size 24 bytes, ff.o(i.dir_find))
<BR><BR>[Stack]<UL><LI>Max Depth = 268<LI>Call Chain = dir_find &rArr; dir_next &rArr; create_chain &rArr; put_fat &rArr; move_window &rArr; sync_window &rArr; disk_write &rArr; MS_BulkSend &rArr; Fill_MSCommand &rArr; WriteLE32U
</UL>
<BR>[Calls]<UL><LI><a href="#[26a]">&gt;&gt;</a>&nbsp;&nbsp;&nbsp;move_window
<LI><a href="#[26d]">&gt;&gt;</a>&nbsp;&nbsp;&nbsp;mem_cmp
<LI><a href="#[269]">&gt;&gt;</a>&nbsp;&nbsp;&nbsp;dir_sdi
<LI><a href="#[26b]">&gt;&gt;</a>&nbsp;&nbsp;&nbsp;dir_next
</UL>
<BR>[Called By]<UL><LI><a href="#[278]">&gt;&gt;</a>&nbsp;&nbsp;&nbsp;follow_path
</UL>

<P><STRONG><a name="[26b]"></a>dir_next</STRONG> (Thumb, 320 bytes, Stack size 24 bytes, ff.o(i.dir_next))
<BR><BR>[Stack]<UL><LI>Max Depth = 244<LI>Call Chain = dir_next &rArr; create_chain &rArr; put_fat &rArr; move_window &rArr; sync_window &rArr; disk_write &rArr; MS_BulkSend &rArr; Fill_MSCommand &rArr; WriteLE32U
</UL>
<BR>[Calls]<UL><LI><a href="#[251]">&gt;&gt;</a>&nbsp;&nbsp;&nbsp;get_fat
<LI><a href="#[26f]">&gt;&gt;</a>&nbsp;&nbsp;&nbsp;clust2sect
<LI><a href="#[26e]">&gt;&gt;</a>&nbsp;&nbsp;&nbsp;sync_window
<LI><a href="#[254]">&gt;&gt;</a>&nbsp;&nbsp;&nbsp;mem_set
<LI><a href="#[250]">&gt;&gt;</a>&nbsp;&nbsp;&nbsp;create_chain
</UL>
<BR>[Called By]<UL><LI><a href="#[26c]">&gt;&gt;</a>&nbsp;&nbsp;&nbsp;dir_find
<LI><a href="#[268]">&gt;&gt;</a>&nbsp;&nbsp;&nbsp;dir_alloc
</UL>

<P><STRONG><a name="[270]"></a>dir_register</STRONG> (Thumb, 58 bytes, Stack size 16 bytes, ff.o(i.dir_register))
<BR><BR>[Stack]<UL><LI>Max Depth = 284<LI>Call Chain = dir_register &rArr; dir_alloc &rArr; dir_next &rArr; create_chain &rArr; put_fat &rArr; move_window &rArr; sync_window &rArr; disk_write &rArr; MS_BulkSend &rArr; Fill_MSCommand &rArr; WriteLE32U
</UL>
<BR>[Calls]<UL><LI><a href="#[26a]">&gt;&gt;</a>&nbsp;&nbsp;&nbsp;move_window
<LI><a href="#[254]">&gt;&gt;</a>&nbsp;&nbsp;&nbsp;mem_set
<LI><a href="#[271]">&gt;&gt;</a>&nbsp;&nbsp;&nbsp;mem_cpy
<LI><a href="#[268]">&gt;&gt;</a>&nbsp;&nbsp;&nbsp;dir_alloc
</UL>
<BR>[Called By]<UL><LI><a href="#[159]">&gt;&gt;</a>&nbsp;&nbsp;&nbsp;f_open
</UL>

<P><STRONG><a name="[269]"></a>dir_sdi</STRONG> (Thumb, 218 bytes, Stack size 24 bytes, ff.o(i.dir_sdi))
<BR><BR>[Stack]<UL><LI>Max Depth = 204<LI>Call Chain = dir_sdi &rArr; get_fat &rArr; move_window &rArr; sync_window &rArr; disk_write &rArr; MS_BulkSend &rArr; Fill_MSCommand &rArr; WriteLE32U
</UL>
<BR>[Calls]<UL><LI><a href="#[251]">&gt;&gt;</a>&nbsp;&nbsp;&nbsp;get_fat
<LI><a href="#[26f]">&gt;&gt;</a>&nbsp;&nbsp;&nbsp;clust2sect
</UL>
<BR>[Called By]<UL><LI><a href="#[278]">&gt;&gt;</a>&nbsp;&nbsp;&nbsp;follow_path
<LI><a href="#[26c]">&gt;&gt;</a>&nbsp;&nbsp;&nbsp;dir_find
<LI><a href="#[268]">&gt;&gt;</a>&nbsp;&nbsp;&nbsp;dir_alloc
</UL>

<P><STRONG><a name="[278]"></a>follow_path</STRONG> (Thumb, 174 bytes, Stack size 32 bytes, ff.o(i.follow_path))
<BR><BR>[Stack]<UL><LI>Max Depth = 300<LI>Call Chain = follow_path &rArr; dir_find &rArr; dir_next &rArr; create_chain &rArr; put_fat &rArr; move_window &rArr; sync_window &rArr; disk_write &rArr; MS_BulkSend &rArr; Fill_MSCommand &rArr; WriteLE32U
</UL>
<BR>[Calls]<UL><LI><a href="#[279]">&gt;&gt;</a>&nbsp;&nbsp;&nbsp;ld_clust
<LI><a href="#[269]">&gt;&gt;</a>&nbsp;&nbsp;&nbsp;dir_sdi
<LI><a href="#[26c]">&gt;&gt;</a>&nbsp;&nbsp;&nbsp;dir_find
<LI><a href="#[253]">&gt;&gt;</a>&nbsp;&nbsp;&nbsp;create_name
</UL>
<BR>[Called By]<UL><LI><a href="#[159]">&gt;&gt;</a>&nbsp;&nbsp;&nbsp;f_open
</UL>

<P><STRONG><a name="[279]"></a>ld_clust</STRONG> (Thumb, 32 bytes, Stack size 8 bytes, ff.o(i.ld_clust))
<BR><BR>[Stack]<UL><LI>Max Depth = 8<LI>Call Chain = ld_clust
</UL>
<BR>[Called By]<UL><LI><a href="#[159]">&gt;&gt;</a>&nbsp;&nbsp;&nbsp;f_open
<LI><a href="#[278]">&gt;&gt;</a>&nbsp;&nbsp;&nbsp;follow_path
</UL>

<P><STRONG><a name="[26d]"></a>mem_cmp</STRONG> (Thumb, 38 bytes, Stack size 20 bytes, ff.o(i.mem_cmp))
<BR><BR>[Stack]<UL><LI>Max Depth = 20<LI>Call Chain = mem_cmp
</UL>
<BR>[Called By]<UL><LI><a href="#[26c]">&gt;&gt;</a>&nbsp;&nbsp;&nbsp;dir_find
</UL>

<P><STRONG><a name="[271]"></a>mem_cpy</STRONG> (Thumb, 26 bytes, Stack size 16 bytes, ff.o(i.mem_cpy))
<BR><BR>[Stack]<UL><LI>Max Depth = 16<LI>Call Chain = mem_cpy
</UL>
<BR>[Called By]<UL><LI><a href="#[184]">&gt;&gt;</a>&nbsp;&nbsp;&nbsp;f_write
<LI><a href="#[15a]">&gt;&gt;</a>&nbsp;&nbsp;&nbsp;f_read
<LI><a href="#[10e]">&gt;&gt;</a>&nbsp;&nbsp;&nbsp;f_mkfs
<LI><a href="#[270]">&gt;&gt;</a>&nbsp;&nbsp;&nbsp;dir_register
</UL>

<P><STRONG><a name="[254]"></a>mem_set</STRONG> (Thumb, 20 bytes, Stack size 12 bytes, ff.o(i.mem_set))
<BR><BR>[Stack]<UL><LI>Max Depth = 12<LI>Call Chain = mem_set
</UL>
<BR>[Called By]<UL><LI><a href="#[10e]">&gt;&gt;</a>&nbsp;&nbsp;&nbsp;f_mkfs
<LI><a href="#[27d]">&gt;&gt;</a>&nbsp;&nbsp;&nbsp;sync_fs
<LI><a href="#[270]">&gt;&gt;</a>&nbsp;&nbsp;&nbsp;dir_register
<LI><a href="#[26b]">&gt;&gt;</a>&nbsp;&nbsp;&nbsp;dir_next
<LI><a href="#[253]">&gt;&gt;</a>&nbsp;&nbsp;&nbsp;create_name
</UL>

<P><STRONG><a name="[26a]"></a>move_window</STRONG> (Thumb, 50 bytes, Stack size 16 bytes, ff.o(i.move_window))
<BR><BR>[Stack]<UL><LI>Max Depth = 148<LI>Call Chain = move_window &rArr; sync_window &rArr; disk_write &rArr; MS_BulkSend &rArr; Fill_MSCommand &rArr; WriteLE32U
</UL>
<BR>[Calls]<UL><LI><a href="#[24a]">&gt;&gt;</a>&nbsp;&nbsp;&nbsp;disk_read
<LI><a href="#[26e]">&gt;&gt;</a>&nbsp;&nbsp;&nbsp;sync_window
</UL>
<BR>[Called By]<UL><LI><a href="#[159]">&gt;&gt;</a>&nbsp;&nbsp;&nbsp;f_open
<LI><a href="#[252]">&gt;&gt;</a>&nbsp;&nbsp;&nbsp;put_fat
<LI><a href="#[251]">&gt;&gt;</a>&nbsp;&nbsp;&nbsp;get_fat
<LI><a href="#[276]">&gt;&gt;</a>&nbsp;&nbsp;&nbsp;f_sync
<LI><a href="#[270]">&gt;&gt;</a>&nbsp;&nbsp;&nbsp;dir_register
<LI><a href="#[26c]">&gt;&gt;</a>&nbsp;&nbsp;&nbsp;dir_find
<LI><a href="#[268]">&gt;&gt;</a>&nbsp;&nbsp;&nbsp;dir_alloc
</UL>

<P><STRONG><a name="[27b]"></a>remove_chain</STRONG> (Thumb, 104 bytes, Stack size 24 bytes, ff.o(i.remove_chain))
<BR><BR>[Stack]<UL><LI>Max Depth = 212<LI>Call Chain = remove_chain &rArr; put_fat &rArr; move_window &rArr; sync_window &rArr; disk_write &rArr; MS_BulkSend &rArr; Fill_MSCommand &rArr; WriteLE32U
</UL>
<BR>[Calls]<UL><LI><a href="#[252]">&gt;&gt;</a>&nbsp;&nbsp;&nbsp;put_fat
<LI><a href="#[251]">&gt;&gt;</a>&nbsp;&nbsp;&nbsp;get_fat
</UL>
<BR>[Called By]<UL><LI><a href="#[159]">&gt;&gt;</a>&nbsp;&nbsp;&nbsp;f_open
</UL>

<P><STRONG><a name="[27a]"></a>st_clust</STRONG> (Thumb, 16 bytes, Stack size 0 bytes, ff.o(i.st_clust))
<BR><BR>[Called By]<UL><LI><a href="#[159]">&gt;&gt;</a>&nbsp;&nbsp;&nbsp;f_open
<LI><a href="#[276]">&gt;&gt;</a>&nbsp;&nbsp;&nbsp;f_sync
</UL>

<P><STRONG><a name="[27d]"></a>sync_fs</STRONG> (Thumb, 200 bytes, Stack size 16 bytes, ff.o(i.sync_fs))
<BR><BR>[Stack]<UL><LI>Max Depth = 148<LI>Call Chain = sync_fs &rArr; sync_window &rArr; disk_write &rArr; MS_BulkSend &rArr; Fill_MSCommand &rArr; WriteLE32U
</UL>
<BR>[Calls]<UL><LI><a href="#[24e]">&gt;&gt;</a>&nbsp;&nbsp;&nbsp;disk_ioctl
<LI><a href="#[26e]">&gt;&gt;</a>&nbsp;&nbsp;&nbsp;sync_window
<LI><a href="#[254]">&gt;&gt;</a>&nbsp;&nbsp;&nbsp;mem_set
<LI><a href="#[273]">&gt;&gt;</a>&nbsp;&nbsp;&nbsp;disk_write
</UL>
<BR>[Called By]<UL><LI><a href="#[276]">&gt;&gt;</a>&nbsp;&nbsp;&nbsp;f_sync
</UL>

<P><STRONG><a name="[26e]"></a>sync_window</STRONG> (Thumb, 82 bytes, Stack size 16 bytes, ff.o(i.sync_window))
<BR><BR>[Stack]<UL><LI>Max Depth = 132<LI>Call Chain = sync_window &rArr; disk_write &rArr; MS_BulkSend &rArr; Fill_MSCommand &rArr; WriteLE32U
</UL>
<BR>[Calls]<UL><LI><a href="#[273]">&gt;&gt;</a>&nbsp;&nbsp;&nbsp;disk_write
</UL>
<BR>[Called By]<UL><LI><a href="#[27d]">&gt;&gt;</a>&nbsp;&nbsp;&nbsp;sync_fs
<LI><a href="#[26a]">&gt;&gt;</a>&nbsp;&nbsp;&nbsp;move_window
<LI><a href="#[26b]">&gt;&gt;</a>&nbsp;&nbsp;&nbsp;dir_next
</UL>

<P><STRONG><a name="[27c]"></a>validate</STRONG> (Thumb, 54 bytes, Stack size 16 bytes, ff.o(i.validate))
<BR><BR>[Stack]<UL><LI>Max Depth = 16<LI>Call Chain = validate
</UL>
<BR>[Calls]<UL><LI><a href="#[24c]">&gt;&gt;</a>&nbsp;&nbsp;&nbsp;disk_status
</UL>
<BR>[Called By]<UL><LI><a href="#[184]">&gt;&gt;</a>&nbsp;&nbsp;&nbsp;f_write
<LI><a href="#[15a]">&gt;&gt;</a>&nbsp;&nbsp;&nbsp;f_read
<LI><a href="#[276]">&gt;&gt;</a>&nbsp;&nbsp;&nbsp;f_sync
</UL>

<P><STRONG><a name="[c3]"></a>AddRoundKey</STRONG> (Thumb, 64 bytes, Stack size 8 bytes, libaes.o(i.AddRoundKey))
<BR><BR>[Stack]<UL><LI>Max Depth = 8<LI>Call Chain = AddRoundKey
</UL>
<BR>[Called By]<UL><LI><a href="#[69]">&gt;&gt;</a>&nbsp;&nbsp;&nbsp;InvCipher
<LI><a href="#[6b]">&gt;&gt;</a>&nbsp;&nbsp;&nbsp;Cipher
</UL>

<P><STRONG><a name="[6b]"></a>Cipher</STRONG> (Thumb, 56 bytes, Stack size 8 bytes, libaes.o(i.Cipher))
<BR><BR>[Stack]<UL><LI>Max Depth = 32<LI>Call Chain = Cipher &rArr; MixColumns
</UL>
<BR>[Calls]<UL><LI><a href="#[c4]">&gt;&gt;</a>&nbsp;&nbsp;&nbsp;SubBytes
<LI><a href="#[c5]">&gt;&gt;</a>&nbsp;&nbsp;&nbsp;ShiftRows
<LI><a href="#[c6]">&gt;&gt;</a>&nbsp;&nbsp;&nbsp;MixColumns
<LI><a href="#[c3]">&gt;&gt;</a>&nbsp;&nbsp;&nbsp;AddRoundKey
</UL>
<BR>[Called By]<UL><LI><a href="#[6a]">&gt;&gt;</a>&nbsp;&nbsp;&nbsp;AES_ECB_encrypt
</UL>

<P><STRONG><a name="[69]"></a>InvCipher</STRONG> (Thumb, 56 bytes, Stack size 8 bytes, libaes.o(i.InvCipher))
<BR><BR>[Stack]<UL><LI>Max Depth = 56<LI>Call Chain = InvCipher &rArr; InvMixColumns
</UL>
<BR>[Calls]<UL><LI><a href="#[188]">&gt;&gt;</a>&nbsp;&nbsp;&nbsp;InvSubBytes
<LI><a href="#[187]">&gt;&gt;</a>&nbsp;&nbsp;&nbsp;InvShiftRows
<LI><a href="#[189]">&gt;&gt;</a>&nbsp;&nbsp;&nbsp;InvMixColumns
<LI><a href="#[c3]">&gt;&gt;</a>&nbsp;&nbsp;&nbsp;AddRoundKey
</UL>
<BR>[Called By]<UL><LI><a href="#[66]">&gt;&gt;</a>&nbsp;&nbsp;&nbsp;AES_ECB_decrypt
</UL>

<P><STRONG><a name="[189]"></a>InvMixColumns</STRONG> (Thumb, 1208 bytes, Stack size 48 bytes, libaes.o(i.InvMixColumns))
<BR><BR>[Stack]<UL><LI>Max Depth = 48<LI>Call Chain = InvMixColumns
</UL>
<BR>[Calls]<UL><LI><a href="#[18a]">&gt;&gt;</a>&nbsp;&nbsp;&nbsp;xtime
</UL>
<BR>[Called By]<UL><LI><a href="#[69]">&gt;&gt;</a>&nbsp;&nbsp;&nbsp;InvCipher
</UL>

<P><STRONG><a name="[187]"></a>InvShiftRows</STRONG> (Thumb, 146 bytes, Stack size 0 bytes, libaes.o(i.InvShiftRows))
<BR><BR>[Called By]<UL><LI><a href="#[69]">&gt;&gt;</a>&nbsp;&nbsp;&nbsp;InvCipher
</UL>

<P><STRONG><a name="[188]"></a>InvSubBytes</STRONG> (Thumb, 52 bytes, Stack size 16 bytes, libaes.o(i.InvSubBytes))
<BR><BR>[Stack]<UL><LI>Max Depth = 16<LI>Call Chain = InvSubBytes
</UL>
<BR>[Calls]<UL><LI><a href="#[18b]">&gt;&gt;</a>&nbsp;&nbsp;&nbsp;getSBoxInvert
</UL>
<BR>[Called By]<UL><LI><a href="#[69]">&gt;&gt;</a>&nbsp;&nbsp;&nbsp;InvCipher
</UL>

<P><STRONG><a name="[68]"></a>KeyExpansion</STRONG> (Thumb, 380 bytes, Stack size 16 bytes, libaes.o(i.KeyExpansion))
<BR><BR>[Stack]<UL><LI>Max Depth = 16<LI>Call Chain = KeyExpansion
</UL>
<BR>[Calls]<UL><LI><a href="#[191]">&gt;&gt;</a>&nbsp;&nbsp;&nbsp;getSBoxValue
</UL>
<BR>[Called By]<UL><LI><a href="#[6a]">&gt;&gt;</a>&nbsp;&nbsp;&nbsp;AES_ECB_encrypt
<LI><a href="#[66]">&gt;&gt;</a>&nbsp;&nbsp;&nbsp;AES_ECB_decrypt
</UL>

<P><STRONG><a name="[c6]"></a>MixColumns</STRONG> (Thumb, 292 bytes, Stack size 24 bytes, libaes.o(i.MixColumns))
<BR><BR>[Stack]<UL><LI>Max Depth = 24<LI>Call Chain = MixColumns
</UL>
<BR>[Calls]<UL><LI><a href="#[18a]">&gt;&gt;</a>&nbsp;&nbsp;&nbsp;xtime
</UL>
<BR>[Called By]<UL><LI><a href="#[6b]">&gt;&gt;</a>&nbsp;&nbsp;&nbsp;Cipher
</UL>

<P><STRONG><a name="[c5]"></a>ShiftRows</STRONG> (Thumb, 146 bytes, Stack size 0 bytes, libaes.o(i.ShiftRows))
<BR><BR>[Called By]<UL><LI><a href="#[6b]">&gt;&gt;</a>&nbsp;&nbsp;&nbsp;Cipher
</UL>

<P><STRONG><a name="[c4]"></a>SubBytes</STRONG> (Thumb, 52 bytes, Stack size 16 bytes, libaes.o(i.SubBytes))
<BR><BR>[Stack]<UL><LI>Max Depth = 16<LI>Call Chain = SubBytes
</UL>
<BR>[Calls]<UL><LI><a href="#[191]">&gt;&gt;</a>&nbsp;&nbsp;&nbsp;getSBoxValue
</UL>
<BR>[Called By]<UL><LI><a href="#[6b]">&gt;&gt;</a>&nbsp;&nbsp;&nbsp;Cipher
</UL>

<P><STRONG><a name="[18b]"></a>getSBoxInvert</STRONG> (Thumb, 8 bytes, Stack size 0 bytes, libaes.o(i.getSBoxInvert))
<BR><BR>[Called By]<UL><LI><a href="#[188]">&gt;&gt;</a>&nbsp;&nbsp;&nbsp;InvSubBytes
</UL>

<P><STRONG><a name="[191]"></a>getSBoxValue</STRONG> (Thumb, 8 bytes, Stack size 0 bytes, libaes.o(i.getSBoxValue))
<BR><BR>[Called By]<UL><LI><a href="#[c4]">&gt;&gt;</a>&nbsp;&nbsp;&nbsp;SubBytes
<LI><a href="#[68]">&gt;&gt;</a>&nbsp;&nbsp;&nbsp;KeyExpansion
</UL>

<P><STRONG><a name="[18a]"></a>xtime</STRONG> (Thumb, 20 bytes, Stack size 0 bytes, libaes.o(i.xtime))
<BR><BR>[Called By]<UL><LI><a href="#[c6]">&gt;&gt;</a>&nbsp;&nbsp;&nbsp;MixColumns
<LI><a href="#[189]">&gt;&gt;</a>&nbsp;&nbsp;&nbsp;InvMixColumns
</UL>

<P><STRONG><a name="[244]"></a>_printf_core</STRONG> (Thumb, 996 bytes, Stack size 104 bytes, printf8.o(i._printf_core), UNUSED)
<BR><BR>[Calls]<UL><LI><a href="#[54]">&gt;&gt;</a>&nbsp;&nbsp;&nbsp;__aeabi_uldivmod
<LI><a href="#[245]">&gt;&gt;</a>&nbsp;&nbsp;&nbsp;_printf_pre_padding
<LI><a href="#[246]">&gt;&gt;</a>&nbsp;&nbsp;&nbsp;_printf_post_padding
</UL>
<BR>[Called By]<UL><LI><a href="#[243]">&gt;&gt;</a>&nbsp;&nbsp;&nbsp;__0sprintf$8
</UL>

<P><STRONG><a name="[246]"></a>_printf_post_padding</STRONG> (Thumb, 36 bytes, Stack size 24 bytes, printf8.o(i._printf_post_padding), UNUSED)
<BR><BR>[Called By]<UL><LI><a href="#[244]">&gt;&gt;</a>&nbsp;&nbsp;&nbsp;_printf_core
</UL>

<P><STRONG><a name="[245]"></a>_printf_pre_padding</STRONG> (Thumb, 46 bytes, Stack size 24 bytes, printf8.o(i._printf_pre_padding), UNUSED)
<BR><BR>[Called By]<UL><LI><a href="#[244]">&gt;&gt;</a>&nbsp;&nbsp;&nbsp;_printf_core
</UL>

<P><STRONG><a name="[48]"></a>_sputc</STRONG> (Thumb, 10 bytes, Stack size 0 bytes, printf8.o(i._sputc))
<BR><BR>[Called By]<UL><LI><a href="#[243]">&gt;&gt;</a>&nbsp;&nbsp;&nbsp;__0sprintf$8
</UL>
<BR>[Address Reference Count : 1]<UL><LI> printf8.o(i.__0sprintf$8)
</UL>
<P><STRONG><a name="[3d]"></a>_scanf_char_input</STRONG> (Thumb, 12 bytes, Stack size 0 bytes, scanf_char.o(.text))
<BR>[Address Reference Count : 1]<UL><LI> scanf_char.o(.text)
</UL><P>
<H3>
Undefined Global Symbols
</H3><HR></body></html>
