Component: ARM Compiler 5.06 update 4 (build 422) Tool: armlink [4d35d2]

==============================================================================

Section Cross References

    app.o(i.main) refers to board.o(i.BoardInit) for BoardInit
    app.o(i.main) refers to os_core.o(i.OSInit) for OSInit
    app.o(i.main) refers to os_mutex.o(i.OSMutexCreate) for OSMutexCreate
    app.o(i.main) refers to os_sem.o(i.OSSemCreate) for OSSemCreate
    app.o(i.main) refers to para.o(i.ParaInit) for ParaInit
    app.o(i.main) refers to record.o(i.RecordInit) for RecordInit
    app.o(i.main) refers to os_task.o(i.OSTaskCreateExt) for OSTaskCreateExt
    app.o(i.main) refers to os_core.o(i.OSStart) for OSStart
    app.o(i.main) refers to app.o(.data) for FramMutex
    app.o(i.main) refers to app.o(.bss) for MainTaskStk
    app.o(i.main) refers to maintask.o(i.MainTask) for MainTask
    app.o(i.main) refers to chginterface.o(i.ChargeTask) for ChargeTask
    app.o(i.main) refers to protocol.o(i.TaskProtocolHandle) for TaskProtocolHandle
    app.o(i.main) refers to nettask.o(i.NetTask) for NetTask
    app.o(i.main) refers to elmtask.o(i.ElmTask) for ElmTask
    app.o(i.main) refers to cardtask.o(i.CardTask) for CardTask
    maintask.o(i.Beep) refers to buzzer.o(i.BuzzerOn) for BuzzerOn
    maintask.o(i.Beep) refers to timer.o(i.TimerRead) for TimerRead
    maintask.o(i.Beep) refers to os_time.o(i.OSTimeDlyHMSM) for OSTimeDlyHMSM
    maintask.o(i.Beep) refers to buzzer.o(i.BuzzerOff) for BuzzerOff
    maintask.o(i.BoardRunLedControl) refers to led.o(i.LedRunOn) for LedRunOn
    maintask.o(i.BoardRunLedControl) refers to os_time.o(i.OSTimeDlyHMSM) for OSTimeDlyHMSM
    maintask.o(i.BoardRunLedControl) refers to led.o(i.LedRunOff) for LedRunOff
    maintask.o(i.BoardRunLedControl) refers to timer.o(i.TimerRead) for TimerRead
    maintask.o(i.BoardRunLedControl) refers to maintask.o(.data) for poweron
    maintask.o(i.CalPeriodMoney) refers to para.o(i.ParaGetFeilvTime) for ParaGetFeilvTime
    maintask.o(i.CalPeriodMoney) refers to para.o(i.ParaGetFeilvMoney) for ParaGetFeilvMoney
    maintask.o(i.ConditionStop) refers to elmtask.o(i.ElmGetCommState) for ElmGetCommState
    maintask.o(i.ConditionStop) refers to maintask.o(i.TrickleCtrl) for TrickleCtrl
    maintask.o(i.DispMoreChargingInfo) refers to printf8.o(i.__0sprintf$8) for __2sprintf
    maintask.o(i.DispMoreChargingInfo) refers to xrd.o(i.XRD_Write_Addr) for XRD_Write_Addr
    maintask.o(i.DispMoreChargingInfo) refers to xrd.o(i.XRD_Load_Page) for XRD_Load_Page
    maintask.o(i.GetCardOrDiscernNumber) refers to memcpya.o(.text) for __aeabi_memcpy
    maintask.o(i.GetCardOrDiscernNumber) refers to maintask.o(.bss) for MainInfo
    maintask.o(i.GetChargeRecord) refers to memcmp.o(.text) for memcmp
    maintask.o(i.GetChargeRecord) refers to memcpya.o(.text) for __aeabi_memcpy
    maintask.o(i.GetChargeRecord) refers to maintask.o(.data) for ReportChargeData
    maintask.o(i.GetChargeRecord) refers to maintask.o(.bss) for MainInfo
    maintask.o(i.GetCurrent) refers to maintask.o(.bss) for MainInfo
    maintask.o(i.GetLifeTime) refers to maintask.o(.data) for LifeTimeExpireFlag
    maintask.o(i.GetMainCharge) refers to para.o(i.ParaGetChgGunNumber) for ParaGetChgGunNumber
    maintask.o(i.GetMainCharge) refers to maintask.o(.data) for OneGunState
    maintask.o(i.GetOnlineCardInfo) refers to display.o(i.DispInVerify) for DispInVerify
    maintask.o(i.GetOnlineCardInfo) refers to maintask.o(i.Beep) for Beep
    maintask.o(i.GetOnlineCardInfo) refers to protocol.o(i.VerifyOnlineCardInfo) for VerifyOnlineCardInfo
    maintask.o(i.GetOnlineCardInfo) refers to printf8.o(i.__0sprintf$8) for __2sprintf
    maintask.o(i.GetOnlineCardInfo) refers to display.o(i.DispVerifyFailure) for DispVerifyFailure
    maintask.o(i.GetOnlineCardInfo) refers to os_time.o(i.OSTimeDlyHMSM) for OSTimeDlyHMSM
    maintask.o(i.GetPeriodEnergy) refers to maintask.o(.bss) for MainInfo
    maintask.o(i.GetStartCardID) refers to maintask.o(.bss) for MainInfo
    maintask.o(i.GetStartCardMoney) refers to maintask.o(.bss) for MainInfo
    maintask.o(i.GetStartDateTime) refers to maintask.o(.bss) for MainInfo
    maintask.o(i.GetStartMeterEnergy) refers to maintask.o(.bss) for MainInfo
    maintask.o(i.GetStartMode) refers to maintask.o(.bss) for MainInfo
    maintask.o(i.GetStartPara) refers to maintask.o(.bss) for MainInfo
    maintask.o(i.GetStartType) refers to maintask.o(.bss) for MainInfo
    maintask.o(i.GetStartingChg) refers to maintask.o(.data) for StartingChg
    maintask.o(i.GetStopDateTime) refers to maintask.o(.bss) for MainInfo
    maintask.o(i.GetStopMeterEnergy) refers to maintask.o(.bss) for MainInfo
    maintask.o(i.GetSumEnergy) refers to maintask.o(.bss) for MainInfo
    maintask.o(i.GetSumMoney) refers to maintask.o(.bss) for MainInfo
    maintask.o(i.GetSumTime) refers to maintask.o(.bss) for MainInfo
[...]
    ParaSetServerIp                          0x0000d99d   Thumb Code    36  para.o(i.ParaSetServerIp)
    ParaSetServerPort                        0x0000d9c5   Thumb Code    30  para.o(i.ParaSetServerPort)
    ParaSetStateInfoReportPeriod             0x0000d9e9   Thumb Code    32  para.o(i.ParaSetStateInfoReportPeriod)
    ParaSetSubMask                           0x0000da0d   Thumb Code    24  para.o(i.ParaSetSubMask)
    ParaSetTestWorker                        0x0000da29   Thumb Code    20  para.o(i.ParaSetTestWorker)
    ParaSetUpChannel                         0x0000da41   Thumb Code    14  para.o(i.ParaSetUpChannel)
    RS485Flush                               0x0000e03d   Thumb Code    10  rs485.o(i.RS485Flush)
    RS485Init                                0x0000e047   Thumb Code    34  rs485.o(i.RS485Init)
    RS485Read                                0x0000e069   Thumb Code    18  rs485.o(i.RS485Read)
    RS485Write                               0x0000e07b   Thumb Code    56  rs485.o(i.RS485Write)
    ReadBE32U                                0x0000e0b3   Thumb Code    32  lpc177x_8x_usbhost.o(i.ReadBE32U)
    ReadMaxcurrent                           0x0000e0d5   Thumb Code     6  ext_chgtask.o(i.ReadMaxcurrent)
    ReadModuletype                           0x0000e0e1   Thumb Code     6  ext_chgtask.o(i.ReadModuletype)
    ReadMoudlenum                            0x0000e0ed   Thumb Code     6  ext_chgtask.o(i.ReadMoudlenum)
    ReadPowerMod                             0x0000e0f9   Thumb Code     6  ext_chgtask.o(i.ReadPowerMod)
    RecordInit                               0x0000e105   Thumb Code   146  record.o(i.RecordInit)
    RecvCMD1011                              0x0000ec51   Thumb Code   148  protocol.o(i.RecvCMD1011)
    RelayInit                                0x0000f969   Thumb Code    68  relay.o(i.RelayInit)
    RtcInit                                  0x0000fd0d   Thumb Code    48  rtc.o(i.RtcInit)
    RtcRead                                  0x0000fd45   Thumb Code    48  rtc.o(i.RtcRead)
    RtcWrite                                 0x0000fd79   Thumb Code    42  rtc.o(i.RtcWrite)
    SPI_Flash_PP                             0x0000fda9   Thumb Code    86  serial_flash.o(i.SPI_Flash_PP)
    SPI_Flash_RDSR                           0x0000fdff   Thumb Code    38  serial_flash.o(i.SPI_Flash_RDSR)
    SPI_Flash_READ                           0x0000fe25   Thumb Code    86  serial_flash.o(i.SPI_Flash_READ)
    SPI_Flash_SE                             0x0000fe7b   Thumb Code    58  serial_flash.o(i.SPI_Flash_SE)
    SPI_Flash_WREN                           0x0000feb5   Thumb Code    28  serial_flash.o(i.SPI_Flash_WREN)
    SPI_Flash_WRSR                           0x0000fed1   Thumb Code    38  serial_flash.o(i.SPI_Flash_WRSR)
    SaveInfoDefault                          0x0000ff15   Thumb Code    38  para.o(i.SaveInfoDefault)
    SaveInfoV2Def                            0x0000ff4d   Thumb Code    22  para.o(i.SaveInfoV2Def)
    SendPF30                                 0x000110b5   Thumb Code    50  ext_chgtask.o(i.SendPF30)
    SendPF31                                 0x000110f1   Thumb Code    32  ext_chgtask.o(i.SendPF31)
    SendPF32                                 0x00011115   Thumb Code    28  ext_chgtask.o(i.SendPF32)
    SendPF33                                 0x00011135   Thumb Code    32  ext_chgtask.o(i.SendPF33)
    SendPF35                                 0x00011159   Thumb Code    78  ext_chgtask.o(i.SendPF35)
    SetMainCharge                            0x00011271   Thumb Code    78  maintask.o(i.SetMainCharge)
    SetParaCmd                               0x000112d5   Thumb Code     6  para.o(i.SetParaCmd)
    SetParaResult                            0x000112e1   Thumb Code     6  para.o(i.SetParaResult)
    SetRelayState                            0x000112ed   Thumb Code   116  relay.o(i.SetRelayState)
    SetTrickleCur                            0x00011361   Thumb Code    26  para.o(i.SetTrickleCur)
    SetTrickleInfo                           0x00011381   Thumb Code    34  para.o(i.SetTrickleInfo)
    SetTrickleSoc                            0x000113a9   Thumb Code    26  para.o(i.SetTrickleSoc)
    SetUpdataFlag                            0x000113c9   Thumb Code    14  para.o(i.SetUpdataFlag)
    SpiInit                                  0x00011955   Thumb Code   382  spi.o(i.SpiInit)
    SpiReadByte                              0x00011ae9   Thumb Code   252  spi.o(i.SpiReadByte)
    SpiWriteByte                             0x00011bf1   Thumb Code   108  spi.o(i.SpiWriteByte)
    StartCharge                              0x00011c69   Thumb Code    16  chginterface.o(i.StartCharge)
    StopCharge                               0x00011c79   Thumb Code    12  chginterface.o(i.StopCharge)
    SysTick_Handler                          0x00011cbd   Thumb Code    30  os_cpu_c.o(i.SysTick_Handler)
    SystemInit                               0x00011ce1   Thumb Code   188  system_lpc177x_8x.o(i.SystemInit)
    TIMER0_IRQHandler                        0x00011dad   Thumb Code    20  timer.o(i.TIMER0_IRQHandler)
    TaskProtocolHandle                       0x00011dc5   Thumb Code    44  protocol.o(i.TaskProtocolHandle)
    TimerInit                                0x00011df1   Thumb Code   130  timer.o(i.TimerInit)
    TimerRead                                0x00011e85   Thumb Code     6  timer.o(i.TimerRead)
    UART0_IRQHandler                         0x000153f5   Thumb Code   274  uart.o(i.UART0_IRQHandler)
    UART1_IRQHandler                         0x00015511   Thumb Code   328  uart.o(i.UART1_IRQHandler)
    UART2_IRQHandler                         0x00015661   Thumb Code   328  uart.o(i.UART2_IRQHandler)
    UART3_IRQHandler                         0x000157b1   Thumb Code   328  uart.o(i.UART3_IRQHandler)
    UART4_IRQHandler                         0x00015901   Thumb Code   306  uart.o(i.UART4_IRQHandler)
    UDPSend                                  0x00015a3d   Thumb Code    32  ethernet.o(i.UDPSend)
    USB_IRQHandler                           0x00015a65   Thumb Code   312  lpc177x_8x_usbhost.o(i.USB_IRQHandler)
    UartFlush                                0x00015bb9   Thumb Code    32  uart.o(i.UartFlush)
    UartInit                                 0x00015bdd   Thumb Code   562  uart.o(i.UartInit)
    UartRead                                 0x00015e4d   Thumb Code   130  uart.o(i.UartRead)
    UartWrite                                0x00015ed5   Thumb Code   226  uart.o(i.UartWrite)
    UpdateMoneyJudge                         0x00016a65   Thumb Code   136  protocol.o(i.UpdateMoneyJudge)
    VerifyOnlineCardInfo                     0x00016af1   Thumb Code   144  protocol.o(i.VerifyOnlineCardInfo)
    WIZCHIP_READ                             0x00016b9d   Thumb Code   112  w5500.o(i.WIZCHIP_READ)
    WIZCHIP_READ_BUF                         0x00016c11   Thumb Code   136  w5500.o(i.WIZCHIP_READ_BUF)
    WIZCHIP_WRITE                            0x00016c9d   Thumb Code   112  w5500.o(i.WIZCHIP_WRITE)
    WIZCHIP_WRITE_BUF                        0x00016d11   Thumb Code   132  w5500.o(i.WIZCHIP_WRITE_BUF)
    WaitBusy                                 0x00016d99   Thumb Code    32  serial_flash.o(i.WaitBusy)
    WdgFeed                                  0x00016db9   Thumb Code    68  wdg.o(i.WdgFeed)
    WriteBE16U                               0x00016e05   Thumb Code    16  lpc177x_8x_usbhost.o(i.WriteBE16U)
    WriteBE32U                               0x00016e15   Thumb Code    28  lpc177x_8x_usbhost.o(i.WriteBE32U)
    WriteLE16U                               0x00016e31   Thumb Code    16  lpc177x_8x_usbhost.o(i.WriteLE16U)
    WriteLE32U                               0x00016e41   Thumb Code    28  lpc177x_8x_usbhost.o(i.WriteLE32U)
    XRDClearInput                            0x00016e5d   Thumb Code    60  xrd.o(i.XRDClearInput)
    XRD_Draw_Ioc                             0x00016e99   Thumb Code    64  xrd.o(i.XRD_Draw_Ioc)
    XRD_Load_Page                            0x00016ed9   Thumb Code    70  xrd.o(i.XRD_Load_Page)
    XRD_Write_Addr                           0x00016f1f   Thumb Code   148  xrd.o(i.XRD_Write_Addr)
    __0sprintf$8                             0x00016fb5   Thumb Code    34  printf8.o(i.__0sprintf$8)
    __1sprintf$8                             0x00016fb5   Thumb Code     0  printf8.o(i.__0sprintf$8)
    __2sprintf                               0x00016fb5   Thumb Code     0  printf8.o(i.__0sprintf$8)
    __aeabi_errno_addr                       0x00016fdd   Thumb Code     4  errno.o(i.__aeabi_errno_addr)
    __rt_errno_addr                          0x00016fdd   Thumb Code     0  errno.o(i.__aeabi_errno_addr)
    __scatterload_copy                       0x00016fe5   Thumb Code    14  handlers.o(i.__scatterload_copy)
    __scatterload_null                       0x00016ff3   Thumb Code     2  handlers.o(i.__scatterload_null)
    __scatterload_zeroinit                   0x00016ff5   Thumb Code    14  handlers.o(i.__scatterload_zeroinit)
    begin_update                             0x00017495   Thumb Code    50  iap.o(i.begin_update)
    close                                    0x00017959   Thumb Code   142  socket.o(i.close)
    clust2sect                               0x000179f9   Thumb Code    26  ff.o(i.clust2sect)
    connect                                  0x00017a15   Thumb Code   342  socket.o(i.connect)
    ctlnetwork                               0x00017de9   Thumb Code    80  wizchip_conf.o(i.ctlnetwork)
    ctlwizchip                               0x00017e39   Thumb Code   276  wizchip_conf.o(i.ctlwizchip)
    dataCompare                              0x00017f51   Thumb Code    36  iap.o(i.dataCompare)
    disk_initialize                          0x00018289   Thumb Code    36  diskio.o(i.disk_initialize)
    disk_ioctl                               0x000182b9   Thumb Code   148  diskio.o(i.disk_ioctl)
    disk_read                                0x00018355   Thumb Code    80  diskio.o(i.disk_read)
    disk_status                              0x000183a5   Thumb Code    24  diskio.o(i.disk_status)
    disk_write                               0x000183bd   Thumb Code    86  diskio.o(i.disk_write)
    end_update                               0x00018415   Thumb Code    72  iap.o(i.end_update)
    f_close                                  0x00018461   Thumb Code    22  ff.o(i.f_close)
    f_mkfs                                   0x00018479   Thumb Code  1616  ff.o(i.f_mkfs)
    f_mount                                  0x00018ae1   Thumb Code    38  ff.o(i.f_mount)
    f_open                                   0x00018b0d   Thumb Code   350  ff.o(i.f_open)
    f_read                                   0x00018c6b   Thumb Code   506  ff.o(i.f_read)
    f_sync                                   0x00018e65   Thumb Code   176  ff.o(i.f_sync)
    f_write                                  0x00018f15   Thumb Code   572  ff.o(i.f_write)
    getSn_RX_RSR                             0x00019219   Thumb Code   108  w5500.o(i.getSn_RX_RSR)
    getSn_TX_FSR                             0x00019285   Thumb Code   108  w5500.o(i.getSn_TX_FSR)
    get_fat                                  0x000192f1   Thumb Code   300  ff.o(i.get_fat)
    get_fattime                              0x0001941d   Thumb Code     4  diskio.o(i.get_fattime)
    main                                     0x00019441   Thumb Code   242  app.o(i.main)
    print                                    0x00019679   Thumb Code   238  uart.o(i.print)
    printx                                   0x00019775   Thumb Code    36  uart.o(i.printx)
    process_update                           0x000197a1   Thumb Code   358  iap.o(i.process_update)
    put_fat                                  0x00019919   Thumb Code   384  ff.o(i.put_fat)
    ramToFlash                               0x00019a99   Thumb Code    42  iap.o(i.ramToFlash)
    recv                                     0x00019ad5   Thumb Code   282  socket.o(i.recv)
    recvfrom                                 0x00019bf5   Thumb Code   606  socket.o(i.recvfrom)
    reg_wizchip_cris_cbfunc                  0x00019e61   Thumb Code    26  wizchip_conf.o(i.reg_wizchip_cris_cbfunc)
    reg_wizchip_cs_cbfunc                    0x00019e89   Thumb Code    26  wizchip_conf.o(i.reg_wizchip_cs_cbfunc)
    reg_wizchip_spi_cbfunc                   0x00019eb1   Thumb Code    40  wizchip_conf.o(i.reg_wizchip_spi_cbfunc)
    sectorErase                              0x00019f4d   Thumb Code    38  iap.o(i.sectorErase)
    sectorPrepare                            0x00019f85   Thumb Code    32  iap.o(i.sectorPrepare)
    send                                     0x00019fb1   Thumb Code   374  socket.o(i.send)
    sendto                                   0x0001a131   Thumb Code   464  socket.o(i.sendto)
    serialflash_disk_read                    0x0001a305   Thumb Code    28  serial_flash.o(i.serialflash_disk_read)
    serialflash_disk_write                   0x0001a321   Thumb Code   104  serial_flash.o(i.serialflash_disk_write)
    socket                                   0x0001a389   Thumb Code   378  socket.o(i.socket)
    sysTickInit                              0x0001a645   Thumb Code    84  os_cpu_c.o(i.sysTickInit)
    u32tobcdnomstr1                          0x0001a6c9   Thumb Code   538  myalglib.o(i.u32tobcdnomstr1)
    wiz_recv_data                            0x0001a937   Thumb Code   132  w5500.o(i.wiz_recv_data)
    wiz_recv_ignore                          0x0001a9bb   Thumb Code   102  w5500.o(i.wiz_recv_ignore)
    wiz_send_data                            0x0001aa21   Thumb Code   132  w5500.o(i.wiz_send_data)
    wizchip_bus_readdata                     0x0001aaa5   Thumb Code     6  wizchip_conf.o(i.wizchip_bus_readdata)
    wizchip_bus_writedata                    0x0001aaab   Thumb Code     4  wizchip_conf.o(i.wizchip_bus_writedata)
    wizchip_clrinterrupt                     0x0001aaaf   Thumb Code    32  wizchip_conf.o(i.wizchip_clrinterrupt)
    wizchip_cris_enter                       0x0001aacf   Thumb Code     2  wizchip_conf.o(i.wizchip_cris_enter)
    wizchip_cris_exit                        0x0001aad1   Thumb Code     2  wizchip_conf.o(i.wizchip_cris_exit)
    wizchip_cs_deselect                      0x0001aad3   Thumb Code     2  wizchip_conf.o(i.wizchip_cs_deselect)
    wizchip_cs_select                        0x0001aad5   Thumb Code     2  wizchip_conf.o(i.wizchip_cs_select)
    wizchip_getinterrupt                     0x0001aad7   Thumb Code    42  wizchip_conf.o(i.wizchip_getinterrupt)
    wizchip_getinterruptmask                 0x0001ab01   Thumb Code    40  wizchip_conf.o(i.wizchip_getinterruptmask)
    wizchip_getnetinfo                       0x0001ab29   Thumb Code    82  wizchip_conf.o(i.wizchip_getnetinfo)
    wizchip_getnetmode                       0x0001ab85   Thumb Code    10  wizchip_conf.o(i.wizchip_getnetmode)
    wizchip_gettimeout                       0x0001ab8f   Thumb Code    40  wizchip_conf.o(i.wizchip_gettimeout)
    wizchip_init                             0x0001abb7   Thumb Code   144  wizchip_conf.o(i.wizchip_init)
    wizchip_setinterruptmask                 0x0001ac47   Thumb Code    30  wizchip_conf.o(i.wizchip_setinterruptmask)
    wizchip_setnetinfo                       0x0001ac65   Thumb Code    80  wizchip_conf.o(i.wizchip_setnetinfo)
    wizchip_setnetmode                       0x0001acbd   Thumb Code    38  wizchip_conf.o(i.wizchip_setnetmode)
    wizchip_settimeout                       0x0001ace3   Thumb Code    38  wizchip_conf.o(i.wizchip_settimeout)
    wizchip_spi_readbyte                     0x0001ad09   Thumb Code     4  wizchip_conf.o(i.wizchip_spi_readbyte)
    wizchip_spi_writebyte                    0x0001ad0d   Thumb Code     2  wizchip_conf.o(i.wizchip_spi_writebyte)
    wizchip_sw_reset                         0x0001ad0f   Thumb Code   114  wizchip_conf.o(i.wizchip_sw_reset)
    wizphy_getphyconf                        0x0001ad81   Thumb Code   120  wizchip_conf.o(i.wizphy_getphyconf)
    wizphy_getphylink                        0x0001adf9   Thumb Code    26  wizchip_conf.o(i.wizphy_getphylink)
    wizphy_getphypmode                       0x0001ae13   Thumb Code    28  wizchip_conf.o(i.wizphy_getphypmode)
    wizphy_reset                             0x0001ae2f   Thumb Code    52  wizchip_conf.o(i.wizphy_reset)
    wizphy_setphyconf                        0x0001ae63   Thumb Code    88  wizchip_conf.o(i.wizphy_setphyconf)
    wizphy_setphypmode                       0x0001aebb   Thumb Code   100  wizchip_conf.o(i.wizphy_setphypmode)
    RegisterInfoPassWd                       0x0001af32   Data           6  mt625.o(.constdata)
    OSMapTbl                                 0x0001af38   Data           8  os_core.o(.constdata)
    OSUnMapTbl                               0x0001af40   Data         256  os_core.o(.constdata)
    aes_key                                  0x0001b040   Data          16  encrypt.o(.constdata)
    __ctype_table                            0x0001b287   Data         129  ctype_o.o(.constdata)
    Region$$Table$$Base                      0x0001b6b8   Number         0  anon$$obj.o(Region$$Table)
    Region$$Table$$Limit                     0x0001b6f8   Number         0  anon$$obj.o(Region$$Table)
    IAP_Entry                                0x1000000c   Data           4  iap.o(.data)
    GpulFlagPoint                            0x10000010   Data           4  iap.o(.data)
    SysUpdateFlag                            0x10000014   Data           1  iap.o(.data)
    update_len                               0x10000018   Data           4  iap.o(.data)
    update_last_remain_len                   0x1000001c   Data           4  iap.o(.data)
    OSCtxSwCtr                               0x10000020   Data           4  os_core.o(.data)
    OSEventFreeList                          0x10000024   Data           4  os_core.o(.data)
    OSFlagFreeList                           0x10000028   Data           4  os_core.o(.data)
    OSCPUUsage                               0x1000002c   Data           1  os_core.o(.data)
    OSIdleCtrMax                             0x10000030   Data           4  os_core.o(.data)
    OSIdleCtrRun                             0x10000034   Data           4  os_core.o(.data)
    OSStatRdy                                0x10000038   Data           1  os_core.o(.data)
    OSIntNesting                             0x10000039   Data           1  os_core.o(.data)
    OSIntExitY                               0x1000003a   Data           1  os_core.o(.data)
    OSLockNesting                            0x1000003b   Data           1  os_core.o(.data)
    OSPrioCur                                0x1000003c   Data           1  os_core.o(.data)
    OSPrioHighRdy                            0x1000003d   Data           1  os_core.o(.data)
    OSRdyGrp                                 0x1000003e   Data           1  os_core.o(.data)
    OSRdyTbl                                 0x1000003f   Data           8  os_core.o(.data)
    OSRunning                                0x10000047   Data           1  os_core.o(.data)
    OSTaskCtr                                0x10000048   Data           1  os_core.o(.data)
    OSIdleCtr                                0x1000004c   Data           4  os_core.o(.data)
    OSTCBCur                                 0x10000050   Data           4  os_core.o(.data)
    OSTCBFreeList                            0x10000054   Data           4  os_core.o(.data)
    OSTCBHighRdy                             0x10000058   Data           4  os_core.o(.data)
    OSTCBList                                0x1000005c   Data           4  os_core.o(.data)
    OSMemFreeList                            0x10000060   Data           4  os_core.o(.data)
    OSQFreeList                              0x10000064   Data           4  os_core.o(.data)
    OSTime                                   0x10000068   Data           4  os_core.o(.data)
    sock_pack_info                           0x10000090   Data           8  socket.o(.data)
    WIZCHIP                                  0x10000098   Data          40  wizchip_conf.o(.data)
    PADDING                                  0x100000d4   Data          64  md5.o(.data)
    OSEventTbl                               0x10009d28   Data        1024  os_core.o(.bss)
    OSFlagTbl                                0x1000a128   Data         180  os_core.o(.bss)
    OSTaskStatStk                            0x1000a1dc   Data        1024  os_core.o(.bss)
    OSTaskIdleStk                            0x1000a5dc   Data        1024  os_core.o(.bss)
    OSTCBPrioTbl                             0x1000a9dc   Data         256  os_core.o(.bss)
    OSTCBTbl                                 0x1000aadc   Data        1144  os_core.o(.bss)
    OSMemTbl                                 0x1000af54   Data         300  os_core.o(.bss)
    OSQTbl                                   0x1000b080   Data         288  os_core.o(.bss)
    __initial_sp                             0x1000c8c0   Data           0  startup_lpc177x_8x.o(STACK)
    FramMutex                                0x20000000   Data           4  app.o(.data)
    SFlashMutex                              0x20000004   Data           4  app.o(.data)
    DubugSem                                 0x20000008   Data           4  app.o(.data)
    SystemCoreClock                          0x20000284   Data           4  system_lpc177x_8x.o(.data)
    PeripheralClock                          0x20000288   Data           4  system_lpc177x_8x.o(.data)
    EMCClock                                 0x2000028c   Data           4  system_lpc177x_8x.o(.data)
    USBClock                                 0x20000290   Data           4  system_lpc177x_8x.o(.data)
    OsEnterSum                               0x2000029c   Data           4  os_cpu_c.o(.data)
    usb_numBlks                              0x200002e8   Data           4  usb.o(.data)
    usb_blkSize                              0x200002ec   Data           4  usb.o(.data)
    usb_run_status                           0x200002f0   Data           1  usb.o(.data)
    usb_upgrade_firmware_status              0x200002f1   Data           1  usb.o(.data)
    gUSBConnected                            0x200002f4   Data           4  lpc177x_8x_usbhost.o(.data)
    HOST_RhscIntr                            0x200002fc   Data           4  lpc177x_8x_usbhost.o(.data)
    HOST_WdhIntr                             0x20000300   Data           4  lpc177x_8x_usbhost.o(.data)
    HOST_TDControlStatus                     0x20000304   Data           1  lpc177x_8x_usbhost.o(.data)
    EDCtrl                                   0x20000308   Data           4  lpc177x_8x_usbhost.o(.data)
    EDBulkIn                                 0x2000030c   Data           4  lpc177x_8x_usbhost.o(.data)
    EDBulkOut                                0x20000310   Data           4  lpc177x_8x_usbhost.o(.data)
    TDHead                                   0x20000314   Data           4  lpc177x_8x_usbhost.o(.data)
    TDTail                                   0x20000318   Data           4  lpc177x_8x_usbhost.o(.data)
    Hcca                                     0x2000031c   Data           4  lpc177x_8x_usbhost.o(.data)
    TDBufNonVol                              0x20000320   Data           4  lpc177x_8x_usbhost.o(.data)
    TDBuffer                                 0x20000324   Data           4  lpc177x_8x_usbhost.o(.data)
    FATBuffer                                0x20000328   Data           4  lpc177x_8x_usbhost.o(.data)
    UserBuffer                               0x2000032c   Data           4  lpc177x_8x_usbhost.o(.data)
    UnrecoverableIntCount                    0x20000330   Data           4  lpc177x_8x_usbhost.o(.data)
    USB_DeviceDescriptor                     0x20000334   Data           4  lpc177x_8x_usbhost.o(.data)
    USB_ConfigDescriptor                     0x20000338   Data           4  lpc177x_8x_usbhost.o(.data)
    USB_InterfaceDescriptor                  0x2000033c   Data           4  lpc177x_8x_usbhost.o(.data)
    GucIapTmp                                0x20002c2c   Data        1024  iap.o(.bss)
    paramin                                  0x2000302c   Data          32  iap.o(.bss)
    paramout                                 0x2000304c   Data          32  iap.o(.bss)
    inquiryResult                            0x2000489a   Data          36  usb.o(.bss)
    HostMemoryArea                           0x20005000   Data        4223  lpc177x_8x_usbhost.o(.ARM.__AT_0x20005000)



==============================================================================

Memory Map of the image

  Image Entry point : 0x000000e5

  Load Region LR_IROM1 (Base: 0x00000000, Size: 0x0001bb58, Max: 0x00080000, ABSOLUTE, COMPRESSED[0x0001b974])

    Execution Region ER_IROM1 (Base: 0x00000000, Size: 0x0001b6f8, Max: 0x00080000, ABSOLUTE)

    Base Addr    Size         Type   Attr      Idx    E Section Name        Object

    0x00000000   0x000000e4   Data   RO         2975    RESET               startup_lpc177x_8x.o
    0x000000e4   0x00000000   Code   RO         5454  * .ARM.Collect$$$$00000000  mc_w.l(entry.o)
    0x000000e4   0x00000004   Code   RO         5742    .ARM.Collect$$$$00000001  mc_w.l(entry2.o)
    0x000000e8   0x00000004   Code   RO         5745    .ARM.Collect$$$$00000004  mc_w.l(entry5.o)
    0x000000ec   0x00000000   Code   RO         5747    .ARM.Collect$$$$00000008  mc_w.l(entry7b.o)
    0x000000ec   0x00000000   Code   RO         5749    .ARM.Collect$$$$0000000A  mc_w.l(entry8b.o)
    0x000000ec   0x00000008   Code   RO         5750    .ARM.Collect$$$$0000000B  mc_w.l(entry9a.o)
    0x000000f4   0x00000000   Code   RO         5752    .ARM.Collect$$$$0000000D  mc_w.l(entry10a.o)
    0x000000f4   0x00000000   Code   RO         5754    .ARM.Collect$$$$0000000F  mc_w.l(entry11a.o)
    0x000000f4   0x00000004   Code   RO         5743    .ARM.Collect$$$$00002712  mc_w.l(entry2.o)
    0x000000f8   0x0000001c   Code   RO         2976    .text               startup_lpc177x_8x.o
    0x00000114   0x00000062   Code   RO         5457    .text               mc_w.l(ldiv.o)
    0x00000176   0x00000024   Code   RO         5459    .text               mc_w.l(memcpya.o)
    0x0000019a   0x00000024   Code   RO         5461    .text               mc_w.l(memseta.o)
    0x000001be   0x00000018   Code   RO         5463    .text               mc_w.l(strcat.o)
    0x000001d6   0x00000014   Code   RO         5467    .text               mc_w.l(strchr.o)
    0x000001ea   0x0000000e   Code   RO         5469    .text               mc_w.l(strlen.o)
    0x000001f8   0x0000001a   Code   RO         5471    .text               mc_w.l(memcmp.o)
    0x00000212   0x00000002   PAD
    0x00000214   0x00000038   Code   RO         5736    .text               mc_w.l(__0sscanf.o)
    0x0000024c   0x0000014c   Code   RO         5738    .text               mc_w.l(_scanf_int.o)
    0x00000398   0x0000001a   Code   RO         5740    .text               mc_w.l(atoi.o)
    0x000003b2   0x00000062   Code   RO         5761    .text               mc_w.l(uldiv.o)
    0x00000414   0x0000001c   Code   RO         5770    .text               mc_w.l(_chval.o)
    0x00000430   0x00000028   Code   RO         5772    .text               mc_w.l(scanf_char.o)
    0x00000458   0x00000040   Code   RO         5774    .text               mc_w.l(_sgetc.o)
    0x00000498   0x00000070   Code   RO         5776    .text               mc_w.l(strtol.o)
    0x00000508   0x00000024   Code   RO         5789    .text               mc_w.l(init.o)
    0x0000052c   0x0000001e   Code   RO         5792    .text               mc_w.l(llshl.o)
    0x0000054a   0x00000020   Code   RO         5794    .text               mc_w.l(llushr.o)
    0x0000056a   0x00000002   PAD
    0x0000056c   0x00000008   Code   RO         5800    .text               mc_w.l(ctype_o.o)
    0x00000574   0x00000012   Code   RO         5822    .text               mc_w.l(isspace_o.o)
    0x00000586   0x00000002   PAD
    0x00000588   0x0000032c   Code   RO         5828    .text               mc_w.l(_scanf.o)
    0x000008b4   0x0000009e   Code   RO         5830    .text               mc_w.l(_strtoul.o)
    0x00000952   0x00000056   Code   RO         5846    .text               mc_w.l(__dczerorl2.o)
    0x000009a8   0x000000f4   Code   RO         3632    UCOSII_ASM          os_cpu_a.o
    0x00000a9c   0x00000034   Code   RO         4726    i.AES_ECB_decrypt   ENCRYPT.lib(libaes.o)
    0x00000ad0   0x00000034   Code   RO         4727    i.AES_ECB_encrypt   ENCRYPT.lib(libaes.o)
    0x00000b04   0x00000048   Code   RO         1460    i.AccountQueryReport  protocol.o
    0x00000b4c   0x00000048   Code   RO         4728    i.AddRoundKey       ENCRYPT.lib(libaes.o)
    0x00000b94   0x00000508   Code   RO         4246    i.AnalyseMsgFromCCB  ext_chgtask.o
    0x0000109c   0x000000b0   Code   RO          552    i.AnalyseMsgFromDebugPlatform  para.o
    0x0000114c   0x0000014c   Code   RO         1461    i.AnalyseMsgFromMSA  protocol.o
    0x00001298   0x00000120   Code   RO         3635    i.AnalyseMsgFromUdpPlatform  ethernet.o
    0x000013b8   0x00000070   Code   RO          418    i.Bcd32ToHex32      myalglib.o
    0x00001428   0x00000032   Code   RO           79    i.Beep              maintask.o
    0x0000145a   0x00000002   PAD
    0x0000145c   0x0000000c   Code   RO          553    i.BoardGetMaxCurrent  para.o
    0x00001468   0x0000000c   Code   RO          554    i.BoardGetModuleType  para.o
    0x00001474   0x0000000c   Code   RO          555    i.BoardGetMoudleNum  para.o
    0x00001480   0x0000000c   Code   RO          556    i.BoardGetPowerMode  para.o
    0x0000148c   0x00000050   Code   RO         2030    i.BoardInit         board.o
    0x000014dc   0x0000007c   Code   RO           80    i.BoardRunLedControl  maintask.o
    0x00001558   0x00000014   Code   RO         2137    i.BuzzerInit        buzzer.o
    0x0000156c   0x0000000c   Code   RO         2138    i.BuzzerOff         buzzer.o
    0x00001578   0x0000000c   Code   RO         2139    i.BuzzerOn          buzzer.o
    0x00001584   0x00000238   Code   RO         2165    i.CANInit           can.o
    0x000017bc   0x0000008c   Code   RO         2166    i.CANRead           can.o
    0x00001848   0x00000238   Code   RO         2167    i.CANWrite          can.o
    0x00001a80   0x000000b8   Code   RO         2168    i.CAN_IRQHandler    can.o
    0x00001b38   0x0000008c   Code   RO           81    i.CalPeriodMoney    maintask.o
    0x00001bc4   0x000000ac   Code   RO         4381    i.CalcKey           ENCRYPT.lib(encrypt.o)
    0x00001c70   0x0000000c   Code   RO         1136    i.CardGetId         cardtask.o
    0x00001c7c   0x0000000c   Code   RO         1137    i.CardGetLockState  cardtask.o
    0x00001c88   0x0000000c   Code   RO         1138    i.CardGetMoney      cardtask.o
    0x00001c94   0x00000010   Code   RO         1139    i.CardGetPileNumber  cardtask.o
    0x00001ca4   0x00000014   Code   RO         1140    i.CardGetState      cardtask.o
    0x00001cb8   0x0000000c   Code   RO         1141    i.CardGetType       cardtask.o
    0x00001cc4   0x00000168   Code   RO         1142    i.CardProc          cardtask.o
    0x00001e2c   0x00000054   Code   RO         1145    i.CardSetMoneyAndUnlock  cardtask.o
    0x00001e80   0x00000058   Code   RO         1147    i.CardSetPileNumberAndLock  cardtask.o
    0x00001ed8   0x00000038   Code   RO         1148    i.CardTask          cardtask.o
    0x00001f10   0x00000018   Code   RO          557    i.CfgSave           para.o
    0x00001f28   0x000000c4   Code   RO         1462    i.ChangeStatus      protocol.o
    0x00001fec   0x00000068   Code   RO         1346    i.ChargeRecordInit  record.o
    0x00002054   0x00000028   Code   RO         1747    i.ChargeTask        chginterface.o
    0x0000207c   0x00000154   Code   RO         1347    i.ChargingRecordInit  record.o
    0x000021d0   0x000003f0   Code   RO         4247    i.ChgHandle         ext_chgtask.o
    0x000025c0   0x00000038   Code   RO         4729    i.Cipher            ENCRYPT.lib(libaes.o)
    0x000025f8   0x00000014   Code   RO          558    i.ClearParaCmd      para.o
    0x0000260c   0x000001b2   Code   RO           82    i.ConditionStop     maintask.o
    0x000027be   0x00000100   Code   RO          559    i.ConfigProtocolFrameCheck  para.o
    0x000028be   0x00000002   PAD
    0x000028c0   0x000008c6   Code   RO          560    i.DebugPlatformReadDataAnalyse  para.o
    0x00003186   0x00000002   PAD
    0x00003188   0x000006a0   Code   RO          561    i.DebugPlatformWriteDataAnalyse  para.o
    0x00003828   0x00000020   Code   RO         4382    i.Decrypt           ENCRYPT.lib(encrypt.o)
    0x00003848   0x00000082   Code   RO          419    i.Decryption        myalglib.o
    0x000038ca   0x0000000c   Code   RO         2031    i.DelayMs           board.o
    0x000038d6   0x00000002   PAD
    0x000038d8   0x000000c8   Code   RO         1348    i.DeleteAllRecord   record.o
    0x000039a0   0x00000058   Code   RO         1350    i.DeleteChargingRecord  record.o
    0x000039f8   0x00000058   Code   RO         1351    i.DeleteLockCardRecord  record.o
    0x00003a50   0x00000154   Code   RO         1797    i.DispAChargeInfo   display.o
    0x00003ba4   0x000002a0   Code   RO         1798    i.DispAChgBChgInfo  display.o
    0x00003e44   0x00000174   Code   RO         1799    i.DispAChgBIdleInfo  display.o
    0x00003fb8   0x000001c8   Code   RO         1800    i.DispAChgBStopInfo  display.o
    0x00004180   0x00000184   Code   RO         1801    i.DispAIdleBChgInfo  display.o
    0x00004304   0x0000005a   Code   RO         1802    i.DispAIdleBIdleInfo  display.o
    0x0000435e   0x00000002   PAD
    0x00004360   0x000000b4   Code   RO         1803    i.DispAIdleBStopInfo  display.o
    0x00004414   0x00000030   Code   RO         1804    i.DispAIdleInfo     display.o
    0x00004444   0x000001e4   Code   RO         1805    i.DispAStopBChgInfo  display.o
    0x00004628   0x000000b4   Code   RO         1806    i.DispAStopBIdleInfo  display.o
    0x000046dc   0x000000f8   Code   RO         1807    i.DispAStopBStopInfo  display.o
    0x000047d4   0x00000090   Code   RO         1808    i.DispAStopInfo     display.o
    0x00004864   0x0000010c   Code   RO         1809    i.DispAccount       display.o
    0x00004970   0x00000018   Code   RO         1810    i.DispCardLockInfo  display.o
    0x00004988   0x00000018   Code   RO         1811    i.DispDeviceFault   display.o
    0x000049a0   0x00000024   Code   RO         1812    i.DispErrIdGunInfo  display.o
    0x000049c4   0x0000000a   Code   RO         1813    i.DispInVerify      display.o
    0x000049ce   0x0000000a   Code   RO         1814    i.DispInsertGunInfo  display.o
    0x000049d8   0x00000020   Code   RO         1815    i.DispMenuInfo      display.o
    0x000049f8   0x000002c8   Code   RO           83    i.DispMoreChargingInfo  maintask.o
    0x00004cc0   0x0000000a   Code   RO         1816    i.DispNoPileUsed    display.o
    0x00004cca   0x0000000a   Code   RO         1817    i.DispOperationInfo  display.o
    0x00004cd4   0x000001e0   Code   RO         1818    i.DispRecordInfo    display.o
    0x00004eb4   0x000002e0   Code   RO         1819    i.DispRecordMoreInfo  display.o
    0x00005194   0x000000a4   Code   RO         1820    i.DispRecordNullInfo  display.o
    0x00005238   0x00000048   Code   RO         1821    i.DispRemainMoneyInfo  display.o
    0x00005280   0x0000002c   Code   RO         1822    i.DispStartChgInfo  display.o
    0x000052ac   0x000000c0   Code   RO         1823    i.DispStartDeviceInfo  display.o
    0x0000536c   0x0000000a   Code   RO         1824    i.DispStartFailureInfo  display.o
    0x00005376   0x00000002   PAD
    0x00005378   0x00000038   Code   RO         1826    i.DispUnLockFailureInfo  display.o
    0x000053b0   0x00000044   Code   RO         1827    i.DispUpdataInfo    display.o
    0x000053f4   0x00000018   Code   RO         1828    i.DispVerifyFailure  display.o
    0x0000540c   0x00000044   Code   RO         1829    i.DispVerifySuccesInfo  display.o
    0x00005450   0x0000000e   Code   RO         2693    i.DwinInit          dwin.o
    0x0000545e   0x00000002   PAD
    0x00005460   0x00000060   Code   RO         4249    i.EXT_StartCharge   ext_chgtask.o
    0x000054c0   0x00000060   Code   RO         4250    i.EXT_StopCharge    ext_chgtask.o
    0x00005520   0x00000080   Code   RO         2780    i.EepromErase       eeprom.o
    0x000055a0   0x0000007c   Code   RO         2781    i.EepromInit        eeprom.o
    0x0000561c   0x00000144   Code   RO         2782    i.EepromRead        eeprom.o
    0x00005760   0x00000178   Code   RO         2783    i.EepromWrite       eeprom.o
    0x000058d8   0x000000d2   Code   RO         1234    i.ElmCheckMsg       elmtask.o
    0x000059aa   0x00000002   PAD
    0x000059ac   0x0000001c   Code   RO         1235    i.ElmGetCommState   elmtask.o
    0x000059c8   0x0000001c   Code   RO         1236    i.ElmGetCurA        elmtask.o
    0x000059e4   0x0000000e   Code   RO         1237    i.ElmGetCurB        elmtask.o
    0x000059f2   0x0000000e   Code   RO         1238    i.ElmGetCurC        elmtask.o
    0x00005a00   0x0000001c   Code   RO         1239    i.ElmGetTotalElc    elmtask.o
    0x00005a1c   0x0000001c   Code   RO         1240    i.ElmGetVolA        elmtask.o
    0x00005a38   0x0000000e   Code   RO         1241    i.ElmGetVolB        elmtask.o
    0x00005a46   0x0000000e   Code   RO         1242    i.ElmGetVolC        elmtask.o
    0x00005a54   0x00000106   Code   RO         1243    i.ElmMakeMsg        elmtask.o
    0x00005b5a   0x00000002   PAD
    0x00005b5c   0x000000a8   Code   RO         1244    i.ElmProc           elmtask.o
    0x00005c04   0x000001c0   Code   RO         1245    i.ElmRead           elmtask.o
    0x00005dc4   0x00000188   Code   RO         1246    i.ElmReadData       elmtask.o
    0x00005f4c   0x00000090   Code   RO         1247    i.ElmSenddRv        elmtask.o
    0x00005fdc   0x00000038   Code   RO         1248    i.ElmTask           elmtask.o
    0x00006014   0x00000020   Code   RO         4383    i.Encrypt           ENCRYPT.lib(encrypt.o)
    0x00006034   0x000000dc   Code   RO         3636    i.EthConn           ethernet.o
    0x00006110   0x00000260   Code   RO         3637    i.EthHandle         ethernet.o
    0x00006370   0x00000120   Code   RO         3638    i.EthInit           ethernet.o
    0x00006490   0x00000090   Code   RO         3639    i.EthRecv           ethernet.o
    0x00006520   0x00000090   Code   RO         3640    i.EthSend           ethernet.o
    0x000065b0   0x000000c8   Code   RO         5099    i.Fill_MSCommand    USBFS10.lib(usbhost_ms.o)
    0x00006678   0x000000b0   Code   RO         1352    i.FindChargeRecord  record.o
    0x00006728   0x00000030   Code   RO         1353    i.FindLockCardRecord  record.o
    0x00006758   0x00000014   Code   RO         2212    i.FramDisable       fram.o
    0x0000676c   0x00000014   Code   RO         2213    i.FramEnable        fram.o
    0x00006780   0x0000000e   Code   RO         2214    i.FramInit          fram.o
    0x0000678e   0x00000052   Code   RO         2215    i.FramRead          fram.o
    0x000067e0   0x000000b8   Code   RO         2216    i.FramWrite         fram.o
    0x00006898   0x00000042   Code   RO         1463    i.FrameFormatCheck  protocol.o
    0x000068da   0x00000002   PAD
    0x000068dc   0x0000023c   Code   RO         3726    i.GPRSInit          gprs.o
    0x00006b18   0x00000060   Code   RO         3727    i.GPRSReset         gprs.o
    0x00006b78   0x00000180   Code   RO         3728    i.GPRS_SendCmd      gprs.o
    0x00006cf8   0x00000064   Code   RO           85    i.GetChargeRecord   maintask.o
    0x00006d5c   0x0000000c   Code   RO         1354    i.GetChargeRecordIndex  record.o
    0x00006d68   0x0000001c   Code   RO         1355    i.GetChargeRecordNumber  record.o
    0x00006d84   0x00000010   Code   RO         1748    i.GetChgInfo        chginterface.o
    0x00006d94   0x00000028   Code   RO           86    i.GetCurrent        maintask.o
    0x00006dbc   0x00000020   Code   RO         4251    i.GetEXT_CCBInfo    ext_chgtask.o
    0x00006ddc   0x00000018   Code   RO         4252    i.GetEXT_StopCause  ext_chgtask.o
    0x00006df4   0x0000000c   Code   RO           87    i.GetLifeTime       maintask.o
    0x00006e00   0x00000110   Code   RO           88    i.GetMainCharge     maintask.o
    0x00006f10   0x000000f0   Code   RO           89    i.GetOnlineCardInfo  maintask.o
    0x00007000   0x00000020   Code   RO         1464    i.GetOnlineState    protocol.o
    0x00007020   0x0000000c   Code   RO          562    i.GetParaCmd        para.o
    0x0000702c   0x00000018   Code   RO           91    i.GetStartCardID    maintask.o
    0x00007044   0x0000001c   Code   RO           93    i.GetStartDateTime  maintask.o
    0x00007060   0x00000018   Code   RO           94    i.GetStartMeterEnergy  maintask.o
    0x00007078   0x00000018   Code   RO           95    i.GetStartMode      maintask.o
    0x00007090   0x00000018   Code   RO           96    i.GetStartPara      maintask.o
    0x000070a8   0x00000018   Code   RO           97    i.GetStartType      maintask.o
    0x000070c0   0x0000000c   Code   RO           98    i.GetStartingChg    maintask.o
    0x000070cc   0x0000000c   Code   RO         1749    i.GetStopCause      chginterface.o
    0x000070d8   0x00000018   Code   RO          100    i.GetStopMeterEnergy  maintask.o
    0x000070f0   0x00000018   Code   RO          101    i.GetSumEnergy      maintask.o
    0x00007108   0x00000018   Code   RO          102    i.GetSumMoney       maintask.o
    0x00007120   0x00000018   Code   RO          103    i.GetSumTime        maintask.o
    0x00007138   0x00000184   Code   RO         2837    i.GetTouchInfo      xrd.o
    0x000072bc   0x0000000c   Code   RO          563    i.GetTrickleCur     para.o
    0x000072c8   0x0000000c   Code   RO          564    i.GetTrickleMin     para.o
    0x000072d4   0x0000000c   Code   RO          565    i.GetTrickleSoc     para.o
    0x000072e0   0x0000001c   Code   RO          566    i.GetUpdata         para.o
    0x000072fc   0x0000006c   Code   RO         1465    i.GetUpdataPre      protocol.o
    0x00007368   0x0000028c   Code   RO          104    i.GetUserInputChargeTypeAndAssistPowerType  maintask.o
    0x000075f4   0x00000028   Code   RO          105    i.GetVoltage        maintask.o
    0x0000761c   0x000001e4   Code   RO         2259    i.GpioSetDir        gpio.o
    0x00007800   0x00000114   Code   RO         2260    i.GpioSetLev        gpio.o
    0x00007914   0x0000003c   Code   RO         3730    i.GprsCon           gprs.o
    0x00007950   0x00000228   Code   RO         3731    i.GprsCon_          gprs.o
    0x00007b78   0x000001e8   Code   RO         3732    i.GprsProc          gprs.o
    0x00007d60   0x000002fc   Code   RO         3733    i.GprsReadSocket    gprs.o
    0x0000805c   0x0000005c   Code   RO         3734    i.GprsReadbuf       gprs.o
    0x000080b8   0x00000090   Code   RO         3735    i.GprsRecv          gprs.o
    0x00008148   0x00000090   Code   RO         3736    i.GprsSend          gprs.o
    0x000081d8   0x000000b8   Code   RO          421    i.Hex32ToBcd32      myalglib.o
    0x00008290   0x00000064   Code   RO          422    i.HexstrToDec       myalglib.o
    0x000082f4   0x00000068   Code   RO         5184    i.Host_CtrlRecv     USBFS10.lib(lpc177x_8x_usbhost.o)
    0x0000835c   0x0000005c   Code   RO         5190    i.Host_FillSetup    USBFS10.lib(lpc177x_8x_usbhost.o)
    0x000083b8   0x000000f0   Code   RO         5195    i.Host_ProcessTD    USBFS10.lib(lpc177x_8x_usbhost.o)
    0x000084a8   0x00000018   Code   RO         5197    i.Host_WDHWait      USBFS10.lib(lpc177x_8x_usbhost.o)
    0x000084c0   0x00000434   Code   RO          106    i.InitStartChgDate  maintask.o
    0x000088f4   0x00000048   Code   RO          567    i.InitTrickleInfo   para.o
    0x0000893c   0x00000170   Code   RO         1356    i.InsertChargeRecord  record.o
    0x00008aac   0x000000f8   Code   RO         1357    i.InsertChargingRecord  record.o
    0x00008ba4   0x000000ac   Code   RO         1358    i.InsertLockCardRecord  record.o
    0x00008c50   0x00000038   Code   RO         4730    i.InvCipher         ENCRYPT.lib(libaes.o)
    0x00008c88   0x000004bc   Code   RO         4731    i.InvMixColumns     ENCRYPT.lib(libaes.o)
    0x00009144   0x00000098   Code   RO         4732    i.InvShiftRows      ENCRYPT.lib(libaes.o)
    0x000091dc   0x00000038   Code   RO         4733    i.InvSubBytes       ENCRYPT.lib(libaes.o)
    0x00009214   0x00000100   Code   RO          107    i.JudgeErrInfo      maintask.o
    0x00009314   0x00000050   Code   RO          108    i.JudgeLifeTime     maintask.o
    0x00009364   0x000000c8   Code   RO         1467    i.JudgeSendCMD702   protocol.o
    0x0000942c   0x00000188   Code   RO         4734    i.KeyExpansion      ENCRYPT.lib(libaes.o)
    0x000095b4   0x000002a8   Code   RO          109    i.LEDBoardControl   maintask.o
    0x0000985c   0x0000005c   Code   RO         2838    i.LcdReadbuf        xrd.o
    0x000098b8   0x0000000e   Code   RO         2285    i.LedChargeOff      led.o
    0x000098c6   0x0000000e   Code   RO         2286    i.LedChargeOn       led.o
    0x000098d4   0x00000136   Code   RO         2289    i.LedInit           led.o
    0x00009a0a   0x0000000e   Code   RO         2290    i.LedPwrOff         led.o
    0x00009a18   0x0000000e   Code   RO         2291    i.LedPwrOn          led.o
    0x00009a26   0x0000000c   Code   RO         2292    i.LedRunOff         led.o
    0x00009a32   0x0000000c   Code   RO         2293    i.LedRunOn          led.o
    0x00009a3e   0x0000000e   Code   RO         2296    i.LedWarnOff        led.o
    0x00009a4c   0x0000000e   Code   RO         2297    i.LedWarnOn         led.o
    0x00009a5a   0x00000002   PAD
    0x00009a5c   0x000000b8   Code   RO          110    i.LockCardPro       maintask.o
    0x00009b14   0x00000038   Code   RO         1359    i.LockCardRecordInit  record.o
    0x00009b4c   0x00000164   Code   RO          111    i.LockedCardHandle  maintask.o
    0x00009cb0   0x00000032   Code   RO         4831    i.MD5Decode         ENCRYPT.lib(md5.o)
    0x00009ce2   0x0000003e   Code   RO         4832    i.MD5Encode         ENCRYPT.lib(md5.o)
    0x00009d20   0x00000054   Code   RO         4833    i.MD5Final          ENCRYPT.lib(md5.o)
    0x00009d74   0x00000024   Code   RO         4834    i.MD5Init           ENCRYPT.lib(md5.o)
    0x00009d98   0x000007d4   Code   RO         4835    i.MD5Transform      ENCRYPT.lib(md5.o)
    0x0000a56c   0x0000008c   Code   RO         4836    i.MD5Update         ENCRYPT.lib(md5.o)
    0x0000a5f8   0x000000b8   Code   RO         5100    i.MS_BulkRecv       USBFS10.lib(usbhost_ms.o)
    0x0000a6b0   0x0000009c   Code   RO         5101    i.MS_BulkSend       USBFS10.lib(usbhost_ms.o)
    0x0000a74c   0x00000024   Code   RO         5102    i.MS_GetMaxLUN      USBFS10.lib(usbhost_ms.o)
    0x0000a770   0x00000074   Code   RO         5103    i.MS_GetSenseInfo   USBFS10.lib(usbhost_ms.o)
    0x0000a7e4   0x0000005c   Code   RO         5104    i.MS_Init           USBFS10.lib(usbhost_ms.o)
    0x0000a840   0x00000098   Code   RO         5105    i.MS_Inquire        USBFS10.lib(usbhost_ms.o)
    0x0000a8d8   0x00000090   Code   RO         5107    i.MS_ReadCapacity   USBFS10.lib(usbhost_ms.o)
    0x0000a968   0x0000005c   Code   RO         5108    i.MS_TestUnitReady  USBFS10.lib(usbhost_ms.o)
    0x0000a9c4   0x0000007c   Code   RO         2728    i.MTCheckMsg        mt625.o
    0x0000aa40   0x0000000e   Code   RO         2729    i.MTInit            mt625.o
    0x0000aa4e   0x00000080   Code   RO         2730    i.MTMakeMsg         mt625.o
    0x0000aace   0x00000002   PAD
    0x0000aad0   0x00000298   Code   RO         2731    i.MTRead            mt625.o
    0x0000ad68   0x0000004a   Code   RO         2732    i.MTSearch          mt625.o
    0x0000adb2   0x00000092   Code   RO         2733    i.MTSenddRv         mt625.o
    0x0000ae44   0x000001be   Code   RO         2734    i.MTWrite           mt625.o
    0x0000b002   0x00000002   PAD
    0x0000b004   0x000000e4   Code   RO          112    i.MainTask          maintask.o
    0x0000b0e8   0x00000128   Code   RO         4735    i.MixColumns        ENCRYPT.lib(libaes.o)
    0x0000b210   0x0000009a   Code   RO         4253    i.MultiFramePackAndSend  ext_chgtask.o
    0x0000b2aa   0x0000003c   Code   RO          426    i.MyCrc8            myalglib.o
    0x0000b2e6   0x00000028   Code   RO          428    i.MyCum8Sum         myalglib.o
    0x0000b30e   0x00000026   Code   RO          429    i.MyXorSum          myalglib.o
    0x0000b334   0x0000003a   Code   RO          430    i.Mybcd2hex         myalglib.o
    0x0000b36e   0x00000038   Code   RO          434    i.Mylbcdstr2hex     myalglib.o
    0x0000b3a6   0x00000016   Code   RO         2169    i.NVIC_EnableIRQ    can.o
    0x0000b3bc   0x00000016   Code   RO         2574    i.NVIC_EnableIRQ    uart.o
    0x0000b3d2   0x00000002   PAD
    0x0000b3d4   0x00000028   Code   RO         1468    i.NVIC_SystemReset  protocol.o
    0x0000b3fc   0x00000040   Code   RO         3831    i.NetConn           nettask.o
    0x0000b43c   0x00000040   Code   RO         3832    i.NetRecv           nettask.o
    0x0000b47c   0x00000040   Code   RO         3833    i.NetSend           nettask.o
    0x0000b4bc   0x00000078   Code   RO         3834    i.NetTask           nettask.o
    0x0000b534   0x00000030   Code   RO         3082    i.OSInit            os_core.o
    0x0000b564   0x00000002   Code   RO         2981    i.OSInitHookBegin   os_cpu_c.o
    0x0000b566   0x00000002   Code   RO         2982    i.OSInitHookEnd     os_cpu_c.o
    0x0000b568   0x000000ac   Code   RO         3084    i.OSIntExit         os_core.o
    0x0000b614   0x00000094   Code   RO         3387    i.OSMutexCreate     os_mutex.o
    0x0000b6a8   0x00000180   Code   RO         3389    i.OSMutexPend       os_mutex.o
    0x0000b828   0x00000178   Code   RO         3390    i.OSMutexPost       os_mutex.o
    0x0000b9a0   0x00000048   Code   RO         3495    i.OSSemCreate       os_sem.o
    0x0000b9e8   0x000000ac   Code   RO         3497    i.OSSemPend         os_sem.o
    0x0000ba94   0x00000052   Code   RO         3498    i.OSSemPost         os_sem.o
    0x0000bae6   0x00000002   PAD
    0x0000bae8   0x00000068   Code   RO         3087    i.OSStart           os_core.o
    0x0000bb50   0x00000002   Code   RO         2983    i.OSTCBInitHook     os_cpu_c.o
    0x0000bb52   0x00000002   PAD
    0x0000bb54   0x000000bc   Code   RO         3538    i.OSTaskCreateExt   os_task.o
    0x0000bc10   0x00000002   Code   RO         2984    i.OSTaskCreateHook  os_cpu_c.o
    0x0000bc12   0x00000002   Code   RO         2986    i.OSTaskIdleHook    os_cpu_c.o
    0x0000bc14   0x00000002   Code   RO         2987    i.OSTaskStatHook    os_cpu_c.o
    0x0000bc16   0x0000009a   Code   RO         2988    i.OSTaskStkInit     os_cpu_c.o
    0x0000bcb0   0x00000002   Code   RO         2989    i.OSTaskSwHook      os_cpu_c.o
    0x0000bcb2   0x00000002   PAD
    0x0000bcb4   0x00000060   Code   RO         3596    i.OSTimeDly         os_time.o
    0x0000bd14   0x0000009e   Code   RO         3597    i.OSTimeDlyHMSM     os_time.o
    0x0000bdb2   0x00000002   PAD
    0x0000bdb4   0x0000008c   Code   RO         3089    i.OSTimeTick        os_core.o
    0x0000be40   0x00000002   Code   RO         2990    i.OSTimeTickHook    os_cpu_c.o
    0x0000be42   0x00000002   PAD
    0x0000be44   0x0000004c   Code   RO         3092    i.OS_EventTO        os_core.o
    0x0000be90   0x000000cc   Code   RO         3093    i.OS_EventTaskRdy   os_core.o
    0x0000bf5c   0x00000080   Code   RO         3094    i.OS_EventTaskWait  os_core.o
    0x0000bfdc   0x0000002a   Code   RO         3095    i.OS_EventWaitListInit  os_core.o
    0x0000c006   0x00000002   PAD
    0x0000c008   0x00000034   Code   RO         3242    i.OS_FlagInit       os_flag.o
    0x0000c03c   0x00000034   Code   RO         3096    i.OS_InitEventList  os_core.o
    0x0000c070   0x00000054   Code   RO         3097    i.OS_InitMisc       os_core.o
    0x0000c0c4   0x00000048   Code   RO         3098    i.OS_InitRdyList    os_core.o
    0x0000c10c   0x00000050   Code   RO         3099    i.OS_InitTCBList    os_core.o
    0x0000c15c   0x00000038   Code   RO         3100    i.OS_InitTaskIdle   os_core.o
    0x0000c194   0x00000038   Code   RO         3101    i.OS_InitTaskStat   os_core.o
    0x0000c1cc   0x00000044   Code   RO         3354    i.OS_MemInit        os_mem.o
    0x0000c210   0x00000030   Code   RO         3437    i.OS_QInit          os_q.o
    0x0000c240   0x00000080   Code   RO         3102    i.OS_Sched          os_core.o
    0x0000c2c0   0x000000ec   Code   RO         3103    i.OS_TCBInit        os_core.o
    0x0000c3ac   0x00000020   Code   RO         3104    i.OS_TaskIdle       os_core.o
    0x0000c3cc   0x0000008c   Code   RO         3105    i.OS_TaskStat       os_core.o
    0x0000c458   0x00000adc   Code   RO          113    i.OneGunHandle      maintask.o
    0x0000cf34   0x00000234   Code   RO          568    i.ParaDefault       para.o
    0x0000d168   0x00000018   Code   RO          569    i.ParaGetACMeterAddr  para.o
    0x0000d180   0x00000014   Code   RO          570    i.ParaGetAPN        para.o
    0x0000d194   0x00000014   Code   RO          571    i.ParaGetAPNPasswd  para.o
    0x0000d1a8   0x00000014   Code   RO          572    i.ParaGetAPNUser    para.o
    0x0000d1bc   0x00000014   Code   RO          573    i.ParaGetActCode    para.o
    0x0000d1d0   0x0000000c   Code   RO          574    i.ParaGetChgGunNumber  para.o
    0x0000d1dc   0x0000000c   Code   RO          575    i.ParaGetCustomerNumber  para.o
    0x0000d1e8   0x0000001c   Code   RO          576    i.ParaGetDCMeterAddr  para.o
    0x0000d204   0x00000024   Code   RO          577    i.ParaGetFeilvMoney  para.o
    0x0000d228   0x00000054   Code   RO          578    i.ParaGetFeilvTime  para.o
    0x0000d27c   0x00000014   Code   RO          579    i.ParaGetGateWay    para.o
    0x0000d290   0x00000014   Code   RO          580    i.ParaGetHardVersion  para.o
    0x0000d2a4   0x00000014   Code   RO          581    i.ParaGetLifeTime   para.o
    0x0000d2b8   0x0000000c   Code   RO          582    i.ParaGetLimitHour  para.o
    0x0000d2c4   0x00000014   Code   RO          583    i.ParaGetLocalIp    para.o
    0x0000d2d8   0x00000014   Code   RO          584    i.ParaGetLoginTimeInterval  para.o
    0x0000d2ec   0x00000014   Code   RO          585    i.ParaGetManufactureBase  para.o
    0x0000d300   0x00000010   Code   RO          586    i.ParaGetManufactureDate  para.o
    0x0000d310   0x00000018   Code   RO          587    i.ParaGetNetCommOverCnt  para.o
    0x0000d328   0x00000014   Code   RO          588    i.ParaGetNetHeartTime  para.o
    0x0000d33c   0x00000018   Code   RO          589    i.ParaGetPhyMac     para.o
    0x0000d354   0x00000024   Code   RO          590    i.ParaGetPileNo     para.o
    0x0000d378   0x00000024   Code   RO          591    i.ParaGetQRCode     para.o
    0x0000d39c   0x0000000c   Code   RO          592    i.ParaGetRunHour    para.o
    0x0000d3a8   0x00000028   Code   RO          593    i.ParaGetScreenTime  para.o
    0x0000d3d0   0x0000001c   Code   RO          594    i.ParaGetServerIp   para.o
    0x0000d3ec   0x0000001c   Code   RO          595    i.ParaGetServerPort  para.o
    0x0000d408   0x00000018   Code   RO          596    i.ParaGetStateInfoReportPeriod  para.o
    0x0000d420   0x00000014   Code   RO          597    i.ParaGetSubMask    para.o
    0x0000d434   0x00000010   Code   RO          598    i.ParaGetTestWorker  para.o
    0x0000d444   0x0000000c   Code   RO          599    i.ParaGetUpChannel  para.o
    0x0000d450   0x00000108   Code   RO          600    i.ParaInit          para.o
    0x0000d558   0x00000020   Code   RO          601    i.ParaSavaRunHour   para.o
    0x0000d578   0x0000001c   Code   RO          602    i.ParaSave          para.o
    0x0000d594   0x00000024   Code   RO          603    i.ParaSetACMeterAddr  para.o
    0x0000d5b8   0x00000018   Code   RO          604    i.ParaSetAPN        para.o
    0x0000d5d0   0x00000018   Code   RO          605    i.ParaSetAPNPasswd  para.o
    0x0000d5e8   0x00000018   Code   RO          606    i.ParaSetAPNUser    para.o
    0x0000d600   0x000000bc   Code   RO          607    i.ParaSetActCode    para.o
    0x0000d6bc   0x00000020   Code   RO          608    i.ParaSetChgGunNumber  para.o
    0x0000d6dc   0x00000014   Code   RO          609    i.ParaSetCustomerNumber  para.o
    0x0000d6f0   0x00000024   Code   RO          610    i.ParaSetDCMeterAddr  para.o
    0x0000d714   0x00000030   Code   RO          611    i.ParaSetFeilvMoney  para.o
    0x0000d744   0x00000060   Code   RO          612    i.ParaSetFeilvTime  para.o
    0x0000d7a4   0x0000001c   Code   RO          613    i.ParaSetGateWay    para.o
    0x0000d7c0   0x00000018   Code   RO          614    i.ParaSetHardVersion  para.o
    0x0000d7d8   0x0000001c   Code   RO          615    i.ParaSetLifeTime   para.o
    0x0000d7f4   0x0000001c   Code   RO          616    i.ParaSetLocalIp    para.o
    0x0000d810   0x0000001c   Code   RO          617    i.ParaSetLoginTimeInterval  para.o
    0x0000d82c   0x00000018   Code   RO          618    i.ParaSetManufactureBase  para.o
    0x0000d844   0x00000018   Code   RO          619    i.ParaSetManufactureDate  para.o
    0x0000d85c   0x00000024   Code   RO          620    i.ParaSetNetCommOverCnt  para.o
    0x0000d880   0x00000024   Code   RO          621    i.ParaSetNetHeartTime  para.o
    0x0000d8a4   0x00000020   Code   RO          622    i.ParaSetPhyMac     para.o
    0x0000d8c4   0x00000084   Code   RO          623    i.ParaSetPileNo     para.o
    0x0000d948   0x00000028   Code   RO          624    i.ParaSetQRCode     para.o
    0x0000d970   0x0000002c   Code   RO          625    i.ParaSetScreenTime  para.o
    0x0000d99c   0x00000028   Code   RO          626    i.ParaSetServerIp   para.o
    0x0000d9c4   0x00000024   Code   RO          627    i.ParaSetServerPort  para.o
    0x0000d9e8   0x00000024   Code   RO          628    i.ParaSetStateInfoReportPeriod  para.o
    0x0000da0c   0x0000001c   Code   RO          629    i.ParaSetSubMask    para.o
    0x0000da28   0x00000018   Code   RO          630    i.ParaSetTestWorker  para.o
    0x0000da40   0x00000014   Code   RO          631    i.ParaSetUpChannel  para.o
    0x0000da54   0x00000510   Code   RO         1469    i.ProtocolHandle    protocol.o
    0x0000df64   0x000000d8   Code   RO         1470    i.ProtocolInit      protocol.o
    0x0000e03c   0x0000000a   Code   RO         2447    i.RS485Flush        rs485.o
    0x0000e046   0x00000022   Code   RO         2448    i.RS485Init         rs485.o
    0x0000e068   0x00000012   Code   RO         2449    i.RS485Read         rs485.o
    0x0000e07a   0x00000038   Code   RO         2450    i.RS485Write        rs485.o
    0x0000e0b2   0x00000020   Code   RO         5199    i.ReadBE32U         USBFS10.lib(lpc177x_8x_usbhost.o)
    0x0000e0d2   0x00000002   PAD
    0x0000e0d4   0x0000000c   Code   RO         4254    i.ReadMaxcurrent    ext_chgtask.o
    0x0000e0e0   0x0000000c   Code   RO         4255    i.ReadModuletype    ext_chgtask.o
    0x0000e0ec   0x0000000c   Code   RO         4256    i.ReadMoudlenum     ext_chgtask.o
    0x0000e0f8   0x0000000c   Code   RO         4257    i.ReadPowerMod      ext_chgtask.o
    0x0000e104   0x00000100   Code   RO         1360    i.RecordInit        record.o
    0x0000e204   0x00000038   Code   RO         2839    i.RecoverLcdbuf     xrd.o
    0x0000e23c   0x00000034   Code   RO         3738    i.Recoverbuf        gprs.o
    0x0000e270   0x000003e4   Code   RO         1471    i.RecvCMD1          protocol.o
    0x0000e654   0x00000198   Code   RO         1472    i.RecvCMD1001       protocol.o
    0x0000e7ec   0x00000124   Code   RO         1473    i.RecvCMD1003       protocol.o
    0x0000e910   0x00000130   Code   RO         1474    i.RecvCMD1005       protocol.o
    0x0000ea40   0x00000130   Code   RO         1475    i.RecvCMD1007       protocol.o
    0x0000eb70   0x000000e0   Code   RO         1476    i.RecvCMD1009       protocol.o
    0x0000ec50   0x000000e8   Code   RO         1477    i.RecvCMD1011       protocol.o
    0x0000ed38   0x000000ec   Code   RO         1478    i.RecvCMD1101       protocol.o
    0x0000ee24   0x0000015c   Code   RO         1479    i.RecvCMD1103       protocol.o
    0x0000ef80   0x00000044   Code   RO         1480    i.RecvCMD203        protocol.o
    0x0000efc4   0x0000067c   Code   RO         1481    i.RecvCMD3          protocol.o
    0x0000f640   0x0000019c   Code   RO         1482    i.RecvCMD5          protocol.o
    0x0000f7dc   0x0000006c   Code   RO         1483    i.RecvCMD601        protocol.o
    0x0000f848   0x0000000e   Code   RO         1484    i.RecvCMD603        protocol.o
    0x0000f856   0x00000002   PAD
    0x0000f858   0x0000007c   Code   RO         1485    i.RecvCMD7          protocol.o
    0x0000f8d4   0x00000094   Code   RO         1486    i.RecvCMD701        protocol.o
    0x0000f968   0x00000044   Code   RO         2816    i.RelayInit         relay.o
    0x0000f9ac   0x00000360   Code   RO         1487    i.ReportChargeRecord  protocol.o
    0x0000fd0c   0x00000038   Code   RO         2481    i.RtcInit           rtc.o
    0x0000fd44   0x00000034   Code   RO         2482    i.RtcRead           rtc.o
    0x0000fd78   0x00000030   Code   RO         2483    i.RtcWrite          rtc.o
    0x0000fda8   0x00000056   Code   RO         5020    i.SPI_Flash_PP      USBFS10.lib(serial_flash.o)
    0x0000fdfe   0x00000026   Code   RO         5021    i.SPI_Flash_RDSR    USBFS10.lib(serial_flash.o)
    0x0000fe24   0x00000056   Code   RO         5022    i.SPI_Flash_READ    USBFS10.lib(serial_flash.o)
    0x0000fe7a   0x0000003a   Code   RO         5023    i.SPI_Flash_SE      USBFS10.lib(serial_flash.o)
    0x0000feb4   0x0000001c   Code   RO         5025    i.SPI_Flash_WREN    USBFS10.lib(serial_flash.o)
    0x0000fed0   0x00000026   Code   RO         5026    i.SPI_Flash_WRSR    USBFS10.lib(serial_flash.o)
    0x0000fef6   0x0000000e   Code   RO         3641    i.SPI_RecvByte      ethernet.o
    0x0000ff04   0x0000000e   Code   RO         3642    i.SPI_SendByte      ethernet.o
    0x0000ff12   0x00000002   PAD
    0x0000ff14   0x00000038   Code   RO          632    i.SaveInfoDefault   para.o
    0x0000ff4c   0x00000028   Code   RO          633    i.SaveInfoV2Def     para.o
    0x0000ff74   0x00000110   Code   RO         1488    i.SendCMD102        protocol.o
    0x00010084   0x00000500   Code   RO         1489    i.SendCMD104        protocol.o
    0x00010584   0x000001e0   Code   RO         1490    i.SendCMD106        protocol.o
    0x00010764   0x00000314   Code   RO         1491    i.SendCMD202        protocol.o
    0x00010a78   0x000001bc   Code   RO         1492    i.SendCMD204        protocol.o
    0x00010c34   0x000000e4   Code   RO         1494    i.SendCMD602        protocol.o
    0x00010d18   0x000000d8   Code   RO         1495    i.SendCMD604        protocol.o
    0x00010df0   0x00000174   Code   RO         1496    i.SendCMD702        protocol.o
    0x00010f64   0x00000114   Code   RO         1497    i.SendCMD8          protocol.o
    0x00011078   0x0000003c   Code   RO         4258    i.SendDataToCCB     ext_chgtask.o
    0x000110b4   0x0000003c   Code   RO         4259    i.SendPF30          ext_chgtask.o
    0x000110f0   0x00000024   Code   RO         4260    i.SendPF31          ext_chgtask.o
    0x00011114   0x00000020   Code   RO         4261    i.SendPF32          ext_chgtask.o
    0x00011134   0x00000024   Code   RO         4262    i.SendPF33          ext_chgtask.o
    0x00011158   0x00000054   Code   RO         4263    i.SendPF35          ext_chgtask.o
    0x000111ac   0x000000b8   Code   RO         4264    i.SendPara          ext_chgtask.o
    0x00011264   0x0000000c   Code   RO          114    i.SetLEDState       maintask.o
    0x00011270   0x00000064   Code   RO          115    i.SetMainCharge     maintask.o
    0x000112d4   0x0000000c   Code   RO          634    i.SetParaCmd        para.o
    0x000112e0   0x0000000c   Code   RO          635    i.SetParaResult     para.o
    0x000112ec   0x00000074   Code   RO         2817    i.SetRelayState     relay.o
    0x00011360   0x00000020   Code   RO          636    i.SetTrickleCur     para.o
    0x00011380   0x00000028   Code   RO          637    i.SetTrickleInfo    para.o
    0x000113a8   0x00000020   Code   RO          639    i.SetTrickleSoc     para.o
    0x000113c8   0x00000014   Code   RO          640    i.SetUpdataFlag     para.o
    0x000113dc   0x00000098   Code   RO         4736    i.ShiftRows         ENCRYPT.lib(libaes.o)
    0x00011474   0x000000d0   Code   RO          116    i.ShowMenu          maintask.o
    0x00011544   0x00000410   Code   RO          117    i.ShowRec           maintask.o
    0x00011954   0x00000194   Code   RO         2512    i.SpiInit           spi.o
    0x00011ae8   0x00000108   Code   RO         2513    i.SpiReadByte       spi.o
    0x00011bf0   0x00000078   Code   RO         2514    i.SpiWriteByte      spi.o
    0x00011c68   0x00000010   Code   RO         1750    i.StartCharge       chginterface.o
    0x00011c78   0x0000000c   Code   RO         1751    i.StopCharge        chginterface.o
    0x00011c84   0x00000038   Code   RO         4737    i.SubBytes          ENCRYPT.lib(libaes.o)
    0x00011cbc   0x00000024   Code   RO         2991    i.SysTick_Handler   os_cpu_c.o
    0x00011ce0   0x000000cc   Code   RO         2092    i.SystemInit        system_lpc177x_8x.o
    0x00011dac   0x00000018   Code   RO         2540    i.TIMER0_IRQHandler  timer.o
    0x00011dc4   0x0000002c   Code   RO         1498    i.TaskProtocolHandle  protocol.o
    0x00011df0   0x00000094   Code   RO         2541    i.TimerInit         timer.o
    0x00011e84   0x0000000c   Code   RO         2542    i.TimerRead         timer.o
    0x00011e90   0x000000bc   Code   RO          118    i.TrickleCtrl       maintask.o
    0x00011f4c   0x000034a8   Code   RO          119    i.TwoGunHandle      maintask.o
    0x000153f4   0x0000011c   Code   RO         2575    i.UART0_IRQHandler  uart.o
    0x00015510   0x00000150   Code   RO         2576    i.UART1_IRQHandler  uart.o
    0x00015660   0x00000150   Code   RO         2577    i.UART2_IRQHandler  uart.o
    0x000157b0   0x00000150   Code   RO         2578    i.UART3_IRQHandler  uart.o
    0x00015900   0x0000013c   Code   RO         2579    i.UART4_IRQHandler  uart.o
    0x00015a3c   0x00000028   Code   RO         3643    i.UDPSend           ethernet.o
    0x00015a64   0x00000154   Code   RO         5202    i.USB_IRQHandler    USBFS10.lib(lpc177x_8x_usbhost.o)
    0x00015bb8   0x00000024   Code   RO         2580    i.UartFlush         uart.o
    0x00015bdc   0x00000270   Code   RO         2581    i.UartInit          uart.o
    0x00015e4c   0x00000088   Code   RO         2582    i.UartRead          uart.o
    0x00015ed4   0x000000fc   Code   RO         2583    i.UartWrite         uart.o
    0x00015fd0   0x00000062   Code   RO          120    i.UnLockCardPro     maintask.o
    0x00016032   0x00000002   PAD
    0x00016034   0x00000694   Code   RO         1499    i.UnpackMsg         protocol.o
    0x000166c8   0x0000039a   Code   RO          121    i.UpdateChargeData  maintask.o
    0x00016a62   0x00000002   PAD
    0x00016a64   0x0000008c   Code   RO         1500    i.UpdateMoneyJudge  protocol.o
    0x00016af0   0x00000094   Code   RO         1501    i.VerifyOnlineCardInfo  protocol.o
    0x00016b84   0x0000000c   Code   RO         3644    i.W5500_CS_Deselect  ethernet.o
    0x00016b90   0x0000000c   Code   RO         3645    i.W5500_CS_Select   ethernet.o
    0x00016b9c   0x00000074   Code   RO         3955    i.WIZCHIP_READ      w5500.o
    0x00016c10   0x0000008c   Code   RO         3956    i.WIZCHIP_READ_BUF  w5500.o
    0x00016c9c   0x00000074   Code   RO         3957    i.WIZCHIP_WRITE     w5500.o
    0x00016d10   0x00000088   Code   RO         3958    i.WIZCHIP_WRITE_BUF  w5500.o
    0x00016d98   0x00000020   Code   RO         5027    i.WaitBusy          USBFS10.lib(serial_flash.o)
    0x00016db8   0x0000004c   Code   RO         2674    i.WdgFeed           wdg.o
    0x00016e04   0x00000010   Code   RO         5203    i.WriteBE16U        USBFS10.lib(lpc177x_8x_usbhost.o)
    0x00016e14   0x0000001c   Code   RO         5204    i.WriteBE32U        USBFS10.lib(lpc177x_8x_usbhost.o)
    0x00016e30   0x00000010   Code   RO         5205    i.WriteLE16U        USBFS10.lib(lpc177x_8x_usbhost.o)
    0x00016e40   0x0000001c   Code   RO         5206    i.WriteLE32U        USBFS10.lib(lpc177x_8x_usbhost.o)
    0x00016e5c   0x0000003c   Code   RO         2840    i.XRDClearInput     xrd.o
    0x00016e98   0x00000040   Code   RO         2841    i.XRD_Draw_Ioc      xrd.o
    0x00016ed8   0x00000046   Code   RO         2842    i.XRD_Load_Page     xrd.o
    0x00016f1e   0x00000094   Code   RO         2843    i.XRD_Write_Addr    xrd.o
    0x00016fb2   0x00000002   PAD
    0x00016fb4   0x00000028   Code   RO         5684    i.__0sprintf$8      mc_w.l(printf8.o)
    0x00016fdc   0x00000008   Code   RO         5763    i.__aeabi_errno_addr  mc_w.l(errno.o)
    0x00016fe4   0x0000000e   Code   RO         5840    i.__scatterload_copy  mc_w.l(handlers.o)
    0x00016ff2   0x00000002   Code   RO         5841    i.__scatterload_null  mc_w.l(handlers.o)
    0x00016ff4   0x0000000e   Code   RO         5842    i.__scatterload_zeroinit  mc_w.l(handlers.o)
    0x00017002   0x00000002   PAD
    0x00017004   0x00000410   Code   RO         5689    i._printf_core      mc_w.l(printf8.o)
    0x00017414   0x00000024   Code   RO         5690    i._printf_post_padding  mc_w.l(printf8.o)
    0x00017438   0x0000002e   Code   RO         5691    i._printf_pre_padding  mc_w.l(printf8.o)
    0x00017466   0x0000000a   Code   RO         5693    i._sputc            mc_w.l(printf8.o)
    0x00017470   0x00000022   Code   RO         1502    i.addChecksum       protocol.o
    0x00017492   0x00000002   PAD
    0x00017494   0x00000048   Code   RO         2890    i.begin_update      iap.o
    0x000174dc   0x00000090   Code   RO         4427    i.check_fs          USBFS10.lib(ff.o)
    0x0001756c   0x00000014   Code   RO         4428    i.chk_chr           USBFS10.lib(ff.o)
    0x00017580   0x000003d8   Code   RO         4429    i.chk_mounted       USBFS10.lib(ff.o)
    0x00017958   0x000000a0   Code   RO         3869    i.close             socket.o
    0x000179f8   0x0000001a   Code   RO         4430    i.clust2sect        USBFS10.lib(ff.o)
    0x00017a12   0x00000002   PAD
    0x00017a14   0x0000015c   Code   RO         3870    i.connect           socket.o
    0x00017b70   0x000000ca   Code   RO         4431    i.create_chain      USBFS10.lib(ff.o)
    0x00017c3a   0x00000002   PAD
    0x00017c3c   0x000001ac   Code   RO         4432    i.create_name       USBFS10.lib(ff.o)
    0x00017de8   0x00000050   Code   RO         4015    i.ctlnetwork        wizchip_conf.o
    0x00017e38   0x00000118   Code   RO         4016    i.ctlwizchip        wizchip_conf.o
    0x00017f50   0x00000030   Code   RO         2893    i.dataCompare       iap.o
    0x00017f80   0x00000056   Code   RO         4433    i.dir_alloc         USBFS10.lib(ff.o)
    0x00017fd6   0x0000005c   Code   RO         4434    i.dir_find          USBFS10.lib(ff.o)
    0x00018032   0x00000140   Code   RO         4435    i.dir_next          USBFS10.lib(ff.o)
    0x00018172   0x0000003a   Code   RO         4437    i.dir_register      USBFS10.lib(ff.o)
    0x000181ac   0x000000da   Code   RO         4439    i.dir_sdi           USBFS10.lib(ff.o)
    0x00018286   0x00000002   PAD
    0x00018288   0x00000030   Code   RO         4877    i.disk_initialize   USBFS10.lib(diskio.o)
    0x000182b8   0x0000009c   Code   RO         4878    i.disk_ioctl        USBFS10.lib(diskio.o)
    0x00018354   0x00000050   Code   RO         4879    i.disk_read         USBFS10.lib(diskio.o)
    0x000183a4   0x00000018   Code   RO         4880    i.disk_status       USBFS10.lib(diskio.o)
    0x000183bc   0x00000056   Code   RO         4881    i.disk_write        USBFS10.lib(diskio.o)
    0x00018412   0x00000002   PAD
    0x00018414   0x0000004c   Code   RO         2894    i.end_update        iap.o
    0x00018460   0x00000016   Code   RO         4443    i.f_close           USBFS10.lib(ff.o)
    0x00018476   0x00000002   PAD
    0x00018478   0x00000668   Code   RO         4449    i.f_mkfs            USBFS10.lib(ff.o)
    0x00018ae0   0x0000002c   Code   RO         4450    i.f_mount           USBFS10.lib(ff.o)
    0x00018b0c   0x0000015e   Code   RO         4451    i.f_open            USBFS10.lib(ff.o)
    0x00018c6a   0x000001fa   Code   RO         4453    i.f_read            USBFS10.lib(ff.o)
    0x00018e64   0x000000b0   Code   RO         4458    i.f_sync            USBFS10.lib(ff.o)
    0x00018f14   0x0000023c   Code   RO         4462    i.f_write           USBFS10.lib(ff.o)
    0x00019150   0x000000ae   Code   RO         4463    i.follow_path       USBFS10.lib(ff.o)
    0x000191fe   0x00000002   PAD
    0x00019200   0x0000000c   Code   RO         4739    i.getSBoxInvert     ENCRYPT.lib(libaes.o)
    0x0001920c   0x0000000c   Code   RO         4740    i.getSBoxValue      ENCRYPT.lib(libaes.o)
    0x00019218   0x0000006c   Code   RO         3959    i.getSn_RX_RSR      w5500.o
    0x00019284   0x0000006c   Code   RO         3960    i.getSn_TX_FSR      w5500.o
    0x000192f0   0x0000012c   Code   RO         4464    i.get_fat           USBFS10.lib(ff.o)
    0x0001941c   0x00000004   Code   RO         4882    i.get_fattime       USBFS10.lib(diskio.o)
    0x00019420   0x00000020   Code   RO         4466    i.ld_clust          USBFS10.lib(ff.o)
    0x00019440   0x00000148   Code   RO            1    i.main              app.o
    0x00019588   0x00000026   Code   RO         4467    i.mem_cmp           USBFS10.lib(ff.o)
    0x000195ae   0x0000001a   Code   RO         4468    i.mem_cpy           USBFS10.lib(ff.o)
    0x000195c8   0x00000014   Code   RO         4469    i.mem_set           USBFS10.lib(ff.o)
    0x000195dc   0x00000032   Code   RO         4470    i.move_window       USBFS10.lib(ff.o)
    0x0001960e   0x00000068   Code   RO         3739    i.mystrstr          gprs.o
    0x00019676   0x00000002   PAD
    0x00019678   0x000000fc   Code   RO         2584    i.print             uart.o
    0x00019774   0x0000002c   Code   RO         2585    i.printx            uart.o
    0x000197a0   0x00000178   Code   RO         2896    i.process_update    iap.o
    0x00019918   0x00000180   Code   RO         4471    i.put_fat           USBFS10.lib(ff.o)
    0x00019a98   0x0000003c   Code   RO         2897    i.ramToFlash        iap.o
    0x00019ad4   0x00000120   Code   RO         3875    i.recv              socket.o
    0x00019bf4   0x0000026c   Code   RO         3876    i.recvfrom          socket.o
    0x00019e60   0x00000028   Code   RO         4018    i.reg_wizchip_cris_cbfunc  wizchip_conf.o
    0x00019e88   0x00000028   Code   RO         4019    i.reg_wizchip_cs_cbfunc  wizchip_conf.o
    0x00019eb0   0x00000034   Code   RO         4020    i.reg_wizchip_spi_cbfunc  wizchip_conf.o
    0x00019ee4   0x00000068   Code   RO         4472    i.remove_chain      USBFS10.lib(ff.o)
    0x00019f4c   0x00000038   Code   RO         2898    i.sectorErase       iap.o
    0x00019f84   0x0000002c   Code   RO         2899    i.sectorPrepare     iap.o
    0x00019fb0   0x00000180   Code   RO         3877    i.send              socket.o
    0x0001a130   0x000001d4   Code   RO         3878    i.sendto            socket.o
    0x0001a304   0x0000001c   Code   RO         5028    i.serialflash_disk_read  USBFS10.lib(serial_flash.o)
    0x0001a320   0x00000068   Code   RO         5029    i.serialflash_disk_write  USBFS10.lib(serial_flash.o)
    0x0001a388   0x00000190   Code   RO         3880    i.socket            socket.o
    0x0001a518   0x00000010   Code   RO         4473    i.st_clust          USBFS10.lib(ff.o)
    0x0001a528   0x000000c8   Code   RO         4474    i.sync_fs           USBFS10.lib(ff.o)
    0x0001a5f0   0x00000052   Code   RO         4475    i.sync_window       USBFS10.lib(ff.o)
    0x0001a642   0x00000002   PAD
    0x0001a644   0x00000060   Code   RO         2992    i.sysTickInit       os_cpu_c.o
    0x0001a6a4   0x00000024   Code   RO         2217    i.tdelay            fram.o
    0x0001a6c8   0x00000238   Code   RO          435    i.u32tobcdnomstr1   myalglib.o
    0x0001a900   0x00000036   Code   RO         4476    i.validate          USBFS10.lib(ff.o)
    0x0001a936   0x00000084   Code   RO         3961    i.wiz_recv_data     w5500.o
    0x0001a9ba   0x00000066   Code   RO         3962    i.wiz_recv_ignore   w5500.o
    0x0001aa20   0x00000084   Code   RO         3963    i.wiz_send_data     w5500.o
    0x0001aaa4   0x00000006   Code   RO         4022    i.wizchip_bus_readdata  wizchip_conf.o
    0x0001aaaa   0x00000004   Code   RO         4023    i.wizchip_bus_writedata  wizchip_conf.o
    0x0001aaae   0x00000020   Code   RO         4024    i.wizchip_clrinterrupt  wizchip_conf.o
    0x0001aace   0x00000002   Code   RO         4025    i.wizchip_cris_enter  wizchip_conf.o
    0x0001aad0   0x00000002   Code   RO         4026    i.wizchip_cris_exit  wizchip_conf.o
    0x0001aad2   0x00000002   Code   RO         4027    i.wizchip_cs_deselect  wizchip_conf.o
    0x0001aad4   0x00000002   Code   RO         4028    i.wizchip_cs_select  wizchip_conf.o
    0x0001aad6   0x0000002a   Code   RO         4029    i.wizchip_getinterrupt  wizchip_conf.o
    0x0001ab00   0x00000028   Code   RO         4030    i.wizchip_getinterruptmask  wizchip_conf.o
    0x0001ab28   0x0000005c   Code   RO         4031    i.wizchip_getnetinfo  wizchip_conf.o
    0x0001ab84   0x0000000a   Code   RO         4032    i.wizchip_getnetmode  wizchip_conf.o
    0x0001ab8e   0x00000028   Code   RO         4033    i.wizchip_gettimeout  wizchip_conf.o
    0x0001abb6   0x00000090   Code   RO         4034    i.wizchip_init      wizchip_conf.o
    0x0001ac46   0x0000001e   Code   RO         4035    i.wizchip_setinterruptmask  wizchip_conf.o
    0x0001ac64   0x00000058   Code   RO         4036    i.wizchip_setnetinfo  wizchip_conf.o
    0x0001acbc   0x00000026   Code   RO         4037    i.wizchip_setnetmode  wizchip_conf.o
    0x0001ace2   0x00000026   Code   RO         4038    i.wizchip_settimeout  wizchip_conf.o
    0x0001ad08   0x00000004   Code   RO         4040    i.wizchip_spi_readbyte  wizchip_conf.o
    0x0001ad0c   0x00000002   Code   RO         4042    i.wizchip_spi_writebyte  wizchip_conf.o
    0x0001ad0e   0x00000072   Code   RO         4043    i.wizchip_sw_reset  wizchip_conf.o
    0x0001ad80   0x00000078   Code   RO         4044    i.wizphy_getphyconf  wizchip_conf.o
    0x0001adf8   0x0000001a   Code   RO         4045    i.wizphy_getphylink  wizchip_conf.o
    0x0001ae12   0x0000001c   Code   RO         4046    i.wizphy_getphypmode  wizchip_conf.o
    0x0001ae2e   0x00000034   Code   RO         4048    i.wizphy_reset      wizchip_conf.o
    0x0001ae62   0x00000058   Code   RO         4049    i.wizphy_setphyconf  wizchip_conf.o
    0x0001aeba   0x00000064   Code   RO         4050    i.wizphy_setphypmode  wizchip_conf.o
    0x0001af1e   0x00000014   Code   RO         4741    i.xtime             ENCRYPT.lib(libaes.o)
    0x0001af32   0x00000006   Data   RO         2735    .constdata          mt625.o
    0x0001af38   0x00000108   Data   RO         3107    .constdata          os_core.o
    0x0001b040   0x00000010   Data   RO         4384    .constdata          ENCRYPT.lib(encrypt.o)
    0x0001b050   0x0000002c   Data   RO         4477    .constdata          USBFS10.lib(ff.o)
    0x0001b07c   0x0000020b   Data   RO         4743    .constdata          ENCRYPT.lib(libaes.o)
    0x0001b287   0x00000081   Data   RO         5801    .constdata          mc_w.l(ctype_o.o)
    0x0001b308   0x00000004   Data   RO         5802    .constdata          mc_w.l(ctype_o.o)
    0x0001b30c   0x000003a9   Data   RO          123    .conststring        maintask.o
    0x0001b6b5   0x00000003   PAD
    0x0001b6b8   0x00000040   Data   RO         5838    Region$$Table       anon$$obj.o


    Execution Region RW_IRAM1 (Base: 0x10000000, Size: 0x0000c8c0, Max: 0x00010000, ABSOLUTE)

    Base Addr    Size         Type   Attr      Idx    E Section Name        Object

    0x10000000   0x00000008   Data   RW         1250    .data               elmtask.o
    0x10000008   0x00000004   Data   RW         2543    .data               timer.o
    0x1000000c   0x00000014   Data   RW         2901    .data               iap.o
    0x10000020   0x0000004c   Data   RW         3108    .data               os_core.o
    0x1000006c   0x0000000a   Data   RW         3647    .data               ethernet.o
    0x10000076   0x00000002   PAD
    0x10000078   0x00000012   Data   RW         3741    .data               gprs.o
    0x1000008a   0x0000000e   Data   RW         3882    .data               socket.o
    0x10000098   0x0000002d   Data   RW         4051    .data               wizchip_conf.o
    0x100000c5   0x00000003   PAD
    0x100000c8   0x0000000c   Data   RW         4744    .data               ENCRYPT.lib(libaes.o)
    0x100000d4   0x00000040   Data   RW         4837    .data               ENCRYPT.lib(md5.o)
    0x10000114   0x00000008   Data   RW         5109    .data               USBFS10.lib(usbhost_ms.o)
    0x1000011c   0x00000004   Data   RW         5766    .data               mc_w.l(errno.o)
    0x10000120   0x00006190   Zero   RW            2    .bss                app.o
    0x100062b0   0x0000048e   Zero   RW          122    .bss                maintask.o
    0x1000673e   0x00000002   PAD
    0x10006740   0x0000004c   Zero   RW         1149    .bss                cardtask.o
    0x1000678c   0x00002b78   Zero   RW         1361    .bss                record.o
    0x10009304   0x00000a24   Zero   RW         1503    .bss                protocol.o
    0x10009d28   0x00001478   Zero   RW         3106    .bss                os_core.o
    0x1000b1a0   0x00001228   Zero   RW         3646    .bss                ethernet.o
    0x1000c3c8   0x00000010   Zero   RW         3881    .bss                socket.o
    0x1000c3d8   0x00000232   Zero   RW         4265    .bss                ext_chgtask.o
    0x1000c60a   0x000000b0   Zero   RW         4742    .bss                ENCRYPT.lib(libaes.o)
    0x1000c6ba   0x00000006   PAD
    0x1000c6c0   0x00000200   Zero   RW         2973    STACK               startup_lpc177x_8x.o


    Execution Region RW_IRAM2 (Base: 0x20000000, Size: 0x00006080, Max: 0x00008000, ABSOLUTE, COMPRESSED[0x0000015c])

    Base Addr    Size         Type   Attr      Idx    E Section Name        Object

    0x20000000   0x0000000c   Data   RW            3    .data               app.o
    0x2000000c   0x00000129   Data   RW          124    .data               maintask.o
    0x20000135   0x00000003   PAD
    0x20000138   0x0000000e   Data   RW          642    .data               para.o
    0x20000146   0x00000004   Data   RW         1150    .data               cardtask.o
    0x2000014a   0x00000002   PAD
    0x2000014c   0x00000136   Data   RW         1505    .data               protocol.o
    0x20000282   0x00000002   PAD
    0x20000284   0x00000010   Data   RW         2093    .data               system_lpc177x_8x.o
    0x20000294   0x00000008   Data   RW         2676    .data               wdg.o
    0x2000029c   0x00000004   Data   RW         2993    .data               os_cpu_c.o
    0x200002a0   0x00000001   Data   RW         3835    .data               nettask.o
    0x200002a1   0x00000003   PAD
    0x200002a4   0x00000038   Data   RW         4266    .data               ext_chgtask.o
    0x200002dc   0x0000000b   Data   RW         4478    .data               USBFS10.lib(ff.o)
    0x200002e7   0x00000001   PAD
    0x200002e8   0x0000000a   Data   RW         4969    .data               USBFS10.lib(usb.o)
    0x200002f2   0x00000002   PAD
    0x200002f4   0x0000004c   Data   RW         5208    .data               USBFS10.lib(lpc177x_8x_usbhost.o)
    0x20000340   0x0000061c   Zero   RW          641    .bss                para.o
    0x2000095c   0x00000030   Zero   RW         1249    .bss                elmtask.o
    0x2000098c   0x00000c88   Zero   RW         2170    .bss                can.o
    0x20001614   0x00001414   Zero   RW         2586    .bss                uart.o
    0x20002a28   0x00000204   Zero   RW         2844    .bss                xrd.o
    0x20002c2c   0x00000440   Zero   RW         2900    .bss                iap.o
    0x2000306c   0x0000182e   Zero   RW         3740    .bss                gprs.o
    0x2000489a   0x00000024   Zero   RW         4968    .bss                USBFS10.lib(usb.o)
    0x200048be   0x00000742   PAD
    0x20005000   0x0000107f   Zero   RW         5207    .ARM.__AT_0x20005000  USBFS10.lib(lpc177x_8x_usbhost.o)


==============================================================================

Image component sizes


      Code (inc. data)   RO Data    RW Data    ZI Data      Debug   Object Name

       328         86          0         12      24976      18845   app.o
        92          4          0          0          0        882   board.o
        44          0          0          0          0       1232   buzzer.o
      1482         60          0          0       3208      21403   can.o
       672        116          0          4         76       7709   cardtask.o
        96          0          0          0          0       2872   chginterface.o
      5940        738          0          0          0      43791   display.o
        14          0          0          0          0        407   dwin.o
       952         38          0          0          0       4166   eeprom.o
      1848        178          0          8         48      10621   elmtask.o
      1784        200          0         10       4648      10992   ethernet.o
      3238        168          0         56        562      14483   ext_chgtask.o
       356          0          0          0          0       3338   fram.o
       760         28          0          0          0       1358   gpio.o
      3452        694          0         18       6190      10586   gprs.o
       732        104          0         20       1088       4783   iap.o
       418          0          0          0          0       3794   led.o
     24760       1232        937        297       1166      56703   maintask.o
         0          0          0          0          0        636   modem.o
      1596          6          6          0          0       7756   mt625.o
      1346         68          0          0          0       9887   myalglib.o
       312         36          0          1          0       2872   nettask.o
      1850        352        264         76       5240      15855   os_core.o
       244         40          0          0          0        336   os_cpu_a.o
       302         18          0          4          0      51355   os_cpu_c.o
        52         10          0          0          0        514   os_flag.o
        68          8          0          0          0        469   os_mem.o
       908         64          0          0          0       2820   os_mutex.o
        48         10          0          0          0        487   os_q.o
       326         18          0          0          0       2174   os_sem.o
       188         12          0          0          0       1370   os_task.o
       254         14          0          0          0       1356   os_time.o
      7706        688          0         14       1564      84637   para.o
     15706       2508          0        310       2596      75224   protocol.o
      2184        310          0          0      11128      12192   record.o
       184          0          0          0          0       1040   relay.o
       118          0          0          0          0       2334   rs485.o
       156         18          0          0          0       1995   rtc.o
      2668         80          0         14         16       7010   socket.o
       788         46          0          0          0       1811   spi.o
        28          4        228          0        512        776   startup_lpc177x_8x.o
       204         16          0         16          0        861   system_lpc177x_8x.o
       184         28          0          4          0      17963   timer.o
      2974        164          0          0       5140      24685   uart.o
      1090         16          0          0          0       5854   w5500.o
        76          8          0          8          0        458   wdg.o
      1638         84          0         45          0      19453   wizchip_conf.o
       878         14          0          0        516      14843   xrd.o

    ----------------------------------------------------------------------
     91098       8286       1502        932      68676     586988   Object Totals
         0          0         64          0          0          0   (incl. Generated)
        54          0          3         15          2          0   (incl. Padding)

    ----------------------------------------------------------------------

      Code (inc. data)   RO Data    RW Data    ZI Data      Debug   Library Member Name

       236         32         16          0          0       6464   encrypt.o
      2648         82        523         12        176       8764   libaes.o
      2376        268          0         64          0       4914   md5.o
       398         28          0          0          0       4260   diskio.o
      7368        118         44         11          0      30671   ff.o
       920         68          0         76       4223      10844   lpc177x_8x_usbhost.o
       498          0          0          0          0       5322   serial_flash.o
         0          0          0         10         36        935   usb.o
      1172        116          0          8          0       7258   usbhost_ms.o
        56          8          0          0          0         84   __0sscanf.o
        86          0          0          0          0          0   __dczerorl2.o
        28          0          0          0          0         68   _chval.o
       812          4          0          0          0        112   _scanf.o
       332          0          0          0          0         96   _scanf_int.o
        64          0          0          0          0         84   _sgetc.o
       158          0          0          0          0         92   _strtoul.o
        26          0          0          0          0         80   atoi.o
         8          4        133          0          0         68   ctype_o.o
         0          0          0          0          0          0   entry.o
         0          0          0          0          0          0   entry10a.o
         0          0          0          0          0          0   entry11a.o
         8          4          0          0          0          0   entry2.o
         4          0          0          0          0          0   entry5.o
         0          0          0          0          0          0   entry7b.o
         0          0          0          0          0          0   entry8b.o
         8          4          0          0          0          0   entry9a.o
         8          4          0          4          0         68   errno.o
        30          0          0          0          0          0   handlers.o
        36          8          0          0          0         68   init.o
        18          0          0          0          0         76   isspace_o.o
        98          0          0          0          0         84   ldiv.o
        30          0          0          0          0         68   llshl.o
        32          0          0          0          0         68   llushr.o
        26          0          0          0          0         80   memcmp.o
        36          0          0          0          0         68   memcpya.o
        36          0          0          0          0        108   memseta.o
      1172         50          0          0          0        420   printf8.o
        40          8          0          0          0         84   scanf_char.o
        24          0          0          0          0         68   strcat.o
        20          0          0          0          0         68   strchr.o
        14          0          0          0          0         68   strlen.o
       112          0          0          0          0         88   strtol.o
        98          0          0          0          0         92   uldiv.o

    ----------------------------------------------------------------------
     19060        806        716        188       6300      81692   Library Totals
        24          0          0          3       1865          0   (incl. Padding)

    ----------------------------------------------------------------------

      Code (inc. data)   RO Data    RW Data    ZI Data      Debug   Library Name

      5260        382        539         76        176      20142   ENCRYPT.lib
     10356        330         44        105       4259      59290   USBFS10.lib
      3420         94        133          4          0       2260   mc_w.l

    ----------------------------------------------------------------------
     19060        806        716        188       6300      81692   Library Totals

    ----------------------------------------------------------------------

==============================================================================


      Code (inc. data)   RO Data    RW Data    ZI Data      Debug   

    110158       9092       2218       1120      74976     638908   Grand Totals
    110158       9092       2218        636      74976     638908   ELF Image Totals (compressed)
    110158       9092       2218        636          0          0   ROM Totals

==============================================================================

    Total RO  Size (Code + RO Data)               112376 ( 109.74kB)
    Total RW  Size (RW Data + ZI Data)             76096 (  74.31kB)
    Total ROM Size (Code + RO Data + RW Data)     113012 ( 110.36kB)

==============================================================================

